Component: Arm Compiler for Embedded 6.18 Tool: armlink [5e4cc100]

==============================================================================

Section Cross References

    startup_stm32f103xe.o(STACK) refers (Special) to heapauxi.o(.text) for __use_two_region_memory
    startup_stm32f103xe.o(HEAP) refers (Special) to heapauxi.o(.text) for __use_two_region_memory
    startup_stm32f103xe.o(RESET) refers (Special) to heapauxi.o(.text) for __use_two_region_memory
    startup_stm32f103xe.o(RESET) refers to startup_stm32f103xe.o(STACK) for __initial_sp
    startup_stm32f103xe.o(RESET) refers to startup_stm32f103xe.o(.text) for Reset_Handler
    startup_stm32f103xe.o(RESET) refers to stm32f1xx_it.o(.text.NMI_Handler) for NMI_Handler
    startup_stm32f103xe.o(RESET) refers to context_rvds.o(.text) for HardFault_Handler
    startup_stm32f103xe.o(RESET) refers to stm32f1xx_it.o(.text.MemManage_Handler) for MemManage_Handler
    startup_stm32f103xe.o(RESET) refers to stm32f1xx_it.o(.text.BusFault_Handler) for BusFault_Handler
    startup_stm32f103xe.o(RESET) refers to stm32f1xx_it.o(.text.UsageFault_Handler) for UsageFault_Handler
    startup_stm32f103xe.o(RESET) refers to stm32f1xx_it.o(.text.DebugMon_Handler) for DebugMon_Handler
    startup_stm32f103xe.o(RESET) refers to board.o(.text.SysTick_Handler) for SysTick_Handler
    startup_stm32f103xe.o(RESET) refers to stm32f1xx_it.o(.text.DMA1_Channel2_IRQHandler) for DMA1_Channel2_IRQHandler
    startup_stm32f103xe.o(RESET) refers to stm32f1xx_it.o(.text.DMA1_Channel3_IRQHandler) for DMA1_Channel3_IRQHandler
    startup_stm32f103xe.o(RESET) refers to stm32f1xx_it.o(.text.DMA1_Channel6_IRQHandler) for DMA1_Channel6_IRQHandler
    startup_stm32f103xe.o(RESET) refers to stm32f1xx_it.o(.text.TIM3_IRQHandler) for TIM3_IRQHandler
    startup_stm32f103xe.o(RESET) refers to stm32f1xx_it.o(.text.USART3_IRQHandler) for USART3_IRQHandler
    startup_stm32f103xe.o(.text) refers (Special) to heapauxi.o(.text) for __use_two_region_memory
    startup_stm32f103xe.o(.text) refers to system_stm32f1xx.o(.text.SystemInit) for SystemInit
    startup_stm32f103xe.o(.text) refers to __main.o(!!!main) for __main
    startup_stm32f103xe.o(.text) refers to startup_stm32f103xe.o(HEAP) for Heap_Mem
    startup_stm32f103xe.o(.text) refers to startup_stm32f103xe.o(STACK) for Stack_Mem
    main.o(.text) refers (Special) to _printf_percent.o(.ARM.Collect$$_printf_percent$$00000000) for _printf_percent
    main.o(.text) refers (Special) to _printf_pad.o(.text) for _printf_pre_padding
    main.o(.text) refers (Special) to _printf_s.o(.ARM.Collect$$_printf_percent$$00000014) for _printf_s
    main.o(.text) refers (Special) to _printf_x.o(.ARM.Collect$$_printf_percent$$0000000C) for _printf_x
    main.o(.text) refers (Special) to _printf_hex_int.o(.text) for _printf_longlong_hex
    main.o(.text) refers (Special) to _printf_str.o(.text) for _printf_str
    main.o(.text) refers (Special) to _scanf_str.o(.text) for _scanf_string
    main.o(.text.main) refers (Special) to _printf_percent.o(.ARM.Collect$$_printf_percent$$00000000) for _printf_percent
    main.o(.text.main) refers (Special) to _printf_pad.o(.text) for _printf_pre_padding
    main.o(.text.main) refers (Special) to _printf_s.o(.ARM.Collect$$_printf_percent$$00000014) for _printf_s
    main.o(.text.main) refers (Special) to _printf_x.o(.ARM.Collect$$_printf_percent$$0000000C) for _printf_x
    main.o(.text.main) refers (Special) to _printf_hex_int.o(.text) for _printf_longlong_hex
    main.o(.text.main) refers (Special) to _printf_str.o(.text) for _printf_str
    main.o(.text.main) refers (Special) to _scanf_str.o(.text) for _scanf_string
    main.o(.text.main) refers to stm32f1xx_hal.o(.text.HAL_Init) for HAL_Init
    main.o(.text.main) refers to stm32f1xx_hal_rcc.o(.text.HAL_RCC_OscConfig) for HAL_RCC_OscConfig
    main.o(.text.main) refers to stm32f1xx_hal_rcc.o(.text.HAL_RCC_ClockConfig) for HAL_RCC_ClockConfig
    main.o(.text.main) refers to main.o(.bss..L_MergedGlobals) for .L_MergedGlobals
    main.o(.text.main) refers to tim.o(.bss.htim1) for htim1
    main.o(.text.main) refers to rgb.o(.text.RGB_LED_Init) for RGB_LED_Init
    main.o(.text.main) refers to gpio.o(.text.MX_GPIO_Init) for MX_GPIO_Init
    main.o(.text.main) refers to dma.o(.text.MX_DMA_Init) for MX_DMA_Init
    main.o(.text.main) refers to tim.o(.text.MX_TIM1_Init) for MX_TIM1_Init
    main.o(.text.main) refers to usart.o(.text.MX_USART2_UART_Init) for MX_USART2_UART_Init
    main.o(.text.main) refers to usart.o(.text.MX_USART3_UART_Init) for MX_USART3_UART_Init
    main.o(.text.main) refers to easyflash.o(.text.easyflash_init) for easyflash_init
    main.o(.text.main) refers to kservice.o(.text.rt_kprintf) for rt_kprintf
    main.o(.text.main) refers to main.o(.text.data_init) for data_init
    main.o(.text.main) refers to main.o(.text.commandParsingTask) for commandParsingTask
    main.o(.text.main) refers to thread.o(.text.rt_thread_create) for rt_thread_create
[...]
    rt_object_delete                         0x0800c3bd   Thumb Code    44  object.o(.text.rt_object_delete)
    rt_object_detach                         0x0800c3e9   Thumb Code    36  object.o(.text.rt_object_detach)
    rt_object_get_information                0x0800c40d   Thumb Code    42  object.o(.text.rt_object_get_information)
    rt_object_init                           0x0800c439   Thumb Code   126  object.o(.text.rt_object_init)
    rt_object_is_systemobject                0x0800c4b9   Thumb Code     6  object.o(.text.rt_object_is_systemobject)
    rt_schedule                              0x0800c4c1   Thumb Code   114  scheduler.o(.text.rt_schedule)
    rt_schedule_insert_thread                0x0800c535   Thumb Code    82  scheduler.o(.text.rt_schedule_insert_thread)
    rt_schedule_remove_thread                0x0800c589   Thumb Code    86  scheduler.o(.text.rt_schedule_remove_thread)
    rt_sem_init                              0x0800c5e1   Thumb Code    32  ipc.o(.text.rt_sem_init)
    rt_sem_release                           0x0800c601   Thumb Code    82  ipc.o(.text.rt_sem_release)
    rt_sem_take                              0x0800c655   Thumb Code   252  ipc.o(.text.rt_sem_take)
    rt_show_version                          0x0800c751   Thumb Code    48  kservice.o(.text.rt_show_version)
    rt_strdup                                0x0800c809   Thumb Code   340  kservice.o(.text.rt_strdup)
    strdup                                   0x0800c809   Thumb Code   340  kservice.o(.text.rt_strdup)
    rt_strlen                                0x0800c95d   Thumb Code    58  kservice.o(.text.rt_strlen)
    rt_strncpy                               0x0800c999   Thumb Code   134  kservice.o(.text.rt_strncpy)
    rt_system_heap_init                      0x0800ca21   Thumb Code   112  mem.o(.text.rt_system_heap_init)
    rt_system_scheduler_init                 0x0800cad5   Thumb Code   298  scheduler.o(.text.rt_system_scheduler_init)
    rt_system_scheduler_start                0x0800cc01   Thumb Code    48  scheduler.o(.text.rt_system_scheduler_start)
    rt_system_timer_init                     0x0800cc31   Thumb Code    16  timer.o(.text.rt_system_timer_init)
    rt_system_timer_thread_init              0x0800cc41   Thumb Code     2  timer.o(.text.rt_system_timer_thread_init)
    rt_thread_create                         0x0800cc45   Thumb Code   176  thread.o(.text.rt_thread_create)
    rt_thread_exit                           0x0800ccf5   Thumb Code   122  thread.o(.text.rt_thread_exit)
    rt_thread_idle_init                      0x0800cdb1   Thumb Code    72  idle.o(.text.rt_thread_idle_init)
    rt_thread_init                           0x0800ce01   Thumb Code   142  thread.o(.text.rt_thread_init)
    rt_thread_mdelay                         0x0800ce91   Thumb Code    14  thread.o(.text.rt_thread_mdelay)
    rt_thread_resume                         0x0800cea1   Thumb Code    70  thread.o(.text.rt_thread_resume)
    rt_thread_self                           0x0800cee9   Thumb Code    12  thread.o(.text.rt_thread_self)
    rt_thread_sleep                          0x0800cef5   Thumb Code   120  thread.o(.text.rt_thread_sleep)
    rt_thread_startup                        0x0800cf6d   Thumb Code    92  thread.o(.text.rt_thread_startup)
    rt_thread_suspend                        0x0800cfc9   Thumb Code    66  thread.o(.text.rt_thread_suspend)
    rt_thread_timeout                        0x0800d00d   Thumb Code    40  thread.o(.text.rt_thread_timeout)
    rt_thread_yield                          0x0800d035   Thumb Code   100  thread.o(.text.rt_thread_yield)
    rt_tick_from_millisecond                 0x0800d099   Thumb Code    52  clock.o(.text.rt_tick_from_millisecond)
    rt_tick_get                              0x0800d0cd   Thumb Code    12  clock.o(.text.rt_tick_get)
    rt_tick_increase                         0x0800d0d9   Thumb Code    52  clock.o(.text.rt_tick_increase)
    rt_timer_check                           0x0800d10d   Thumb Code   344  timer.o(.text.rt_timer_check)
    rt_timer_control                         0x0800d265   Thumb Code   104  timer.o(.text.rt_timer_control)
    rt_timer_detach                          0x0800d2cd   Thumb Code    48  timer.o(.text.rt_timer_detach)
    rt_timer_init                            0x0800d2fd   Thumb Code    50  timer.o(.text.rt_timer_init)
    rt_timer_start                           0x0800d331   Thumb Code   202  timer.o(.text.rt_timer_start)
    rt_timer_stop                            0x0800d3fd   Thumb Code    56  timer.o(.text.rt_timer_stop)
    rt_vsnprintf                             0x0800d435   Thumb Code  2086  kservice.o(.text.rt_vsnprintf)
    sendData                                 0x0800dc6d   Thumb Code    76  usart.o(.text.sendData)
    setDualColorToEnv                        0x0800dcd1   Thumb Code   132  main.o(.text.setDualColorToEnv)
    version                                  0x0800e169   Thumb Code    10  cmd.o(.text.version)
    _btod_d2e                                0x0800e173   Thumb Code    62  btod.o(CL$$btod_d2e)
    _d2e_denorm_low                          0x0800e1b1   Thumb Code    70  btod.o(CL$$btod_d2e_denorm_low)
    _d2e_norm_op1                            0x0800e1f7   Thumb Code    96  btod.o(CL$$btod_d2e_norm_op1)
    __btod_div_common                        0x0800e259   Thumb Code   696  btod.o(CL$$btod_div_common)
    _e2e                                     0x0800e591   Thumb Code   220  btod.o(CL$$btod_e2e)
    _btod_ediv                               0x0800e66d   Thumb Code    42  btod.o(CL$$btod_ediv)
    _btod_emul                               0x0800e697   Thumb Code    42  btod.o(CL$$btod_emul)
    __btod_mult_common                       0x0800e6c1   Thumb Code   580  btod.o(CL$$btod_mult_common)
    __ARM_fpclassify                         0x0800e905   Thumb Code    40  fpclassify.o(i.__ARM_fpclassify)
    __kernel_poly                            0x0800e92d   Thumb Code   170  poly.o(i.__kernel_poly)
    __mathlib_dbl_divzero                    0x0800e9d9   Thumb Code    12  dunder.o(i.__mathlib_dbl_divzero)
    __mathlib_dbl_infnan2                    0x0800e9e9   Thumb Code     4  dunder.o(i.__mathlib_dbl_infnan2)
    __mathlib_dbl_invalid                    0x0800e9ed   Thumb Code    12  dunder.o(i.__mathlib_dbl_invalid)
    __mathlib_dbl_overflow                   0x0800e9f9   Thumb Code    14  dunder.o(i.__mathlib_dbl_overflow)
    __mathlib_dbl_underflow                  0x0800ea09   Thumb Code    10  dunder.o(i.__mathlib_dbl_underflow)
    _is_digit                                0x0800ea19   Thumb Code    14  __printf_wp.o(i._is_digit)
    floor                                    0x0800ea29   Thumb Code   204  floor.o(i.floor)
    pow                                      0x0800eb05   Thumb Code  2532  pow.o(i.pow)
    sqrt                                     0x0800f4f1   Thumb Code    76  sqrt.o(i.sqrt)
    _get_lc_ctype                            0x0800f53d   Thumb Code    44  lc_ctype_c.o(locale$$code)
    _get_lc_numeric                          0x0800f569   Thumb Code    44  lc_numeric_c.o(locale$$code)
    __aeabi_dadd                             0x0800f595   Thumb Code     0  daddsub_clz.o(x$fpl$dadd)
    _dadd                                    0x0800f595   Thumb Code   332  daddsub_clz.o(x$fpl$dadd)
    __fpl_dcheck_NaN1                        0x0800f6e5   Thumb Code    10  dcheck1.o(x$fpl$dcheck1)
    __fpl_dcmp_Inf                           0x0800f6f5   Thumb Code    24  dcmpi.o(x$fpl$dcmpinf)
    __aeabi_ddiv                             0x0800f70d   Thumb Code     0  ddiv.o(x$fpl$ddiv)
    _ddiv                                    0x0800f70d   Thumb Code   556  ddiv.o(x$fpl$ddiv)
    __aeabi_cdcmpeq                          0x0800f9c1   Thumb Code     0  deqf.o(x$fpl$deqf)
    _dcmpeq                                  0x0800f9c1   Thumb Code   120  deqf.o(x$fpl$deqf)
    __aeabi_d2iz                             0x0800fa39   Thumb Code     0  dfix.o(x$fpl$dfix)
    _dfix                                    0x0800fa39   Thumb Code    94  dfix.o(x$fpl$dfix)
    __aeabi_i2d                              0x0800fa97   Thumb Code     0  dflt_clz.o(x$fpl$dflt)
    _dflt                                    0x0800fa97   Thumb Code    46  dflt_clz.o(x$fpl$dflt)
    __aeabi_cdcmpge                          0x0800fac5   Thumb Code     0  dgeqf.o(x$fpl$dgeqf)
    _dcmpge                                  0x0800fac5   Thumb Code   120  dgeqf.o(x$fpl$dgeqf)
    __aeabi_cdcmple                          0x0800fb3d   Thumb Code     0  dleqf.o(x$fpl$dleqf)
    _dcmple                                  0x0800fb3d   Thumb Code   120  dleqf.o(x$fpl$dleqf)
    __fpl_dcmple_InfNaN                      0x0800fb9f   Thumb Code     0  dleqf.o(x$fpl$dleqf)
    __aeabi_dmul                             0x0800fbb5   Thumb Code     0  dmul.o(x$fpl$dmul)
    _dmul                                    0x0800fbb5   Thumb Code   332  dmul.o(x$fpl$dmul)
    __fpl_dnaninf                            0x0800fd09   Thumb Code   156  dnaninf.o(x$fpl$dnaninf)
    __fpl_dretinf                            0x0800fda5   Thumb Code    12  dretinf.o(x$fpl$dretinf)
    __aeabi_cdrcmple                         0x0800fdb1   Thumb Code     0  drleqf.o(x$fpl$drleqf)
    _drcmple                                 0x0800fdb1   Thumb Code   108  drleqf.o(x$fpl$drleqf)
    __aeabi_drsub                            0x0800fe1d   Thumb Code     0  daddsub_clz.o(x$fpl$drsb)
    _drsb                                    0x0800fe1d   Thumb Code    22  daddsub_clz.o(x$fpl$drsb)
    _dsqrt                                   0x0800fe35   Thumb Code   456  dsqrt_noumaal.o(x$fpl$dsqrt)
    __aeabi_dsub                             0x08010001   Thumb Code     0  daddsub_clz.o(x$fpl$dsub)
    _dsub                                    0x08010001   Thumb Code   472  daddsub_clz.o(x$fpl$dsub)
    __aeabi_dcmpeq                           0x080101dd   Thumb Code     0  dcmp.o(x$fpl$fcmp)
    _deq                                     0x080101dd   Thumb Code    14  dcmp.o(x$fpl$fcmp)
    _dneq                                    0x080101eb   Thumb Code    14  dcmp.o(x$fpl$fcmp)
    __aeabi_dcmpgt                           0x080101f9   Thumb Code     0  dcmp.o(x$fpl$fcmp)
    _dgr                                     0x080101f9   Thumb Code    14  dcmp.o(x$fpl$fcmp)
    __aeabi_dcmpge                           0x08010207   Thumb Code     0  dcmp.o(x$fpl$fcmp)
    _dgeq                                    0x08010207   Thumb Code    14  dcmp.o(x$fpl$fcmp)
    __aeabi_dcmple                           0x08010215   Thumb Code     0  dcmp.o(x$fpl$fcmp)
    _dleq                                    0x08010215   Thumb Code    14  dcmp.o(x$fpl$fcmp)
    __aeabi_dcmplt                           0x08010223   Thumb Code     0  dcmp.o(x$fpl$fcmp)
    _dls                                     0x08010223   Thumb Code    14  dcmp.o(x$fpl$fcmp)
    _printf_fp_dec                           0x08010231   Thumb Code     4  printf1.o(x$fpl$printf1)
    __fpl_return_NaN                         0x08010235   Thumb Code   100  retnan.o(x$fpl$retnan)
    __ARM_scalbn                             0x08010299   Thumb Code    92  scalbn.o(x$fpl$scalbn)
    __fpl_cmpreturn                          0x080102f5   Thumb Code    48  trapv.o(x$fpl$trapveneer)
    __I$use$fp                               0x08010324   Number         0  usenofp.o(x$fpl$usenofp)
    __mathlib_zero                           0x080103e8   Data           8  qnan.o(.constdata)
    AHBPrescTable                            0x08010486   Data          16  system_stm32f1xx.o(.rodata.AHBPrescTable)
    APBPrescTable                            0x08010496   Data           8  system_stm32f1xx.o(.rodata.APBPrescTable)
    __lowest_bit_bitmap                      0x080104a0   Data         256  kservice.o(.rodata.__lowest_bit_bitmap)
    __fsym_list_mem_name                     0x08010a94   Data           9  mem.o(.rodata.name)
    __fsym_list_mem_desc                     0x08010a9d   Data          30  mem.o(.rodata.name)
    __fsym_hello_name                        0x08010abb   Data           6  cmd.o(.rodata.name)
    __fsym_hello_desc                        0x08010ac1   Data          16  cmd.o(.rodata.name)
    __fsym_version_name                      0x08010ad1   Data           8  cmd.o(.rodata.name)
    __fsym_version_desc                      0x08010ad9   Data          35  cmd.o(.rodata.name)
    __fsym___cmd_version_name                0x08010afc   Data          14  cmd.o(.rodata.name)
    __fsym___cmd_version_desc                0x08010b0a   Data          35  cmd.o(.rodata.name)
    __fsym_list_thread_name                  0x08010b2d   Data          12  cmd.o(.rodata.name)
    __fsym_list_thread_desc                  0x08010b39   Data          12  cmd.o(.rodata.name)
    __fsym___cmd_list_thread_name            0x08010b45   Data          18  cmd.o(.rodata.name)
    __fsym___cmd_list_thread_desc            0x08010b57   Data          12  cmd.o(.rodata.name)
    __fsym_list_sem_name                     0x08010b63   Data           9  cmd.o(.rodata.name)
    __fsym_list_sem_desc                     0x08010b6c   Data          25  cmd.o(.rodata.name)
    __fsym___cmd_list_sem_name               0x08010b85   Data          15  cmd.o(.rodata.name)
    __fsym___cmd_list_sem_desc               0x08010b94   Data          25  cmd.o(.rodata.name)
    __fsym_list_timer_name                   0x08010bad   Data          11  cmd.o(.rodata.name)
    __fsym_list_timer_desc                   0x08010bb8   Data          21  cmd.o(.rodata.name)
    __fsym___cmd_list_timer_name             0x08010bcd   Data          17  cmd.o(.rodata.name)
    __fsym___cmd_list_timer_desc             0x08010bde   Data          21  cmd.o(.rodata.name)
    __fsym_list_name                         0x08010bf3   Data           5  cmd.o(.rodata.name)
    __fsym_list_desc                         0x08010bf8   Data          26  cmd.o(.rodata.name)
    __fsym___cmd_help_name                   0x08010c12   Data          11  msh.o(.rodata.name)
    __fsym___cmd_help_desc                   0x08010c1d   Data          22  msh.o(.rodata.name)
    __fsym___cmd_ps_name                     0x08010c33   Data           9  msh.o(.rodata.name)
    __fsym___cmd_ps_desc                     0x08010c3c   Data          28  msh.o(.rodata.name)
    __fsym___cmd_free_name                   0x08010c58   Data          11  msh.o(.rodata.name)
    __fsym___cmd_free_desc                   0x08010c63   Data          37  msh.o(.rodata.name)
    __rt_init_rti_start                      0x080113f8   Data           4  components.o(.rti_fn.0)
    __rt_init_rti_board_start                0x080113fc   Data           4  components.o(.rti_fn.0.end)
    __rt_init_uart_init                      0x08011400   Data           4  board.o(.rti_fn.1)
    __rt_init_rti_board_end                  0x08011404   Data           4  components.o(.rti_fn.1.end)
    __rt_init_finsh_system_init              0x08011408   Data           4  shell.o(.rti_fn.6)
    __rt_init_rti_end                        0x0801140c   Data           4  components.o(.rti_fn.6.end)
    FSymTab$$Base                            0x08011410   Number         0  mem.o(FSymTab)
    __fsym_list_mem                          0x08011410   Data          12  mem.o(FSymTab)
    __fsym_hello                             0x0801141c   Data          12  cmd.o(FSymTab)
    __fsym_version                           0x08011428   Data          12  cmd.o(FSymTab)
    __fsym___cmd_version                     0x08011434   Data          12  cmd.o(FSymTab)
    __fsym_list_thread                       0x08011440   Data          12  cmd.o(FSymTab)
    __fsym___cmd_list_thread                 0x0801144c   Data          12  cmd.o(FSymTab)
    __fsym_list_sem                          0x08011458   Data          12  cmd.o(FSymTab)
    __fsym___cmd_list_sem                    0x08011464   Data          12  cmd.o(FSymTab)
    __fsym_list_timer                        0x08011470   Data          12  cmd.o(FSymTab)
    __fsym___cmd_list_timer                  0x0801147c   Data          12  cmd.o(FSymTab)
    __fsym_list                              0x08011488   Data          12  cmd.o(FSymTab)
    __fsym___cmd_help                        0x08011494   Data          12  msh.o(FSymTab)
    __fsym___cmd_ps                          0x080114a0   Data          12  msh.o(FSymTab)
    __fsym___cmd_free                        0x080114ac   Data          12  msh.o(FSymTab)
    FSymTab$$Limit                           0x080114b8   Number         0  msh.o(FSymTab)
    Region$$Table$$Base                      0x080114b8   Number         0  anon$$obj.o(Region$$Table)
    Region$$Table$$Limit                     0x080114d8   Number         0  anon$$obj.o(Region$$Table)
    __ctype                                  0x080114e5   Data           0  lc_ctype_c.o(locale$$data)
    uwTickFreq                               0x20000000   Data           1  stm32f1xx_hal.o(.data..L_MergedGlobals)
    uwTickPrio                               0x20000004   Data           4  stm32f1xx_hal.o(.data..L_MergedGlobals)
    SystemCoreClock                          0x20000010   Data           4  system_stm32f1xx.o(.data.SystemCoreClock)
    green                                    0x20000014   Data           4  ef_port.o(.data.green)
    mode_id                                  0x20000018   Data           4  main.o(.data.mode_id)
    red                                      0x2000001c   Data           4  ef_port.o(.data.red)
    __libspace_start                         0x20000050   Data          96  libspace.o(.bss)
    __temporary_stack_top$libspace           0x200000b0   Data           0  libspace.o(.bss)
    temp_enable                              0x200000b0   Data           1  main.o(.bss..L_MergedGlobals)
    usart3_c                                 0x200000b1   Data           1  main.o(.bss..L_MergedGlobals)
    command_able                             0x200000b4   Data           4  main.o(.bss..L_MergedGlobals)
    processJsonThread                        0x200000b8   Data           4  main.o(.bss..L_MergedGlobals)
    current                                  0x200000bc   Data           4  main.o(.bss..L_MergedGlobals)
    temp_color_1                             0x200000c0   Data           4  main.o(.bss..L_MergedGlobals)
    temp_color_2                             0x200000c4   Data           4  main.o(.bss..L_MergedGlobals)
    color_set                                0x200000c8   Data           4  main.o(.bss..L_MergedGlobals)
    usart3_rx_index                          0x200000cc   Data           4  main.o(.bss..L_MergedGlobals)
    rgb_test                                 0x200000d0   Data          16  main.o(.bss..L_MergedGlobals)
    standby                                  0x200000e0   Data          16  main.o(.bss..L_MergedGlobals)
    day                                      0x200000f0   Data          16  main.o(.bss..L_MergedGlobals)
    night                                    0x20000100   Data          16  main.o(.bss..L_MergedGlobals)
    temp                                     0x20000110   Data          16  main.o(.bss..L_MergedGlobals)
    rt_current_priority                      0x20000158   Data           1  scheduler.o(.bss..L_MergedGlobals)
    rt_current_thread                        0x2000015c   Data           4  scheduler.o(.bss..L_MergedGlobals)
    rt_thread_ready_priority_group           0x20000160   Data           4  scheduler.o(.bss..L_MergedGlobals)
    rt_thread_defunct                        0x20000164   Data           8  scheduler.o(.bss..L_MergedGlobals)
    led_index                                0x20000178   Data           4  rgb.o(.bss..L_MergedGlobals)
    leds                                     0x2000017c   Data           4  rgb.o(.bss..L_MergedGlobals)
    sector_cache_table                       0x200001a8   Data          32  ef_env.o(.bss..L_MergedGlobals)
    _syscall_table_begin                     0x200001c8   Data           4  shell.o(.bss..L_MergedGlobals)
    _syscall_table_end                       0x200001cc   Data           4  shell.o(.bss..L_MergedGlobals)
    _sysvar_table_begin                      0x200001d0   Data           4  shell.o(.bss..L_MergedGlobals)
    _sysvar_table_end                        0x200001d4   Data           4  shell.o(.bss..L_MergedGlobals)
    shell                                    0x200001dc   Data           4  shell.o(.bss..L_MergedGlobals)
    color_get                                0x20000228   Data          16  main.o(.bss.color_get)
    env_cache_table                          0x2000023c   Data         128  ef_env.o(.bss.env_cache_table)
    hdma_tim1_ch1                            0x20000344   Data          68  tim.o(.bss.hdma_tim1_ch1)
    hdma_tim1_ch2                            0x20000388   Data          68  tim.o(.bss.hdma_tim1_ch2)
    hdma_tim1_ch3                            0x200003cc   Data          68  tim.o(.bss.hdma_tim1_ch3)
    htim1                                    0x20000410   Data          72  tim.o(.bss.htim1)
    htim3                                    0x20000458   Data          72  stm32f1xx_hal_timebase_tim.o(.bss.htim3)
    huart2                                   0x200004a0   Data          72  usart.o(.bss.huart2)
    huart3                                   0x200004e8   Data          72  usart.o(.bss.huart3)
    pFlash                                   0x200005a8   Data          32  stm32f1xx_hal_flash.o(.bss.pFlash)
    rt_interrupt_from_thread                 0x200041cc   Data           4  cpuport.o(.bss.rt_interrupt_from_thread)
    rt_interrupt_nest                        0x200041d0   Data           1  irq.o(.bss.rt_interrupt_nest)
    rt_interrupt_to_thread                   0x200041d4   Data           4  cpuport.o(.bss.rt_interrupt_to_thread)
    rt_thread_priority_table                 0x20004258   Data         256  scheduler.o(.bss.rt_thread_priority_table)
    rt_thread_switch_interrupt_flag          0x20004458   Data           4  cpuport.o(.bss.rt_thread_switch_interrupt_flag)
    usart3_rx_buffer                         0x20006c98   Data         250  main.o(.bss.usart3_rx_buffer)
    uwTick                                   0x20006d94   Data           4  stm32f1xx_hal.o(.bss.uwTick)



==============================================================================

Memory Map of the image

  Image Entry point : 0x08000131

  Load Region LR_IROM1 (Base: 0x08000000, Size: 0x00011658, Max: 0x00040000, ABSOLUTE)

    Execution Region ER_IROM1 (Exec base: 0x08000000, Load base: 0x08000000, Size: 0x00011604, Max: 0x00040000, ABSOLUTE)

    Exec Addr    Load Addr    Size         Type   Attr      Idx    E Section Name        Object

    0x08000000   0x08000000   0x00000130   Data   RO            3    RESET               startup_stm32f103xe.o
    0x08000130   0x08000130   0x00000008   Code   RO         1915  * !!!main             c_w.l(__main.o)
    0x08000138   0x08000138   0x00000034   Code   RO         2323    !!!scatter          c_w.l(__scatter.o)
    0x0800016c   0x0800016c   0x0000001a   Code   RO         2325    !!handler_copy      c_w.l(__scatter_copy.o)
    0x08000186   0x08000186   0x00000002   PAD
    0x08000188   0x08000188   0x0000001c   Code   RO         2327    !!handler_zi        c_w.l(__scatter_zi.o)
    0x080001a4   0x080001a4   0x00000000   Code   RO         1886    .ARM.Collect$$_printf_percent$$00000000  c_w.l(_printf_percent.o)
    0x080001a4   0x080001a4   0x00000006   Code   RO         1884    .ARM.Collect$$_printf_percent$$00000003  c_w.l(_printf_f.o)
    0x080001aa   0x080001aa   0x00000006   Code   RO         1885    .ARM.Collect$$_printf_percent$$00000004  c_w.l(_printf_e.o)
    0x080001b0   0x080001b0   0x00000006   Code   RO         1883    .ARM.Collect$$_printf_percent$$00000009  c_w.l(_printf_d.o)
    0x080001b6   0x080001b6   0x00000006   Code   RO         1882    .ARM.Collect$$_printf_percent$$0000000C  c_w.l(_printf_x.o)
    0x080001bc   0x080001bc   0x00000006   Code   RO         1881    .ARM.Collect$$_printf_percent$$00000014  c_w.l(_printf_s.o)
    0x080001c2   0x080001c2   0x00000004   Code   RO         2021    .ARM.Collect$$_printf_percent$$00000017  c_w.l(_printf_percent_end.o)
    0x080001c6   0x080001c6   0x00000002   Code   RO         2252    .ARM.Collect$$libinit$$00000000  c_w.l(libinit.o)
    0x080001c8   0x080001c8   0x00000000   Code   RO         2033    .ARM.Collect$$libinit$$00000002  c_w.l(libinit2.o)
    0x080001c8   0x080001c8   0x00000000   Code   RO         2035    .ARM.Collect$$libinit$$00000004  c_w.l(libinit2.o)
    0x080001c8   0x080001c8   0x00000000   Code   RO         2037    .ARM.Collect$$libinit$$00000006  c_w.l(libinit2.o)
    0x080001c8   0x080001c8   0x00000008   Code   RO         2038    .ARM.Collect$$libinit$$00000007  c_w.l(libinit2.o)
    0x080001d0   0x080001d0   0x00000000   Code   RO         2040    .ARM.Collect$$libinit$$0000000C  c_w.l(libinit2.o)
    0x080001d0   0x080001d0   0x00000000   Code   RO         2042    .ARM.Collect$$libinit$$0000000E  c_w.l(libinit2.o)
    0x080001d0   0x080001d0   0x00000000   Code   RO         2044    .ARM.Collect$$libinit$$00000010  c_w.l(libinit2.o)
    0x080001d0   0x080001d0   0x00000006   Code   RO         2045    .ARM.Collect$$libinit$$00000011  c_w.l(libinit2.o)
    0x080001d6   0x080001d6   0x00000000   Code   RO         2047    .ARM.Collect$$libinit$$00000013  c_w.l(libinit2.o)
    0x080001d6   0x080001d6   0x0000000c   Code   RO         2048    .ARM.Collect$$libinit$$00000014  c_w.l(libinit2.o)
    0x080001e2   0x080001e2   0x00000000   Code   RO         2049    .ARM.Collect$$libinit$$00000015  c_w.l(libinit2.o)
    0x080001e2   0x080001e2   0x00000000   Code   RO         2051    .ARM.Collect$$libinit$$00000017  c_w.l(libinit2.o)
    0x080001e2   0x080001e2   0x0000000a   Code   RO         2052    .ARM.Collect$$libinit$$00000018  c_w.l(libinit2.o)
    0x080001ec   0x080001ec   0x00000000   Code   RO         2053    .ARM.Collect$$libinit$$00000019  c_w.l(libinit2.o)
    0x080001ec   0x080001ec   0x00000000   Code   RO         2055    .ARM.Collect$$libinit$$0000001B  c_w.l(libinit2.o)
    0x080001ec   0x080001ec   0x00000000   Code   RO         2057    .ARM.Collect$$libinit$$0000001D  c_w.l(libinit2.o)
    0x080001ec   0x080001ec   0x00000000   Code   RO         2059    .ARM.Collect$$libinit$$0000001F  c_w.l(libinit2.o)
    0x080001ec   0x080001ec   0x00000000   Code   RO         2061    .ARM.Collect$$libinit$$00000021  c_w.l(libinit2.o)
    0x080001ec   0x080001ec   0x00000000   Code   RO         2063    .ARM.Collect$$libinit$$00000023  c_w.l(libinit2.o)
    0x080001ec   0x080001ec   0x00000000   Code   RO         2065    .ARM.Collect$$libinit$$00000025  c_w.l(libinit2.o)
    0x080001ec   0x080001ec   0x00000000   Code   RO         2067    .ARM.Collect$$libinit$$00000027  c_w.l(libinit2.o)
    0x080001ec   0x080001ec   0x00000000   Code   RO         2071    .ARM.Collect$$libinit$$0000002E  c_w.l(libinit2.o)
    0x080001ec   0x080001ec   0x00000000   Code   RO         2073    .ARM.Collect$$libinit$$00000030  c_w.l(libinit2.o)
    0x080001ec   0x080001ec   0x00000000   Code   RO         2075    .ARM.Collect$$libinit$$00000032  c_w.l(libinit2.o)
    0x080001ec   0x080001ec   0x00000000   Code   RO         2077    .ARM.Collect$$libinit$$00000034  c_w.l(libinit2.o)
    0x080001ec   0x080001ec   0x00000002   Code   RO         2078    .ARM.Collect$$libinit$$00000035  c_w.l(libinit2.o)
    0x080001ee   0x080001ee   0x00000002   Code   RO         2320    .ARM.Collect$$libshutdown$$00000000  c_w.l(libshutdown.o)
    0x080001f0   0x080001f0   0x00000000   Code   RO         2272    .ARM.Collect$$libshutdown$$00000002  c_w.l(libshutdown2.o)
    0x080001f0   0x080001f0   0x00000000   Code   RO         2274    .ARM.Collect$$libshutdown$$00000004  c_w.l(libshutdown2.o)
    0x080001f0   0x080001f0   0x00000000   Code   RO         2277    .ARM.Collect$$libshutdown$$00000007  c_w.l(libshutdown2.o)
    0x080001f0   0x080001f0   0x00000000   Code   RO         2280    .ARM.Collect$$libshutdown$$0000000A  c_w.l(libshutdown2.o)
    0x080001f0   0x080001f0   0x00000000   Code   RO         2282    .ARM.Collect$$libshutdown$$0000000C  c_w.l(libshutdown2.o)
    0x080001f0   0x080001f0   0x00000000   Code   RO         2285    .ARM.Collect$$libshutdown$$0000000F  c_w.l(libshutdown2.o)
    0x080001f0   0x080001f0   0x00000002   Code   RO         2286    .ARM.Collect$$libshutdown$$00000010  c_w.l(libshutdown2.o)
    0x080001f2   0x080001f2   0x00000000   Code   RO         1974    .ARM.Collect$$rtentry$$00000000  c_w.l(__rtentry.o)
    0x080001f2   0x080001f2   0x00000000   Code   RO         2133    .ARM.Collect$$rtentry$$00000002  c_w.l(__rtentry2.o)
    0x080001f2   0x080001f2   0x00000006   Code   RO         2145    .ARM.Collect$$rtentry$$00000004  c_w.l(__rtentry4.o)
    0x080001f8   0x080001f8   0x00000000   Code   RO         2135    .ARM.Collect$$rtentry$$00000009  c_w.l(__rtentry2.o)
    0x080001f8   0x080001f8   0x00000004   Code   RO         2136    .ARM.Collect$$rtentry$$0000000A  c_w.l(__rtentry2.o)
    0x080001fc   0x080001fc   0x00000000   Code   RO         2138    .ARM.Collect$$rtentry$$0000000C  c_w.l(__rtentry2.o)
    0x080001fc   0x080001fc   0x00000008   Code   RO         2139    .ARM.Collect$$rtentry$$0000000D  c_w.l(__rtentry2.o)
    0x08000204   0x08000204   0x00000002   Code   RO         2259    .ARM.Collect$$rtexit$$00000000  c_w.l(rtexit.o)
    0x08000206   0x08000206   0x00000000   Code   RO         2294    .ARM.Collect$$rtexit$$00000002  c_w.l(rtexit2.o)
    0x08000206   0x08000206   0x00000004   Code   RO         2295    .ARM.Collect$$rtexit$$00000003  c_w.l(rtexit2.o)
    0x0800020a   0x0800020a   0x00000006   Code   RO         2296    .ARM.Collect$$rtexit$$00000004  c_w.l(rtexit2.o)
    0x08000210   0x08000210   0x00000040   Code   RO            4    .text               startup_stm32f103xe.o
    0x08000250   0x08000250   0x000000f4   Code   RO          971    .text               context_rvds.o
    0x08000344   0x08000344   0x0000005e   Code   RO         1764    .text               c_w.l(h1_alloc.o)
    0x080003a2   0x080003a2   0x0000004e   Code   RO         1766    .text               c_w.l(h1_free.o)
    0x080003f0   0x080003f0   0x0000001a   Code   RO         1822    .text               c_w.l(tolower.o)
    0x0800040a   0x0800040a   0x00000002   PAD
    0x0800040c   0x0800040c   0x0000002c   Code   RO         1824    .text               c_w.l(__2sprintf.o)
    0x08000438   0x08000438   0x00000040   Code   RO         1826    .text               c_w.l(__2snprintf.o)
    0x08000478   0x08000478   0x0000004e   Code   RO         1834    .text               c_w.l(_printf_pad.o)
    0x080004c6   0x080004c6   0x00000052   Code   RO         1836    .text               c_w.l(_printf_str.o)
    0x08000518   0x08000518   0x00000078   Code   RO         1838    .text               c_w.l(_printf_dec.o)
    0x08000590   0x08000590   0x00000058   Code   RO         1843    .text               c_w.l(_printf_hex_int.o)
    0x080005e8   0x080005e8   0x00000138   Code   RO         1873    .text               c_w.l(__printf_flags_wp.o)
    0x08000720   0x08000720   0x0000003c   Code   RO         1887    .text               c_w.l(__0sscanf.o)
    0x0800075c   0x0800075c   0x000000e0   Code   RO         1889    .text               c_w.l(_scanf_str.o)
    0x0800083c   0x0800083c   0x00000070   Code   RO         1891    .text               c_w.l(strtol.o)
    0x080008ac   0x080008ac   0x00000048   Code   RO         1893    .text               c_w.l(strcpy.o)
    0x080008f4   0x080008f4   0x0000003e   Code   RO         1895    .text               c_w.l(strlen.o)
    0x08000932   0x08000932   0x00000014   Code   RO         1897    .text               c_w.l(memchr.o)
    0x08000946   0x08000946   0x00000096   Code   RO         1899    .text               c_w.l(strncmp.o)
    0x080009dc   0x080009dc   0x0000008a   Code   RO         1901    .text               c_w.l(rt_memcpy_v6.o)
    0x08000a66   0x08000a66   0x00000010   Code   RO         1903    .text               c_w.l(aeabi_memset.o)
    0x08000a76   0x08000a76   0x00000010   Code   RO         1905    .text               c_w.l(aeabi_memset4.o)
    0x08000a86   0x08000a86   0x00000044   Code   RO         1907    .text               c_w.l(rt_memclr.o)
    0x08000aca   0x08000aca   0x0000004e   Code   RO         1909    .text               c_w.l(rt_memclr_w.o)
    0x08000b18   0x08000b18   0x00000056   Code   RO         1911    .text               c_w.l(strncpy.o)
    0x08000b6e   0x08000b6e   0x00000006   Code   RO         1913    .text               c_w.l(heapauxi.o)
    0x08000b74   0x08000b74   0x00000010   Code   RO         1975    .text               c_w.l(rt_ctype_table.o)
    0x08000b84   0x08000b84   0x00000008   Code   RO         1980    .text               c_w.l(rt_heap_descriptor_intlibspace.o)
    0x08000b8c   0x08000b8c   0x00000008   Code   RO         1985    .text               c_w.l(rt_errno_addr_intlibspace.o)
    0x08000b94   0x08000b94   0x00000004   Code   RO         1987    .text               c_w.l(hguard.o)
    0x08000b98   0x08000b98   0x0000008a   Code   RO         1989    .text               c_w.l(init_alloc.o)
    0x08000c22   0x08000c22   0x0000000e   Code   RO         1993    .text               c_w.l(h1_init.o)
    0x08000c30   0x08000c30   0x00000016   Code   RO         2005    .text               c_w.l(_rserrno.o)
    0x08000c46   0x08000c46   0x000000b2   Code   RO         2007    .text               c_w.l(_printf_intcommon.o)
    0x08000cf8   0x08000cf8   0x0000041c   Code   RO         2009    .text               c_w.l(_printf_fp_dec.o)
    0x08001114   0x08001114   0x00000030   Code   RO         2013    .text               c_w.l(_printf_char_common.o)
    0x08001144   0x08001144   0x0000000a   Code   RO         2015    .text               c_w.l(_sputc.o)
    0x0800114e   0x0800114e   0x00000010   Code   RO         2017    .text               c_w.l(_snputc.o)
    0x0800115e   0x0800115e   0x0000002c   Code   RO         2019    .text               c_w.l(_printf_char.o)
    0x0800118a   0x0800118a   0x00000002   PAD
    0x0800118c   0x0800118c   0x0000002c   Code   RO         2022    .text               c_w.l(scanf_char.o)
    0x080011b8   0x080011b8   0x00000040   Code   RO         2024    .text               c_w.l(_sgetc.o)
    0x080011f8   0x080011f8   0x0000009e   Code   RO         2026    .text               c_w.l(_strtoul.o)
    0x08001296   0x08001296   0x00000064   Code   RO         2028    .text               c_w.l(rt_memcpy_w.o)
    0x080012fa   0x080012fa   0x00000002   PAD
    0x080012fc   0x080012fc   0x00000008   Code   RO         2129    .text               c_w.l(libspace.o)
    0x08001304   0x08001304   0x00000008   Code   RO         2150    .text               c_w.l(rt_locale_intlibspace.o)
    0x0800130c   0x0800130c   0x00000000   Code   RO         2154    .text               c_w.l(maybetermalloc1.o)
    0x0800130c   0x0800130c   0x00000034   Code   RO         2156    .text               c_w.l(h1_extend.o)
    0x08001340   0x08001340   0x0000008a   Code   RO         2160    .text               c_w.l(lludiv10.o)
    0x080013ca   0x080013ca   0x00000012   Code   RO         2162    .text               c_w.l(isspace.o)
    0x080013dc   0x080013dc   0x00000080   Code   RO         2164    .text               c_w.l(_printf_fp_infnan.o)
    0x0800145c   0x0800145c   0x0000001c   Code   RO         2168    .text               c_w.l(_chval.o)
    0x08001478   0x08001478   0x00000374   Code   RO         2170    .text               c_w.l(_scanf.o)
    0x080017ec   0x080017ec   0x000000e4   Code   RO         2172    .text               c_w.l(bigflt0.o)
    0x080018d0   0x080018d0   0x0000000e   Code   RO         2205    .text               c_w.l(defsig_rtmem_outer.o)
    0x080018de   0x080018de   0x00000002   Code   RO         2224    .text               c_w.l(use_no_semi.o)
    0x080018e0   0x080018e0   0x00000000   Code   RO         2226    .text               c_w.l(indicate_semi.o)
    0x080018e0   0x080018e0   0x0000004a   Code   RO         2227    .text               c_w.l(sys_stackheap_outer.o)
    0x0800192a   0x0800192a   0x00000012   Code   RO         2235    .text               c_w.l(exit.o)
    0x0800193c   0x0800193c   0x0000000a   Code   RO         2237    .text               c_w.l(defsig_exit.o)
    0x08001946   0x08001946   0x00000002   PAD
    0x08001948   0x08001948   0x00000050   Code   RO         2239    .text               c_w.l(defsig_rtmem_inner.o)
    0x08001998   0x08001998   0x00000080   Code   RO         2241    .text               c_w.l(strcmpv7m.o)
    0x08001a18   0x08001a18   0x0000000c   Code   RO         2255    .text               c_w.l(sys_exit.o)
    0x08001a24   0x08001a24   0x00000032   Code   RO         2269    .text               c_w.l(defsig_general.o)
    0x08001a56   0x08001a56   0x0000000e   Code   RO         2289    .text               c_w.l(sys_wrch.o)
    0x08001a64   0x08001a64   0x00000054   Code   RO         1007    .text.$Sub$$main    components.o
    0x08001ab8   0x08001ab8   0x00000002   Code   RO          124    .text.BusFault_Handler  stm32f1xx_it.o
    0x08001aba   0x08001aba   0x00000002   PAD
    0x08001abc   0x08001abc   0x0000000c   Code   RO          130    .text.DMA1_Channel2_IRQHandler  stm32f1xx_it.o
    0x08001ac8   0x08001ac8   0x0000000c   Code   RO          132    .text.DMA1_Channel3_IRQHandler  stm32f1xx_it.o
    0x08001ad4   0x08001ad4   0x0000000c   Code   RO          134    .text.DMA1_Channel6_IRQHandler  stm32f1xx_it.o
    0x08001ae0   0x08001ae0   0x00000002   Code   RO          128    .text.DebugMon_Handler  stm32f1xx_it.o
    0x08001ae2   0x08001ae2   0x00000002   PAD
    0x08001ae4   0x08001ae4   0x0000000a   Code   RO           17    .text.Error_Handler  main.o
    0x08001aee   0x08001aee   0x00000002   PAD
    0x08001af0   0x08001af0   0x000000e0   Code   RO          439    .text.FLASH_WaitForLastOperation  stm32f1xx_hal_flash.o
    0x08001bd0   0x08001bd0   0x00000046   Code   RO          329    .text.HAL_DMA_Abort  stm32f1xx_hal_dma.o
    0x08001c16   0x08001c16   0x00000002   PAD
    0x08001c18   0x08001c18   0x0000012e   Code   RO          331    .text.HAL_DMA_Abort_IT  stm32f1xx_hal_dma.o
    0x08001d46   0x08001d46   0x00000002   PAD
    0x08001d48   0x08001d48   0x0000029a   Code   RO          335    .text.HAL_DMA_IRQHandler  stm32f1xx_hal_dma.o
    0x08001fe2   0x08001fe2   0x00000002   PAD
    0x08001fe4   0x08001fe4   0x0000009e   Code   RO          321    .text.HAL_DMA_Init  stm32f1xx_hal_dma.o
    0x08002082   0x08002082   0x00000002   PAD
    0x08002084   0x08002084   0x000000ee   Code   RO          470    .text.HAL_FLASHEx_Erase  stm32f1xx_hal_flash_ex.o
    0x08002172   0x08002172   0x00000002   PAD
    0x08002174   0x08002174   0x00000014   Code   RO          451    .text.HAL_FLASH_Lock  stm32f1xx_hal_flash.o
    0x08002188   0x08002188   0x000000ac   Code   RO          437    .text.HAL_FLASH_Program  stm32f1xx_hal_flash.o
    0x08002234   0x08002234   0x0000002e   Code   RO          449    .text.HAL_FLASH_Unlock  stm32f1xx_hal_flash.o
    0x08002262   0x08002262   0x00000002   PAD
    0x08002264   0x08002264   0x00000206   Code   RO          297    .text.HAL_GPIO_Init  stm32f1xx_hal_gpio.o
    0x0800246a   0x0800246a   0x00000002   PAD
    0x0800246c   0x0800246c   0x0000000c   Code   RO          197    .text.HAL_GetTick   stm32f1xx_hal.o
    0x08002478   0x08002478   0x0000001a   Code   RO          195    .text.HAL_IncTick   stm32f1xx_hal.o
    0x08002492   0x08002492   0x00000002   PAD
    0x08002494   0x08002494   0x00000026   Code   RO          185    .text.HAL_Init      stm32f1xx_hal.o
    0x080024ba   0x080024ba   0x00000002   PAD
    0x080024bc   0x080024bc   0x000000bc   Code   RO          156    .text.HAL_InitTick  stm32f1xx_hal_timebase_tim.o
    0x08002578   0x08002578   0x00000042   Code   RO          147    .text.HAL_MspInit   stm32f1xx_hal_msp.o
    0x080025ba   0x080025ba   0x00000002   PAD
    0x080025bc   0x080025bc   0x00000020   Code   RO          357    .text.HAL_NVIC_EnableIRQ  stm32f1xx_hal_cortex.o
    0x080025dc   0x080025dc   0x00000056   Code   RO          355    .text.HAL_NVIC_SetPriority  stm32f1xx_hal_cortex.o
    0x08002632   0x08002632   0x00000002   PAD
    0x08002634   0x08002634   0x00000020   Code   RO          353    .text.HAL_NVIC_SetPriorityGrouping  stm32f1xx_hal_cortex.o
    0x08002654   0x08002654   0x000001be   Code   RO          249    .text.HAL_RCC_ClockConfig  stm32f1xx_hal_rcc.o
    0x08002812   0x08002812   0x00000002   PAD
    0x08002814   0x08002814   0x00000042   Code   RO          267    .text.HAL_RCC_GetClockConfig  stm32f1xx_hal_rcc.o
    0x08002856   0x08002856   0x00000002   PAD
    0x08002858   0x08002858   0x0000000c   Code   RO          259    .text.HAL_RCC_GetHCLKFreq  stm32f1xx_hal_rcc.o
    0x08002864   0x08002864   0x00000026   Code   RO          261    .text.HAL_RCC_GetPCLK1Freq  stm32f1xx_hal_rcc.o
    0x0800288a   0x0800288a   0x00000002   PAD
    0x0800288c   0x0800288c   0x00000026   Code   RO          263    .text.HAL_RCC_GetPCLK2Freq  stm32f1xx_hal_rcc.o
    0x080028b2   0x080028b2   0x00000002   PAD
    0x080028b4   0x080028b4   0x000003b4   Code   RO          247    .text.HAL_RCC_OscConfig  stm32f1xx_hal_rcc.o
    0x08002c68   0x08002c68   0x0000002c   Code   RO          365    .text.HAL_SYSTICK_Config  stm32f1xx_hal_cortex.o
    0x08002c94   0x08002c94   0x00000002   Code   RO          823    .text.HAL_TIMEx_BreakCallback  stm32f1xx_hal_tim_ex.o
    0x08002c96   0x08002c96   0x00000002   PAD
    0x08002c98   0x08002c98   0x00000002   Code   RO          819    .text.HAL_TIMEx_CommutCallback  stm32f1xx_hal_tim_ex.o
    0x08002c9a   0x08002c9a   0x00000002   PAD
    0x08002c9c   0x08002c9c   0x0000004c   Code   RO          815    .text.HAL_TIMEx_ConfigBreakDeadTime  stm32f1xx_hal_tim_ex.o
    0x08002ce8   0x08002ce8   0x00000092   Code   RO          813    .text.HAL_TIMEx_MasterConfigSynchronization  stm32f1xx_hal_tim_ex.o
    0x08002d7a   0x08002d7a   0x00000002   PAD
    0x08002d7c   0x08002d7c   0x0000005a   Code   RO          518    .text.HAL_TIM_Base_Init  stm32f1xx_hal_tim.o
    0x08002dd6   0x08002dd6   0x00000002   PAD
    0x08002dd8   0x08002dd8   0x00000002   Code   RO          520    .text.HAL_TIM_Base_MspInit  stm32f1xx_hal_tim.o
    0x08002dda   0x08002dda   0x00000002   PAD
    0x08002ddc   0x08002ddc   0x00000086   Code   RO          532    .text.HAL_TIM_Base_Start_IT  stm32f1xx_hal_tim.o
    0x08002e62   0x08002e62   0x00000002   PAD
    0x08002e64   0x08002e64   0x00000002   Code   RO          654    .text.HAL_TIM_IC_CaptureCallback  stm32f1xx_hal_tim.o
    0x08002e66   0x08002e66   0x00000002   PAD
    0x08002e68   0x08002e68   0x0000014e   Code   RO          652    .text.HAL_TIM_IRQHandler  stm32f1xx_hal_tim.o
    0x08002fb6   0x08002fb6   0x00000002   PAD
    0x08002fb8   0x08002fb8   0x00000002   Code   RO          656    .text.HAL_TIM_OC_DelayElapsedCallback  stm32f1xx_hal_tim.o
    0x08002fba   0x08002fba   0x00000002   PAD
    0x08002fbc   0x08002fbc   0x0000025e   Code   RO          672    .text.HAL_TIM_PWM_ConfigChannel  stm32f1xx_hal_tim.o
    0x0800321a   0x0800321a   0x00000002   PAD
    0x0800321c   0x0800321c   0x0000005a   Code   RO          572    .text.HAL_TIM_PWM_Init  stm32f1xx_hal_tim.o
    0x08003276   0x08003276   0x00000002   PAD
    0x08003278   0x08003278   0x000000e0   Code   RO           84    .text.HAL_TIM_PWM_MspInit  tim.o
    0x08003358   0x08003358   0x00000018   Code   RO         1394    .text.HAL_TIM_PWM_PulseFinishedCallback  rgb.o
    0x08003370   0x08003370   0x00000100   Code   RO          590    .text.HAL_TIM_PWM_Stop_DMA  stm32f1xx_hal_tim.o
    0x08003470   0x08003470   0x00000014   Code   RO           45    .text.HAL_TIM_PeriodElapsedCallback  main.o
    0x08003484   0x08003484   0x00000002   Code   RO          662    .text.HAL_TIM_TriggerCallback  stm32f1xx_hal_tim.o
    0x08003486   0x08003486   0x00000002   PAD
    0x08003488   0x08003488   0x00000002   Code   RO          921    .text.HAL_UARTEx_RxEventCallback  stm32f1xx_hal_uart.o
    0x0800348a   0x0800348a   0x00000002   PAD
    0x0800348c   0x0800348c   0x00000002   Code   RO          919    .text.HAL_UART_ErrorCallback  stm32f1xx_hal_uart.o
    0x0800348e   0x0800348e   0x00000002   PAD
    0x08003490   0x08003490   0x00000564   Code   RO          913    .text.HAL_UART_IRQHandler  stm32f1xx_hal_uart.o
    0x080039f4   0x080039f4   0x000000de   Code   RO          837    .text.HAL_UART_Init  stm32f1xx_hal_uart.o
    0x08003ad2   0x08003ad2   0x00000002   PAD
    0x08003ad4   0x08003ad4   0x000000fe   Code   RO          104    .text.HAL_UART_MspInit  usart.o
    0x08003bd2   0x08003bd2   0x00000002   PAD
    0x08003bd4   0x08003bd4   0x00000052   Code   RO          857    .text.HAL_UART_Receive_IT  stm32f1xx_hal_uart.o
    0x08003c26   0x08003c26   0x00000002   PAD
    0x08003c28   0x08003c28   0x00000080   Code   RO           43    .text.HAL_UART_RxCpltCallback  main.o
    0x08003ca8   0x08003ca8   0x00000166   Code   RO          851    .text.HAL_UART_Transmit  stm32f1xx_hal_uart.o
    0x08003e0e   0x08003e0e   0x00000002   PAD
    0x08003e10   0x08003e10   0x00000002   Code   RO          923    .text.HAL_UART_TxCpltCallback  stm32f1xx_hal_uart.o
    0x08003e12   0x08003e12   0x00000002   PAD
    0x08003e14   0x08003e14   0x00000054   Code   RO           71    .text.MX_DMA_Init   dma.o
    0x08003e68   0x08003e68   0x00000060   Code   RO           63    .text.MX_GPIO_Init  gpio.o
    0x08003ec8   0x08003ec8   0x00000130   Code   RO           80    .text.MX_TIM1_Init  tim.o
    0x08003ff8   0x08003ff8   0x0000003c   Code   RO          100    .text.MX_USART2_UART_Init  usart.o
    0x08004034   0x08004034   0x0000003c   Code   RO          102    .text.MX_USART3_UART_Init  usart.o
    0x08004070   0x08004070   0x00000002   Code   RO          122    .text.MemManage_Handler  stm32f1xx_it.o
    0x08004072   0x08004072   0x00000002   PAD
    0x08004074   0x08004074   0x00000002   Code   RO          120    .text.NMI_Handler   stm32f1xx_it.o
    0x08004076   0x08004076   0x00000002   PAD
    0x08004078   0x08004078   0x000002b4   Code   RO         1386    .text.RGB_LED_Init  rgb.o
    0x0800432c   0x0800432c   0x00000012   Code   RO         1337    .text.SysTick_Handler  board.o
    0x0800433e   0x0800433e   0x00000002   PAD
    0x08004340   0x08004340   0x00000064   Code   RO           13    .text.SystemClock_Config  main.o
    0x080043a4   0x080043a4   0x00000070   Code   RO          959    .text.SystemCoreClockUpdate  system_stm32f1xx.o
    0x08004414   0x08004414   0x00000002   Code   RO          957    .text.SystemInit    system_stm32f1xx.o
    0x08004416   0x08004416   0x00000002   PAD
    0x08004418   0x08004418   0x0000000c   Code   RO          136    .text.TIM3_IRQHandler  stm32f1xx_it.o
    0x08004424   0x08004424   0x000000e8   Code   RO          522    .text.TIM_Base_SetConfig  stm32f1xx_hal_tim.o
    0x0800450c   0x0800450c   0x0000000c   Code   RO          917    .text.UART_DMAAbortOnError  stm32f1xx_hal_uart.o
    0x08004518   0x08004518   0x000000fe   Code   RO          915    .text.UART_Receive_IT  stm32f1xx_hal_uart.o
    0x08004616   0x08004616   0x00000002   PAD
    0x08004618   0x08004618   0x0000000c   Code   RO          138    .text.USART3_IRQHandler  stm32f1xx_it.o
    0x08004624   0x08004624   0x00000002   Code   RO          126    .text.UsageFault_Handler  stm32f1xx_it.o
    0x08004626   0x08004626   0x00000002   PAD
    0x08004628   0x08004628   0x00000038   Code   RO         1138    .text.__rt_ffs      kservice.o
    0x08004660   0x08004660   0x00000070   Code   RO         1652    .text.addStateToJSON  jsonutil.o
    0x080046d0   0x080046d0   0x000004a8   Code   RO         1476    .text.alloc_env     ef_env.o
    0x08004b78   0x08004b78   0x00000074   Code   RO         1571    .text.cJSON_AddItemToObject  cjson.o
    0x08004bec   0x08004bec   0x00000036   Code   RO         1601    .text.cJSON_CreateNumber  cjson.o
    0x08004c22   0x08004c22   0x00000002   PAD
    0x08004c24   0x08004c24   0x00000024   Code   RO         1607    .text.cJSON_CreateObject  cjson.o
    0x08004c48   0x08004c48   0x00000048   Code   RO         1603    .text.cJSON_CreateString  cjson.o
    0x08004c90   0x08004c90   0x00000052   Code   RO         1547    .text.cJSON_Delete  cjson.o
    0x08004ce2   0x08004ce2   0x00000002   PAD
    0x08004ce4   0x08004ce4   0x000000d4   Code   RO         1567    .text.cJSON_GetObjectItem  cjson.o
    0x08004db8   0x08004db8   0x00000088   Code   RO         1553    .text.cJSON_Parse   cjson.o
    0x08004e40   0x08004e40   0x0000000a   Code   RO         1559    .text.cJSON_PrintUnformatted  cjson.o
    0x08004e4a   0x08004e4a   0x00000002   PAD
    0x08004e4c   0x08004e4c   0x000000b4   Code   RO         1464    .text.check_and_recovery_env_cb  ef_env.o
    0x08004f00   0x08004f00   0x0000000a   Code   RO         1708    .text.cmd_free      msh.o
    0x08004f0a   0x08004f0a   0x00000002   PAD
    0x08004f0c   0x08004f0c   0x0000000a   Code   RO         1706    .text.cmd_ps        msh.o
    0x08004f16   0x08004f16   0x00000002   PAD
    0x08004f18   0x08004f18   0x0000014c   Code   RO           15    .text.commandParsingTask  main.o
    0x08005064   0x08005064   0x0000018e   Code   RO         1484    .text.continue_ff_addr  ef_env.o
    0x080051f2   0x080051f2   0x00000002   PAD
    0x080051f4   0x080051f4   0x000004c4   Code   RO         1454    .text.create_env_blob  ef_env.o
    0x080056b8   0x080056b8   0x000000cc   Code   RO           25    .text.data_init     main.o
    0x08005784   0x08005784   0x00000114   Code   RO         1440    .text.del_env       ef_env.o
    0x08005898   0x08005898   0x00000088   Code   RO         1417    .text.easyflash_init  easyflash.o
    0x08005920   0x08005920   0x000000c2   Code   RO         1533    .text.ef_calc_crc32  ef_utils.o
    0x080059e2   0x080059e2   0x00000002   PAD
    0x080059e4   0x080059e4   0x000000e8   Code   RO         1468    .text.ef_env_init   ef_env.o
    0x08005acc   0x08005acc   0x000001c0   Code   RO         1452    .text.ef_env_set_default  ef_env.o
    0x08005c8c   0x08005c8c   0x0000006a   Code   RO         1432    .text.ef_get_env_blob  ef_env.o
    0x08005cf6   0x08005cf6   0x00000002   PAD
    0x08005cf8   0x08005cf8   0x00000280   Code   RO         1462    .text.ef_load_env   ef_env.o
    0x08005f78   0x08005f78   0x00000002   Code   RO         1507    .text.ef_log_debug  ef_port.o
    0x08005f7a   0x08005f7a   0x00000002   PAD
    0x08005f7c   0x08005f7c   0x00000002   Code   RO         1515    .text.ef_log_info   ef_port.o
    0x08005f7e   0x08005f7e   0x00000002   PAD
    0x08005f80   0x08005f80   0x00000002   Code   RO         1511    .text.ef_port_env_lock  ef_port.o
    0x08005f82   0x08005f82   0x00000002   PAD
    0x08005f84   0x08005f84   0x00000002   Code   RO         1513    .text.ef_port_env_unlock  ef_port.o
    0x08005f86   0x08005f86   0x00000002   PAD
    0x08005f88   0x08005f88   0x0000004c   Code   RO         1505    .text.ef_port_erase  ef_port.o
    0x08005fd4   0x08005fd4   0x00000012   Code   RO         1501    .text.ef_port_init  ef_port.o
    0x08005fe6   0x08005fe6   0x00000002   PAD
    0x08005fe8   0x08005fe8   0x00000056   Code   RO         1503    .text.ef_port_read  ef_port.o
    0x0800603e   0x0800603e   0x00000002   PAD
    0x08006040   0x08006040   0x00000054   Code   RO         1509    .text.ef_port_write  ef_port.o
    0x08006094   0x08006094   0x0000019e   Code   RO         1444    .text.ef_set_env_blob  ef_env.o
    0x08006232   0x08006232   0x00000002   PAD
    0x08006234   0x08006234   0x0000016a   Code   RO         1458    .text.env_iterator  ef_env.o
    0x0800639e   0x0800639e   0x00000002   PAD
    0x080063a0   0x080063a0   0x000000de   Code   RO         1430    .text.find_env      ef_env.o
    0x0800647e   0x0800647e   0x00000002   PAD
    0x08006480   0x08006480   0x00000036   Code   RO         1474    .text.find_env_cb   ef_env.o
    0x080064b6   0x080064b6   0x00000002   PAD
    0x080064b8   0x080064b8   0x000000b0   Code   RO         1745    .text.finsh_system_init  shell.o
    0x08006568   0x08006568   0x000004a4   Code   RO         1739    .text.finsh_thread_entry  shell.o
    0x08006a0c   0x08006a0c   0x000003ac   Code   RO         1466    .text.gc_collect    ef_env.o
    0x08006db8   0x08006db8   0x00000128   Code   RO         1482    .text.get_next_env_addr  ef_env.o
    0x08006ee0   0x08006ee0   0x00000020   Code   RO         1669    .text.hello         cmd.o
    0x08006f00   0x08006f00   0x00000088   Code   RO         1679    .text.list          cmd.o
    0x08006f88   0x08006f88   0x00000070   Code   RO         1164    .text.list_mem      mem.o
    0x08006ff8   0x08006ff8   0x00000268   Code   RO         1675    .text.list_sem      cmd.o
    0x08007260   0x08007260   0x00000274   Code   RO         1673    .text.list_thread   cmd.o
    0x080074d4   0x080074d4   0x00000530   Code   RO         1677    .text.list_timer    cmd.o
    0x08007a04   0x08007a04   0x00000030   Code   RO           19    .text.loadStateFromFlash  main.o
    0x08007a34   0x08007a34   0x000000f8   Code   RO           11    .text.main          main.o
    0x08007b2c   0x08007b2c   0x00000032   Code   RO         1011    .text.main_thread_entry  components.o
    0x08007b5e   0x08007b5e   0x00000002   PAD
    0x08007b60   0x08007b60   0x00000308   Code   RO         1486    .text.move_env      ef_env.o
    0x08007e68   0x08007e68   0x00000184   Code   RO         1712    .text.msh_auto_complete  msh.o
    0x08007fec   0x08007fec   0x00000428   Code   RO         1710    .text.msh_exec      msh.o
    0x08008414   0x08008414   0x0000007c   Code   RO         1704    .text.msh_help      msh.o
    0x08008490   0x08008490   0x00000004   Code   RO         1702    .text.msh_is_used   msh.o
    0x08008494   0x08008494   0x00000548   Code   RO         1656    .text.parseInitData  jsonutil.o
    0x080089dc   0x080089dc   0x00000198   Code   RO         1646    .text.parseMessage  jsonutil.o
    0x08008b74   0x08008b74   0x00000118   Code   RO         1648    .text.parseMode     jsonutil.o
    0x08008c8c   0x08008c8c   0x000001c8   Code   RO         1623    .text.parse_array   cjson.o
    0x08008e54   0x08008e54   0x000002e4   Code   RO         1625    .text.parse_object  cjson.o
    0x08009138   0x08009138   0x000003c0   Code   RO         1621    .text.parse_string  cjson.o
    0x080094f8   0x080094f8   0x00000498   Code   RO         1551    .text.parse_value   cjson.o
    0x08009990   0x08009990   0x0000048e   Code   RO         1629    .text.print_array   cjson.o
    0x08009e1e   0x08009e1e   0x00000002   PAD
    0x08009e20   0x08009e20   0x00000508   Code   RO         1122    .text.print_number  kservice.o
    0x0800a328   0x0800a328   0x000002dc   Code   RO         1627    .text.print_number  cjson.o
    0x0800a604   0x0800a604   0x000006b6   Code   RO         1631    .text.print_object  cjson.o
    0x0800acba   0x0800acba   0x00000002   PAD
    0x0800acbc   0x0800acbc   0x000002b8   Code   RO         1633    .text.print_string_ptr  cjson.o
    0x0800af74   0x0800af74   0x00000270   Code   RO         1557    .text.print_value   cjson.o
    0x0800b1e4   0x0800b1e4   0x000001b4   Code   RO           39    .text.processColor  main.o
    0x0800b398   0x0800b398   0x000001e4   Code   RO         1470    .text.read_env      ef_env.o
    0x0800b57c   0x0800b57c   0x00000248   Code   RO         1480    .text.read_sector_meta_data  ef_env.o
    0x0800b7c4   0x0800b7c4   0x0000001e   Code   RO         1160    .text.rt_calloc     mem.o
    0x0800b7e2   0x0800b7e2   0x00000002   PAD
    0x0800b7e4   0x0800b7e4   0x0000002c   Code   RO         1003    .text.rt_components_board_init  components.o
    0x0800b810   0x0800b810   0x0000001c   Code   RO         1220    .text.rt_enter_critical  scheduler.o
    0x0800b82c   0x0800b82c   0x00000096   Code   RO         1222    .text.rt_exit_critical  scheduler.o
    0x0800b8c2   0x0800b8c2   0x00000002   PAD
    0x0800b8c4   0x0800b8c4   0x00000124   Code   RO         1158    .text.rt_free       mem.o
    0x0800b9e8   0x0800b9e8   0x0000000a   Code   RO         1333    .text.rt_heap_begin_get  board.o
    0x0800b9f2   0x0800b9f2   0x00000002   PAD
    0x0800b9f4   0x0800b9f4   0x0000000e   Code   RO         1335    .text.rt_heap_end_get  board.o
    0x0800ba02   0x0800ba02   0x00000002   PAD
    0x0800ba04   0x0800ba04   0x0000003e   Code   RO         1339    .text.rt_hw_board_init  board.o
    0x0800ba42   0x0800ba42   0x00000002   PAD
    0x0800ba44   0x0800ba44   0x00000026   Code   RO         1345    .text.rt_hw_console_getchar  board.o
    0x0800ba6a   0x0800ba6a   0x00000002   PAD
    0x0800ba6c   0x0800ba6c   0x00000060   Code   RO         1343    .text.rt_hw_console_output  board.o
    0x0800bacc   0x0800bacc   0x0000042c   Code   RO         1314    .text.rt_hw_hard_fault_exception  cpuport.o
    0x0800bef8   0x0800bef8   0x0000003c   Code   RO         1310    .text.rt_hw_stack_init  cpuport.o
    0x0800bf34   0x0800bf34   0x0000001c   Code   RO         1071    .text.rt_interrupt_enter  irq.o
    0x0800bf50   0x0800bf50   0x0000001c   Code   RO         1073    .text.rt_interrupt_leave  irq.o
    0x0800bf6c   0x0800bf6c   0x00000032   Code   RO         1118    .text.rt_kprintf    kservice.o
    0x0800bf9e   0x0800bf9e   0x00000002   PAD
    0x0800bfa0   0x0800bfa0   0x000001c4   Code   RO         1154    .text.rt_malloc     mem.o
    0x0800c164   0x0800c164   0x000000ec   Code   RO         1096    .text.rt_memmove    kservice.o
    0x0800c250   0x0800c250   0x000000f6   Code   RO         1092    .text.rt_memset     kservice.o
    0x0800c346   0x0800c346   0x00000002   PAD
    0x0800c348   0x0800c348   0x00000072   Code   RO         1191    .text.rt_object_allocate  object.o
    0x0800c3ba   0x0800c3ba   0x00000002   PAD
    0x0800c3bc   0x0800c3bc   0x0000002c   Code   RO         1193    .text.rt_object_delete  object.o
    0x0800c3e8   0x0800c3e8   0x00000024   Code   RO         1189    .text.rt_object_detach  object.o
    0x0800c40c   0x0800c40c   0x0000002a   Code   RO         1181    .text.rt_object_get_information  object.o
    0x0800c436   0x0800c436   0x00000002   PAD
    0x0800c438   0x0800c438   0x0000007e   Code   RO         1187    .text.rt_object_init  object.o
    0x0800c4b6   0x0800c4b6   0x00000002   PAD
    0x0800c4b8   0x0800c4b8   0x00000006   Code   RO         1195    .text.rt_object_is_systemobject  object.o
    0x0800c4be   0x0800c4be   0x00000002   PAD
    0x0800c4c0   0x0800c4c0   0x00000072   Code   RO         1214    .text.rt_schedule   scheduler.o
    0x0800c532   0x0800c532   0x00000002   PAD
    0x0800c534   0x0800c534   0x00000052   Code   RO         1216    .text.rt_schedule_insert_thread  scheduler.o
    0x0800c586   0x0800c586   0x00000002   PAD
    0x0800c588   0x0800c588   0x00000056   Code   RO         1218    .text.rt_schedule_remove_thread  scheduler.o
    0x0800c5de   0x0800c5de   0x00000002   PAD
    0x0800c5e0   0x0800c5e0   0x00000020   Code   RO         1047    .text.rt_sem_init   ipc.o
    0x0800c600   0x0800c600   0x00000052   Code   RO         1059    .text.rt_sem_release  ipc.o
    0x0800c652   0x0800c652   0x00000002   PAD
    0x0800c654   0x0800c654   0x000000fc   Code   RO         1055    .text.rt_sem_take   ipc.o
    0x0800c750   0x0800c750   0x000000b8   Code   RO         1116    .text.rt_show_version  kservice.o
    0x0800c808   0x0800c808   0x00000154   Code   RO         1114    .text.rt_strdup     kservice.o
    0x0800c95c   0x0800c95c   0x0000003a   Code   RO         1102    .text.rt_strlen     kservice.o
    0x0800c996   0x0800c996   0x00000002   PAD
    0x0800c998   0x0800c998   0x00000086   Code   RO         1106    .text.rt_strncpy    kservice.o
    0x0800ca1e   0x0800ca1e   0x00000002   PAD
    0x0800ca20   0x0800ca20   0x000000b4   Code   RO         1152    .text.rt_system_heap_init  mem.o
    0x0800cad4   0x0800cad4   0x0000012a   Code   RO         1210    .text.rt_system_scheduler_init  scheduler.o
    0x0800cbfe   0x0800cbfe   0x00000002   PAD
    0x0800cc00   0x0800cc00   0x00000030   Code   RO         1212    .text.rt_system_scheduler_start  scheduler.o
    0x0800cc30   0x0800cc30   0x00000010   Code   RO         1297    .text.rt_system_timer_init  timer.o
    0x0800cc40   0x0800cc40   0x00000002   Code   RO         1299    .text.rt_system_timer_thread_init  timer.o
    0x0800cc42   0x0800cc42   0x00000002   PAD
    0x0800cc44   0x0800cc44   0x000000b0   Code   RO         1249    .text.rt_thread_create  thread.o
    0x0800ccf4   0x0800ccf4   0x0000007a   Code   RO         1237    .text.rt_thread_exit  thread.o
    0x0800cd6e   0x0800cd6e   0x00000002   PAD
    0x0800cd70   0x0800cd70   0x0000003e   Code   RO         1033    .text.rt_thread_idle_entry  idle.o
    0x0800cdae   0x0800cdae   0x00000002   PAD
    0x0800cdb0   0x0800cdb0   0x00000050   Code   RO         1031    .text.rt_thread_idle_init  idle.o
    0x0800ce00   0x0800ce00   0x0000008e   Code   RO         1239    .text.rt_thread_init  thread.o
    0x0800ce8e   0x0800ce8e   0x00000002   PAD
    0x0800ce90   0x0800ce90   0x0000000e   Code   RO         1263    .text.rt_thread_mdelay  thread.o
    0x0800ce9e   0x0800ce9e   0x00000002   PAD
    0x0800cea0   0x0800cea0   0x00000046   Code   RO         1245    .text.rt_thread_resume  thread.o
    0x0800cee6   0x0800cee6   0x00000002   PAD
    0x0800cee8   0x0800cee8   0x0000000c   Code   RO         1241    .text.rt_thread_self  thread.o
    0x0800cef4   0x0800cef4   0x00000078   Code   RO         1255    .text.rt_thread_sleep  thread.o
    0x0800cf6c   0x0800cf6c   0x0000005c   Code   RO         1243    .text.rt_thread_startup  thread.o
    0x0800cfc8   0x0800cfc8   0x00000042   Code   RO         1257    .text.rt_thread_suspend  thread.o
    0x0800d00a   0x0800d00a   0x00000002   PAD
    0x0800d00c   0x0800d00c   0x00000028   Code   RO         1267    .text.rt_thread_timeout  thread.o
    0x0800d034   0x0800d034   0x00000064   Code   RO         1253    .text.rt_thread_yield  thread.o
    0x0800d098   0x0800d098   0x00000034   Code   RO          984    .text.rt_tick_from_millisecond  clock.o
    0x0800d0cc   0x0800d0cc   0x0000000c   Code   RO          978    .text.rt_tick_get   clock.o
    0x0800d0d8   0x0800d0d8   0x00000034   Code   RO          982    .text.rt_tick_increase  clock.o
    0x0800d10c   0x0800d10c   0x00000158   Code   RO         1293    .text.rt_timer_check  timer.o
    0x0800d264   0x0800d264   0x00000068   Code   RO         1291    .text.rt_timer_control  timer.o
    0x0800d2cc   0x0800d2cc   0x00000030   Code   RO         1281    .text.rt_timer_detach  timer.o
    0x0800d2fc   0x0800d2fc   0x00000032   Code   RO         1279    .text.rt_timer_init  timer.o
    0x0800d32e   0x0800d32e   0x00000002   PAD
    0x0800d330   0x0800d330   0x000000ca   Code   RO         1287    .text.rt_timer_start  timer.o
    0x0800d3fa   0x0800d3fa   0x00000002   PAD
    0x0800d3fc   0x0800d3fc   0x00000038   Code   RO         1289    .text.rt_timer_stop  timer.o
    0x0800d434   0x0800d434   0x00000826   Code   RO         1120    .text.rt_vsnprintf  kservice.o
    0x0800dc5a   0x0800dc5a   0x00000002   PAD
    0x0800dc5c   0x0800dc5c   0x00000004   Code   RO          999    .text.rti_board_end  components.o
    0x0800dc60   0x0800dc60   0x00000004   Code   RO          997    .text.rti_board_start  components.o
    0x0800dc64   0x0800dc64   0x00000004   Code   RO         1001    .text.rti_end       components.o
    0x0800dc68   0x0800dc68   0x00000004   Code   RO          995    .text.rti_start     components.o
    0x0800dc6c   0x0800dc6c   0x00000064   Code   RO          108    .text.sendData      usart.o
    0x0800dcd0   0x0800dcd0   0x000000d4   Code   RO           37    .text.setDualColorToEnv  main.o
    0x0800dda4   0x0800dda4   0x00000038   Code   RO         1341    .text.uart_init     board.o
    0x0800dddc   0x0800dddc   0x0000029a   Code   RO         1472    .text.update_env_cache  ef_env.o
    0x0800e076   0x0800e076   0x00000002   PAD
    0x0800e078   0x0800e078   0x000000ee   Code   RO         1478    .text.update_sector_cache  ef_env.o
    0x0800e166   0x0800e166   0x00000002   PAD
    0x0800e168   0x0800e168   0x0000000a   Code   RO         1671    .text.version       cmd.o
    0x0800e172   0x0800e172   0x0000003e   Code   RO         2175    CL$$btod_d2e        c_w.l(btod.o)
    0x0800e1b0   0x0800e1b0   0x00000046   Code   RO         2177    CL$$btod_d2e_denorm_low  c_w.l(btod.o)
    0x0800e1f6   0x0800e1f6   0x00000060   Code   RO         2176    CL$$btod_d2e_norm_op1  c_w.l(btod.o)
    0x0800e256   0x0800e256   0x00000002   PAD
    0x0800e258   0x0800e258   0x00000338   Code   RO         2185    CL$$btod_div_common  c_w.l(btod.o)
    0x0800e590   0x0800e590   0x000000dc   Code   RO         2182    CL$$btod_e2e        c_w.l(btod.o)
    0x0800e66c   0x0800e66c   0x0000002a   Code   RO         2179    CL$$btod_ediv       c_w.l(btod.o)
    0x0800e696   0x0800e696   0x0000002a   Code   RO         2178    CL$$btod_emul       c_w.l(btod.o)
    0x0800e6c0   0x0800e6c0   0x00000244   Code   RO         2184    CL$$btod_mult_common  c_w.l(btod.o)
    0x0800e904   0x0800e904   0x00000028   Code   RO         2116    i.__ARM_fpclassify  m_ws.l(fpclassify.o)
    0x0800e92c   0x0800e92c   0x000000aa   Code   RO         2118    i.__kernel_poly     m_ws.l(poly.o)
    0x0800e9d6   0x0800e9d6   0x00000002   PAD
    0x0800e9d8   0x0800e9d8   0x00000010   Code   RO         2102    i.__mathlib_dbl_divzero  m_ws.l(dunder.o)
    0x0800e9e8   0x0800e9e8   0x00000004   Code   RO         2104    i.__mathlib_dbl_infnan2  m_ws.l(dunder.o)
    0x0800e9ec   0x0800e9ec   0x0000000c   Code   RO         2105    i.__mathlib_dbl_invalid  m_ws.l(dunder.o)
    0x0800e9f8   0x0800e9f8   0x0000000e   Code   RO         2106    i.__mathlib_dbl_overflow  m_ws.l(dunder.o)
    0x0800ea06   0x0800ea06   0x00000002   PAD
    0x0800ea08   0x0800ea08   0x00000010   Code   RO         2108    i.__mathlib_dbl_underflow  m_ws.l(dunder.o)
    0x0800ea18   0x0800ea18   0x0000000e   Code   RO         1871    i._is_digit         c_w.l(__printf_wp.o)
    0x0800ea26   0x0800ea26   0x00000002   PAD
    0x0800ea28   0x0800ea28   0x000000dc   Code   RO         1964    i.floor             m_ws.l(floor.o)
    0x0800eb04   0x0800eb04   0x000009ec   Code   RO         1968    i.pow               m_ws.l(pow.o)
    0x0800f4f0   0x0800f4f0   0x0000004c   Code   RO         2122    i.sqrt              m_ws.l(sqrt.o)
    0x0800f53c   0x0800f53c   0x0000002c   Code   RO         2200    locale$$code        c_w.l(lc_ctype_c.o)
    0x0800f568   0x0800f568   0x0000002c   Code   RO         2203    locale$$code        c_w.l(lc_numeric_c.o)
    0x0800f594   0x0800f594   0x00000150   Code   RO         1917    x$fpl$dadd          fz_ws.l(daddsub_clz.o)
    0x0800f6e4   0x0800f6e4   0x00000010   Code   RO         2214    x$fpl$dcheck1       fz_ws.l(dcheck1.o)
    0x0800f6f4   0x0800f6f4   0x00000018   Code   RO         2216    x$fpl$dcmpinf       fz_ws.l(dcmpi.o)
    0x0800f70c   0x0800f70c   0x000002b4   Code   RO         2080    x$fpl$ddiv          fz_ws.l(ddiv.o)
    0x0800f9c0   0x0800f9c0   0x00000078   Code   RO         2083    x$fpl$deqf          fz_ws.l(deqf.o)
    0x0800fa38   0x0800fa38   0x0000005e   Code   RO         1925    x$fpl$dfix          fz_ws.l(dfix.o)
    0x0800fa96   0x0800fa96   0x0000002e   Code   RO         1930    x$fpl$dflt          fz_ws.l(dflt_clz.o)
    0x0800fac4   0x0800fac4   0x00000078   Code   RO         2085    x$fpl$dgeqf         fz_ws.l(dgeqf.o)
    0x0800fb3c   0x0800fb3c   0x00000078   Code   RO         2087    x$fpl$dleqf         fz_ws.l(dleqf.o)
    0x0800fbb4   0x0800fbb4   0x00000154   Code   RO         1935    x$fpl$dmul          fz_ws.l(dmul.o)
    0x0800fd08   0x0800fd08   0x0000009c   Code   RO         2089    x$fpl$dnaninf       fz_ws.l(dnaninf.o)
    0x0800fda4   0x0800fda4   0x0000000c   Code   RO         2091    x$fpl$dretinf       fz_ws.l(dretinf.o)
    0x0800fdb0   0x0800fdb0   0x0000006c   Code   RO         2093    x$fpl$drleqf        fz_ws.l(drleqf.o)
    0x0800fe1c   0x0800fe1c   0x00000016   Code   RO         1918    x$fpl$drsb          fz_ws.l(daddsub_clz.o)
    0x0800fe32   0x0800fe32   0x00000002   PAD
    0x0800fe34   0x0800fe34   0x000001cc   Code   RO         2218    x$fpl$dsqrt         fz_ws.l(dsqrt_noumaal.o)
    0x08010000   0x08010000   0x000001dc   Code   RO         1919    x$fpl$dsub          fz_ws.l(daddsub_clz.o)
    0x080101dc   0x080101dc   0x00000054   Code   RO         1923    x$fpl$fcmp          fz_ws.l(dcmp.o)
    0x08010230   0x08010230   0x00000004   Code   RO         1961    x$fpl$printf1       fz_ws.l(printf1.o)
    0x08010234   0x08010234   0x00000064   Code   RO         2253    x$fpl$retnan        fz_ws.l(retnan.o)
    0x08010298   0x08010298   0x0000005c   Code   RO         2099    x$fpl$scalbn        fz_ws.l(scalbn.o)
    0x080102f4   0x080102f4   0x00000030   Code   RO         2287    x$fpl$trapveneer    fz_ws.l(trapv.o)
    0x08010324   0x08010324   0x00000000   Code   RO         2101    x$fpl$usenofp       fz_ws.l(usenofp.o)
    0x08010324   0x08010324   0x00000028   Data   RO         1844    .constdata          c_w.l(_printf_hex_int.o)
    0x0801034c   0x0801034c   0x00000011   Data   RO         1874    .constdata          c_w.l(__printf_flags_wp.o)
    0x0801035d   0x0801035d   0x00000003   PAD
    0x08010360   0x08010360   0x00000088   Data   RO         1969    .constdata          m_ws.l(pow.o)
    0x080103e8   0x080103e8   0x00000008   Data   RO         2120    .constdata          m_ws.l(qnan.o)
    0x080103f0   0x080103f0   0x00000094   Data   RO         2173    .constdata          c_w.l(bigflt0.o)
    0x08010484   0x08010484   0x00000002   Data   RO         1524    .rodata..L.str.23   ef_port.o
    0x08010486   0x08010486   0x00000010   Data   RO          962    .rodata.AHBPrescTable  system_stm32f1xx.o
    0x08010496   0x08010496   0x00000008   Data   RO          963    .rodata.APBPrescTable  system_stm32f1xx.o
    0x0801049e   0x0801049e   0x00000002   Data   RO          274    .rodata.HAL_RCC_GetSysClockFreq.aPredivFactorTable  stm32f1xx_hal_rcc.o
    0x080104a0   0x080104a0   0x00000100   Data   RO         1143    .rodata.__lowest_bit_bitmap  kservice.o
    0x080105a0   0x080105a0   0x00000400   Data   RO         1535    .rodata.crc32_table  ef_utils.o
    0x080109a0   0x080109a0   0x00000010   Data   RO          273    .rodata.cst16       stm32f1xx_hal_rcc.o
    0x080109b0   0x080109b0   0x000000e4   Data   RO         1522    .rodata.default_env_set  ef_port.o
    0x08010a94   0x08010a94   0x00000027   Data   RO         1166    .rodata.name        mem.o
    0x08010abb   0x08010abb   0x00000157   Data   RO         1681    .rodata.name        cmd.o
    0x08010c12   0x08010c12   0x00000076   Data   RO         1715    .rodata.name        msh.o
    0x08010c88   0x08010c88   0x000000c7   Data   RO           49    .rodata.str1.1      main.o
    0x08010d4f   0x08010d4f   0x00000005   Data   RO         1019    .rodata.str1.1      components.o
    0x08010d54   0x08010d54   0x00000007   Data   RO         1141    .rodata.str1.1      kservice.o
    0x08010d5b   0x08010d5b   0x000001ad   Data   RO         1321    .rodata.str1.1      cpuport.o
    0x08010f08   0x08010f08   0x00000041   Data   RO         1406    .rodata.str1.1      rgb.o
    0x08010f49   0x08010f49   0x0000006c   Data   RO         1420    .rodata.str1.1      easyflash.o
    0x08010fb5   0x08010fb5   0x000001ba   Data   RO         1489    .rodata.str1.1      ef_env.o
    0x0801116f   0x0801116f   0x00000144   Data   RO         1523    .rodata.str1.1      ef_port.o
    0x080112b3   0x080112b3   0x00000010   Data   RO         1636    .rodata.str1.1      cjson.o
    0x080112c3   0x080112c3   0x00000069   Data   RO         1660    .rodata.str1.1      jsonutil.o
    0x0801132c   0x0801132c   0x00000096   Data   RO         1685    .rodata.str1.1      cmd.o
    0x080113c2   0x080113c2   0x0000002e   Data   RO         1714    .rodata.str1.1      msh.o
    0x080113f0   0x080113f0   0x00000005   Data   RO         1748    .rodata.str1.1      shell.o
    0x080113f5   0x080113f5   0x00000003   PAD
    0x080113f8   0x080113f8   0x00000004   Data   RO         1015    .rti_fn.0           components.o
    0x080113fc   0x080113fc   0x00000004   Data   RO         1016    .rti_fn.0.end       components.o
    0x08011400   0x08011400   0x00000004   Data   RO         1348    .rti_fn.1           board.o
    0x08011404   0x08011404   0x00000004   Data   RO         1017    .rti_fn.1.end       components.o
    0x08011408   0x08011408   0x00000004   Data   RO         1749    .rti_fn.6           shell.o
    0x0801140c   0x0801140c   0x00000004   Data   RO         1018    .rti_fn.6.end       components.o
    0x08011410   0x08011410   0x0000000c   Data   RO         1167    FSymTab             mem.o
    0x0801141c   0x0801141c   0x0000000c   Data   RO         1682    FSymTab             cmd.o
    0x08011428   0x08011428   0x0000000c   Data   RO         1683    FSymTab             cmd.o
    0x08011434   0x08011434   0x0000000c   Data   RO         1684    FSymTab             cmd.o
    0x08011440   0x08011440   0x0000000c   Data   RO         1686    FSymTab             cmd.o
    0x0801144c   0x0801144c   0x0000000c   Data   RO         1687    FSymTab             cmd.o
    0x08011458   0x08011458   0x0000000c   Data   RO         1688    FSymTab             cmd.o
    0x08011464   0x08011464   0x0000000c   Data   RO         1689    FSymTab             cmd.o
    0x08011470   0x08011470   0x0000000c   Data   RO         1690    FSymTab             cmd.o
    0x0801147c   0x0801147c   0x0000000c   Data   RO         1691    FSymTab             cmd.o
    0x08011488   0x08011488   0x0000000c   Data   RO         1692    FSymTab             cmd.o
    0x08011494   0x08011494   0x0000000c   Data   RO         1716    FSymTab             msh.o
    0x080114a0   0x080114a0   0x0000000c   Data   RO         1717    FSymTab             msh.o
    0x080114ac   0x080114ac   0x0000000c   Data   RO         1718    FSymTab             msh.o
    0x080114b8   0x080114b8   0x00000020   Data   RO         2322    Region$$Table       anon$$obj.o
    0x080114d8   0x080114d8   0x00000110   Data   RO         2199    locale$$data        c_w.l(lc_ctype_c.o)
    0x080115e8   0x080115e8   0x0000001c   Data   RO         2202    locale$$data        c_w.l(lc_numeric_c.o)


    Execution Region RW_IRAM1 (Exec base: 0x20000000, Load base: 0x08011608, Size: 0x00008098, Max: 0x0000c000, ABSOLUTE)

    Exec Addr    Load Addr    Size         Type   Attr      Idx    E Section Name        Object

    0x20000000   0x08011608   0x00000008   Data   RW          236    .data..L_MergedGlobals  stm32f1xx_hal.o
    0x20000008   0x08011610   0x00000008   Data   RW         1637    .data..L_MergedGlobals  cjson.o
    0x20000010   0x08011618   0x00000004   Data   RW          961    .data.SystemCoreClock  system_stm32f1xx.o
    0x20000014   0x0801161c   0x00000004   Data   RW         1520    .data.green         ef_port.o
    0x20000018   0x08011620   0x00000004   Data   RW           47    .data.mode_id       main.o
    0x2000001c   0x08011624   0x00000004   Data   RW         1519    .data.red           ef_port.o
    0x20000020   0x08011628   0x00000030   Data   RW         1201    .data.rt_object_container  object.o
    0x20000050        -       0x00000060   Zero   RW         2130    .bss                c_w.l(libspace.o)
    0x200000b0        -       0x00000070   Zero   RW           54    .bss..L_MergedGlobals  main.o
    0x20000120        -       0x00000038   Zero   RW         1168    .bss..L_MergedGlobals  mem.o
    0x20000158        -       0x00000014   Zero   RW         1227    .bss..L_MergedGlobals  scheduler.o
    0x2000016c        -       0x0000000c   Zero   RW         1301    .bss..L_MergedGlobals  timer.o
    0x20000178        -       0x00000008   Zero   RW         1408    .bss..L_MergedGlobals  rgb.o
    0x20000180        -       0x00000048   Zero   RW         1492    .bss..L_MergedGlobals  ef_env.o
    0x200001c8        -       0x00000018   Zero   RW         1750    .bss..L_MergedGlobals  shell.o
    0x200001e0        -       0x00000048   Zero   RW         1349    .bss.UartHandle     board.o
    0x20000228        -       0x00000010   Zero   RW           50    .bss.color_get      main.o
    0x20000238        -       0x00000001   Zero   RW         1419    .bss.easyflash_init.init_ok  easyflash.o
    0x20000239   0x08011658   0x00000003   PAD
    0x2000023c        -       0x00000080   Zero   RW         1488    .bss.env_cache_table  ef_env.o
    0x200002bc        -       0x00000004   Zero   RW         1635    .bss.ep             cjson.o
    0x200002c0        -       0x00000081   Zero   RW         1747    .bss.finsh_get_prompt.finsh_prompt  shell.o
    0x20000341   0x08011658   0x00000003   PAD
    0x20000344        -       0x00000044   Zero   RW           89    .bss.hdma_tim1_ch1  tim.o
    0x20000388        -       0x00000044   Zero   RW           90    .bss.hdma_tim1_ch2  tim.o
    0x200003cc        -       0x00000044   Zero   RW           91    .bss.hdma_tim1_ch3  tim.o
    0x20000410        -       0x00000048   Zero   RW           88    .bss.htim1          tim.o
    0x20000458        -       0x00000048   Zero   RW          162    .bss.htim3          stm32f1xx_hal_timebase_tim.o
    0x200004a0        -       0x00000048   Zero   RW          110    .bss.huart2         usart.o
    0x200004e8        -       0x00000048   Zero   RW          111    .bss.huart3         usart.o
    0x20000530        -       0x00000078   Zero   RW         1037    .bss.idle           idle.o
    0x200005a8        -       0x00000020   Zero   RW          461    .bss.pFlash         stm32f1xx_hal_flash.o
    0x200005c8        -       0x00000004   Zero   RW         1320    .bss.rt_exception_hook  cpuport.o
    0x200005cc        -       0x00003c00   Zero   RW         1347    .bss.rt_heap        board.o
    0x200041cc        -       0x00000004   Zero   RW         1322    .bss.rt_interrupt_from_thread  cpuport.o
    0x200041d0        -       0x00000001   Zero   RW         1077    .bss.rt_interrupt_nest  irq.o
    0x200041d1   0x08011658   0x00000003   PAD
    0x200041d4        -       0x00000004   Zero   RW         1323    .bss.rt_interrupt_to_thread  cpuport.o
    0x200041d8        -       0x00000080   Zero   RW         1142    .bss.rt_kprintf.rt_log_buf  kservice.o
    0x20004258        -       0x00000100   Zero   RW         1226    .bss.rt_thread_priority_table  scheduler.o
    0x20004358        -       0x00000100   Zero   RW         1038    .bss.rt_thread_stack  idle.o
    0x20004458        -       0x00000004   Zero   RW         1324    .bss.rt_thread_switch_interrupt_flag  cpuport.o
    0x2000445c        -       0x00000004   Zero   RW          986    .bss.rt_tick        clock.o
    0x20004460        -       0x00000038   Zero   RW         1491    .bss.set_env.env    ef_env.o
    0x20004498        -       0x00002800   Zero   RW         1407    .bss.static_RGB_buffer  rgb.o
    0x20006c98        -       0x000000fa   Zero   RW           51    .bss.usart3_rx_buffer  main.o
    0x20006d92   0x08011658   0x00000002   PAD
    0x20006d94        -       0x00000004   Zero   RW          235    .bss.uwTick         stm32f1xx_hal.o
    0x20006d98        -       0x00000f00   Zero   RW            2    HEAP                startup_stm32f103xe.o
    0x20007c98        -       0x00000400   Zero   RW            1    STACK               startup_stm32f103xe.o


==============================================================================

Image component sizes


      Code (inc. data)   RO Data    RW Data    ZI Data      Debug   Object Name

       294          0          4          0      15432       4846   board.o
      8986        114         16          8          4      53690   cjson.o
       116          0          0          0          4       2735   clock.o
      2750        420        613          0          0      13384   cmd.o
       194          0         21          0          0       3685   components.o
       244         28          0          0          0        840   context_rvds.o
      1128        168        429          0         16       3620   cpuport.o
        84          0          0          0          0       2526   dma.o
       136         48        108          0          1       1322   easyflash.o
      9728        684        442          0        256      47577   ef_env.o
       272          0        554          8          0       4373   ef_port.o
       194          0       1024          0          0       1412   ef_utils.o
        96          0          0          0          0       1397   gpio.o
       142          8          0          0        376       3420   idle.o
       366          0          0          0          0       7076   ipc.o
        56          0          0          0          1       1210   irq.o
      2152        320        105          0          0       7039   jsonutil.o
      4678        424        263          0        128      26881   kservice.o
      1738        312        199          4        378      14653   main.o
      1066        216         51          0         56       5995   mem.o
      1600         64        200          0          0       7189   msh.o
       368          0          0         48          0       7693   object.o
       716        136         65          0      10248      13171   rgb.o
       806          0          0          0        276       6162   scheduler.o
      1364        218          9          0        153       6509   shell.o
        64         26        304          0       4864        808   startup_stm32f103xe.o
        76          0          0          8          4       6096   stm32f1xx_hal.o
       194          0          0          0          0       8822   stm32f1xx_hal_cortex.o
      1196          0          0          0          0       8557   stm32f1xx_hal_dma.o
       462          0          0          0         32       5543   stm32f1xx_hal_flash.o
       238          0          0          0          0       6960   stm32f1xx_hal_flash_ex.o
       518         22          0          0          0       4566   stm32f1xx_hal_gpio.o
        66          0          0          0          0       1220   stm32f1xx_hal_msp.o
      1548          0         18          0          0       7675   stm32f1xx_hal_rcc.o
      1750         10          0          0          0      54452   stm32f1xx_hal_tim.o
       226          0          0          0          0      20845   stm32f1xx_hal_tim_ex.o
       188          0          0          0         72       6205   stm32f1xx_hal_timebase_tim.o
      2314          0          0          0          0      32547   stm32f1xx_hal_uart.o
        70          0          0          0          0       5534   stm32f1xx_it.o
       114          0         24          4          0       1646   system_stm32f1xx.o
       954          0          0          0          0      10414   thread.o
       528          0          0          0        276       6085   tim.o
       822          8          0          0         12       9028   timer.o
       474         24          0          0        144       6688   usart.o

    ----------------------------------------------------------------------
     51266       3250       4484         80      32744     452096   Object Totals
         0          0         32          0          0          0   (incl. Generated)
       190          0          3          0         11          0   (incl. Padding)

    ----------------------------------------------------------------------

      Code (inc. data)   RO Data    RW Data    ZI Data      Debug   Library Member Name

        60          8          0          0          0         84   __0sscanf.o
        64          6          0          0          0         84   __2snprintf.o
        44          6          0          0          0         84   __2sprintf.o
         8          0          0          0          0         68   __main.o
       312          4         17          0          0         92   __printf_flags_wp.o
        14          0          0          0          0         68   __printf_wp.o
         0          0          0          0          0          0   __rtentry.o
        12          0          0          0          0          0   __rtentry2.o
         6          0          0          0          0          0   __rtentry4.o
        52          8          0          0          0          0   __scatter.o
        26          0          0          0          0          0   __scatter_copy.o
        28          0          0          0          0          0   __scatter_zi.o
        28          0          0          0          0         68   _chval.o
        44          0          0          0          0        108   _printf_char.o
        48          6          0          0          0         96   _printf_char_common.o
         6          0          0          0          0          0   _printf_d.o
       120         16          0          0          0         92   _printf_dec.o
         6          0          0          0          0          0   _printf_e.o
         6          0          0          0          0          0   _printf_f.o
      1052          0          0          0          0        148   _printf_fp_dec.o
       128         16          0          0          0         84   _printf_fp_infnan.o
        88          4         40          0          0         88   _printf_hex_int.o
       178          0          0          0          0         88   _printf_intcommon.o
        78          0          0          0          0        108   _printf_pad.o
         0          0          0          0          0          0   _printf_percent.o
         4          0          0          0          0          0   _printf_percent_end.o
         6          0          0          0          0          0   _printf_s.o
        82          0          0          0          0         80   _printf_str.o
         6          0          0          0          0          0   _printf_x.o
        22          0          0          0          0        100   _rserrno.o
       884          6          0          0          0        100   _scanf.o
       224          0          0          0          0         96   _scanf_str.o
        64          0          0          0          0         84   _sgetc.o
        16          0          0          0          0         68   _snputc.o
        10          0          0          0          0         68   _sputc.o
       158          0          0          0          0         92   _strtoul.o
        16          0          0          0          0         68   aeabi_memset.o
        16          0          0          0          0         68   aeabi_memset4.o
       228          4        148          0          0         96   bigflt0.o
      1936        128          0          0          0        668   btod.o
        10          0          0          0          0         68   defsig_exit.o
        50          0          0          0          0         88   defsig_general.o
        80         58          0          0          0         76   defsig_rtmem_inner.o
        14          0          0          0          0         80   defsig_rtmem_outer.o
        18          0          0          0          0         80   exit.o
        94          0          0          0          0         80   h1_alloc.o
        52          0          0          0          0         68   h1_extend.o
        78          0          0          0          0         80   h1_free.o
        14          0          0          0          0         84   h1_init.o
         6          0          0          0          0        152   heapauxi.o
         4          0          0          0          0        136   hguard.o
         0          0          0          0          0          0   indicate_semi.o
       138          0          0          0          0        168   init_alloc.o
        18          0          0          0          0         76   isspace.o
        44         10        272          0          0         76   lc_ctype_c.o
        44         10         28          0          0         76   lc_numeric_c.o
         2          0          0          0          0          0   libinit.o
        38          0          0          0          0          0   libinit2.o
         2          0          0          0          0          0   libshutdown.o
         2          0          0          0          0          0   libshutdown2.o
         8          4          0          0         96         68   libspace.o
       138          0          0          0          0         80   lludiv10.o
         0          0          0          0          0          0   maybetermalloc1.o
        20          0          0          0          0         68   memchr.o
        16          4          0          0          0         76   rt_ctype_table.o
         8          4          0          0          0         68   rt_errno_addr_intlibspace.o
         8          4          0          0          0         68   rt_heap_descriptor_intlibspace.o
         8          4          0          0          0         68   rt_locale_intlibspace.o
        68          0          0          0          0         68   rt_memclr.o
        78          0          0          0          0         80   rt_memclr_w.o
       138          0          0          0          0         68   rt_memcpy_v6.o
       100          0          0          0          0         80   rt_memcpy_w.o
         2          0          0          0          0          0   rtexit.o
        10          0          0          0          0          0   rtexit2.o
        44          8          0          0          0         84   scanf_char.o
       128          0          0          0          0         68   strcmpv7m.o
        72          0          0          0          0         80   strcpy.o
        62          0          0          0          0         76   strlen.o
       150          0          0          0          0         80   strncmp.o
        86          0          0          0          0         76   strncpy.o
       112          0          0          0          0         88   strtol.o
        12          4          0          0          0         68   sys_exit.o
        74          0          0          0          0         80   sys_stackheap_outer.o
        14          0          0          0          0         76   sys_wrch.o
        26          0          0          0          0         76   tolower.o
         2          0          0          0          0         68   use_no_semi.o
       834         16          0          0          0        372   daddsub_clz.o
        16          4          0          0          0         68   dcheck1.o
        84          0          0          0          0        196   dcmp.o
        24          0          0          0          0         68   dcmpi.o
       692        140          0          0          0        216   ddiv.o
       120          4          0          0          0         92   deqf.o
        94          4          0          0          0         92   dfix.o
        46          0          0          0          0         68   dflt_clz.o
       120          4          0          0          0         92   dgeqf.o
       120          4          0          0          0         92   dleqf.o
       340         12          0          0          0        104   dmul.o
       156          4          0          0          0         92   dnaninf.o
        12          0          0          0          0         68   dretinf.o
       108          0          0          0          0         80   drleqf.o
       460         56          0          0          0        120   dsqrt_noumaal.o
         4          0          0          0          0         68   printf1.o
       100          0          0          0          0         68   retnan.o
        92          0          0          0          0         68   scalbn.o
        48          0          0          0          0         68   trapv.o
         0          0          0          0          0          0   usenofp.o
        62         10          0          0          0        340   dunder.o
       220         16          0          0          0         84   floor.o
        40          0          0          0          0         68   fpclassify.o
       170          0          0          0          0         96   poly.o
      2540        188        136          0          0        332   pow.o
         0          0          8          0          0          0   qnan.o
        76          0          0          0          0         84   sqrt.o

    ----------------------------------------------------------------------
     14770        784        652          0         96       9144   Library Totals
        20          0          3          0          0          0   (incl. Padding)

    ----------------------------------------------------------------------

      Code (inc. data)   RO Data    RW Data    ZI Data      Debug   Library Name

      8172        322        505          0         96       6048   c_w.l
      3470        248          0          0          0       2092   fz_ws.l
      3108        214        144          0          0       1004   m_ws.l

    ----------------------------------------------------------------------
     14770        784        652          0         96       9144   Library Totals

    ----------------------------------------------------------------------

==============================================================================


      Code (inc. data)   RO Data    RW Data    ZI Data      Debug   

     66036       4034       5136         80      32840     455216   Grand Totals
     66036       4034       5136         80      32840     455216   ELF Image Totals
     66036       4034       5136         80          0          0   ROM Totals

==============================================================================

    Total RO  Size (Code + RO Data)                71172 (  69.50kB)
    Total RW  Size (RW Data + ZI Data)             32920 (  32.15kB)
    Total ROM Size (Code + RO Data + RW Data)      71252 (  69.58kB)

==============================================================================

