<html>
<body>
<pre>
<h1>�Vision Build Log</h1>
<h2>Tool Versions:</h2>
IDE-Version: ��Vision V5.37.0.0
Copyright (C) 2022 ARM Ltd and ARM Germany GmbH. All rights reserved.
License Information: 456 456, 456, LIC=14HV2-9YJB0-JJK6S-LRV84-GI9F1-CW5PE
 
Tool Versions:
Toolchain:       MDK-ARM Plus  Version: 5.37.0.0
Toolchain Path:  D:\software\Keil5\ARM\ARMCLANG\Bin
C Compiler:      ArmClang.exe V6.18
Assembler:       Armasm.exe V6.18
Linker/Locator:  ArmLink.exe V6.18
Library Manager: ArmAr.exe V6.18
Hex Converter:   FromElf.exe V6.18
CPU DLL:         SARMCM3.DLL V5.37.0.0
Dialog DLL:      DCM.DLL V1.17.5.0
Target DLL:      STLink\ST-LINKIII-KEIL_SWO.dll V3.0.9.0
Dialog DLL:      TCM.DLL V1.56.1.0
 
<h2>Project:</h2>
E:\Github\AMZ_EXIA\KEIL CODE\F103\GNVEDA_TERMINAL_F103_step2\GNVEDA_TERMINAL_F103_step2\GNVEDA_TERMINAL_F103\MDK-ARM\GNVEDA_TERMINAL_F103.uvprojx
Project File Date:  03/04/2025

<h2>Output:</h2>
*** Using Compiler 'V6.18', folder: 'D:\software\Keil5\ARM\ARMCLANG\Bin'
Build target 'GNVEDA_TERMINAL_F103'
compiling main.c...
compiling stm32f1xx_hal_msp.c...
compiling stm32f1xx_hal_rcc_ex.c...
compiling gpio.c...
compiling stm32f1xx_hal_timebase_tim.c...
compiling stm32f1xx_hal_gpio_ex.c...
compiling dma.c...
compiling stm32f1xx_it.c...
../Core/Src/usart.c(197): warning: implicitly declaring library function 'strlen' with type 'unsigned int (const char *)' [-Wimplicit-function-declaration]
    size_t len = strlen(str);
                 ^
../Core/Src/usart.c(197): note: include the header <string.h> or explicitly provide a declaration for 'strlen'
../Core/Src/usart.c(198): warning: implicitly declaring library function 'malloc' with type 'void *(unsigned int)' [-Wimplicit-function-declaration]
    char *str_with_newline = (char *)malloc(len + 2);  // +1 for '\n', +1 for null terminator
                                     ^
../Core/Src/usart.c(198): note: include the header <stdlib.h> or explicitly provide a declaration for 'malloc'
../Core/Src/usart.c(200): warning: implicitly declaring library function 'strcpy' with type 'char *(char *, const char *)' [-Wimplicit-function-declaration]
        strcpy(str_with_newline, str);
        ^
../Core/Src/usart.c(200): note: include the header <string.h> or explicitly provide a declaration for 'strcpy'
../Core/Src/usart.c(206): warning: implicitly declaring library function 'free' with type 'void (void *)' [-Wimplicit-function-declaration]
        free(str_with_newline);
        ^
../Core/Src/usart.c(206): note: include the header <stdlib.h> or explicitly provide a declaration for 'free'
../Core/Src/usart.c(208): warning: implicit declaration of function 'rt_kprintf' is invalid in C99 [-Wimplicit-function-declaration]
        rt_kprintf("内存分配失败！\n");
        ^
5 warnings generated.
compiling usart.c...
compiling tim.c...
compiling stm32f1xx_hal.c...
compiling stm32f1xx_hal_cortex.c...
compiling stm32f1xx_hal_gpio.c...
compiling stm32f1xx_hal_dma.c...
compiling stm32f1xx_hal_pwr.c...
compiling stm32f1xx_hal_rcc.c...
compiling stm32f1xx_hal_flash.c...
compiling system_stm32f1xx.c...
compiling stm32f1xx_hal_exti.c...
compiling stm32f1xx_hal_flash_ex.c...
compiling clock.c...
compiling components.c...
compiling cpu.c...
compiling irq.c...
compiling memheap.c...
compiling idle.c...
compiling mempool.c...
assembling context_rvds.S...
compiling ipc.c...
compiling stm32f1xx_hal_tim_ex.c...
compiling object.c...
compiling mem.c...
compiling slab.c...
compiling scheduler.c...
compiling thread.c...
compiling timer.c...
compiling cpuport.c...
compiling board.c...
compiling easyflash.c...
compiling stm32f1xx_hal_uart.c...
compiling gn_controller.c...
compiling ef_utils.c...
compiling kservice.c...
compiling ef_port.c...
compiling finsh_port.c...
compiling jsonUtil.c...
compiling RGB.c...
compiling stm32f1xx_hal_tim.c...
compiling msh.c...
compiling cmd.c...
compiling shell.c...
compiling ef_env.c...
compiling cJSON.c...
linking...
Program Size: Code=70382 RO-data=5178 RW-data=144 ZI-data=22544  
FromELF: creating hex file...
"GNVEDA_TERMINAL_F103\GNVEDA_TERMINAL_F103.axf" - 0 Error(s), 5 Warning(s).

<h2>Software Packages used:</h2>

Package Vendor: ARM
                http://www.keil.com/pack/ARM.CMSIS.5.9.0.pack
                ARM.CMSIS.5.9.0
                CMSIS (Common Microcontroller Software Interface Standard)
   * Component: CORE Version: 5.6.0

Package Vendor: Keil
                https://www.keil.com/pack/Keil.STM32F1xx_DFP.2.4.1.pack
                Keil.STM32F1xx_DFP.2.4.1
                STMicroelectronics STM32F1 Series Device Support, Drivers and Examples

<h2>Collection of Component include folders:</h2>
  ./RTE/_GNVEDA_TERMINAL_F103
  D:/software/Kei5/Arm/Packs/ARM/CMSIS/5.9.0/CMSIS/Core/Include
  D:/software/Kei5/Arm/Packs/Keil/STM32F1xx_DFP/2.4.1/Device/Include

<h2>Collection of Component Files used:</h2>

   * Component: ARM::CMSIS:CORE:5.6.0
      Include file:  CMSIS/Core/Include/tz_context.h
Build Time Elapsed:  00:00:02
</pre>
</body>
</html>
