<html>
<body>
<pre>
<h1>µVision Build Log</h1>
<h2>Tool Versions:</h2>
IDE-Version: ¦ÌVision V5.37.0.0
Copyright (C) 2022 ARM Ltd and ARM Germany GmbH. All rights reserved.
License Information: 456 456, 456, LIC=14HV2-9YJB0-JJK6S-LRV84-GI9F1-CW5PE
 
Tool Versions:
Toolchain:       MDK-ARM Plus  Version: 5.37.0.0
Toolchain Path:  D:\software\Keil5\ARM\ARMCLANG\Bin
C Compiler:      ArmClang.exe V6.18
Assembler:       Armasm.exe V6.18
Linker/Locator:  ArmLink.exe V6.18
Library Manager: ArmAr.exe V6.18
Hex Converter:   FromElf.exe V6.18
CPU DLL:         SARMCM3.DLL V5.37.0.0
Dialog DLL:      DCM.DLL V1.17.5.0
Target DLL:      STLink\ST-LINKIII-KEIL_SWO.dll V3.0.9.0
Dialog DLL:      TCM.DLL V1.56.1.0
 
<h2>Project:</h2>
E:\Github\AMZ_EXIA\KEIL CODE\F103\GNVEDA_TERMINAL_F103_step3\GNVEDA_TERMINAL_F103\MDK-ARM\GNVEDA_TERMINAL_F103.uvprojx
Project File Date:  03/11/2025

<h2>Output:</h2>
*** Using Compiler 'V6.18', folder: 'D:\software\Keil5\ARM\ARMCLANG\Bin'
Build target 'GNVEDA_TERMINAL_F103'
compiling dma.c...
compiling tim.c...
assembling startup_stm32f103xe.s...
compiling usart.c...
compiling stm32f1xx_hal_gpio.c...
compiling stm32f1xx_hal.c...
compiling stm32f1xx_hal_timebase_tim.c...
compiling gpio.c...
compiling stm32f1xx_hal_gpio_ex.c...
compiling stm32f1xx_it.c...
compiling stm32f1xx_hal_msp.c...
compiling global.c...
compiling stm32f1xx_hal_rcc_ex.c...
compiling stm32f1xx_hal_rcc.c...
compiling stm32f1xx_hal_cortex.c...
compiling main.c...
compiling stm32f1xx_hal_dma.c...
compiling stm32f1xx_hal_pwr.c...
compiling clock.c...
compiling system_stm32f1xx.c...
compiling components.c...
compiling stm32f1xx_hal_flash.c...
compiling stm32f1xx_hal_exti.c...
compiling cpu.c...
compiling stm32f1xx_hal_flash_ex.c...
compiling idle.c...
compiling irq.c...
compiling ipc.c...
assembling context_rvds.S...
compiling mempool.c...
compiling memheap.c...
compiling mem.c...
compiling slab.c...
compiling stm32f1xx_hal_tim_ex.c...
compiling object.c...
compiling thread.c...
compiling cpuport.c...
compiling scheduler.c...
compiling timer.c...
compiling board.c...
compiling gn_controller.c...
compiling easyflash.c...
compiling kservice.c...
compiling stm32f1xx_hal_uart.c...
compiling finsh_port.c...
compiling ef_utils.c...
../Core/Src/ef_port.c(60): warning: incompatible integer to pointer conversion initializing 'void *' with an expression of type 'const uint32_t' (aka 'const unsigned int') [-Wint-conversion]
    {"basic_color", green},
                    ^~~~~
../Core/Src/ef_port.c(61): warning: incompatible integer to pointer conversion initializing 'void *' with an expression of type 'const uint32_t' (aka 'const unsigned int') [-Wint-conversion]
    {"chest_color", green},
                    ^~~~~
../Core/Src/ef_port.c(62): warning: incompatible integer to pointer conversion initializing 'void *' with an expression of type 'const uint32_t' (aka 'const unsigned int') [-Wint-conversion]
    {"body_color", green},
                   ^~~~~
../Core/Src/ef_port.c(63): warning: incompatible integer to pointer conversion initializing 'void *' with an expression of type 'const uint32_t' (aka 'const unsigned int') [-Wint-conversion]
    {"wavy_color_1", green},
                     ^~~~~
../Core/Src/ef_port.c(64): warning: incompatible integer to pointer conversion initializing 'void *' with an expression of type 'const uint32_t' (aka 'const unsigned int') [-Wint-conversion]
    {"wavy_color_2", red},
                     ^~~
../Core/Src/ef_port.c(65): warning: incompatible integer to pointer conversion initializing 'void *' with an expression of type 'const uint32_t' (aka 'const unsigned int') [-Wint-conversion]
    {"circle_color_1", green},
                       ^~~~~
../Core/Src/ef_port.c(66): warning: incompatible integer to pointer conversion initializing 'void *' with an expression of type 'const uint32_t' (aka 'const unsigned int') [-Wint-conversion]
    {"circle_color_2", green},
                       ^~~~~
../Core/Src/ef_port.c(67): warning: incompatible integer to pointer conversion initializing 'void *' with an expression of type 'const uint32_t' (aka 'const unsigned int') [-Wint-conversion]
    {"center_color", green},
                     ^~~~~
../Core/Src/ef_port.c(68): warning: incompatible integer to pointer conversion initializing 'void *' with an expression of type 'const uint32_t' (aka 'const unsigned int') [-Wint-conversion]
    {"wings_color", blue},
                    ^~~~
../Core/Src/ef_port.c(69): warning: incompatible integer to pointer conversion initializing 'void *' with an expression of type 'const uint32_t' (aka 'const unsigned int') [-Wint-conversion]
    {"bird_color", green},
                   ^~~~~
10 warnings generated.
compiling ef_port.c...
compiling jsonUtil.c...
compiling RGB.c...
compiling shell.c...
compiling cmd.c...
compiling stm32f1xx_hal_tim.c...
compiling msh.c...
compiling ef_env.c...
compiling cJSON.c...
linking...
Program Size: Code=73414 RO-data=5242 RW-data=132 ZI-data=22836  
FromELF: creating hex file...
"..\GNVEDA_TERMINAL_F103.axf" - 0 Error(s), 10 Warning(s).

<h2>Software Packages used:</h2>

Package Vendor: ARM
                http://www.keil.com/pack/ARM.CMSIS.5.9.0.pack
                ARM.CMSIS.5.9.0
                CMSIS (Common Microcontroller Software Interface Standard)
   * Component: CORE Version: 5.6.0

Package Vendor: Keil
                https://www.keil.com/pack/Keil.STM32F1xx_DFP.2.4.1.pack
                Keil.STM32F1xx_DFP.2.4.1
                STMicroelectronics STM32F1 Series Device Support, Drivers and Examples

<h2>Collection of Component include folders:</h2>
  ./RTE/_GNVEDA_TERMINAL_F103
  D:/software/Kei5/Arm/Packs/ARM/CMSIS/5.9.0/CMSIS/Core/Include
  D:/software/Kei5/Arm/Packs/Keil/STM32F1xx_DFP/2.4.1/Device/Include

<h2>Collection of Component Files used:</h2>

   * Component: ARM::CMSIS:CORE:5.6.0
      Include file:  CMSIS/Core/Include/tz_context.h
Build Time Elapsed:  00:00:03
</pre>
</body>
</html>
