Component: Arm Compiler for Embedded 6.18 Tool: armlink [5e4cc100]

==============================================================================

Section Cross References

    startup_stm32f401xc.o(STACK) refers (Special) to heapauxi.o(.text) for __use_two_region_memory
    startup_stm32f401xc.o(HEAP) refers (Special) to heapauxi.o(.text) for __use_two_region_memory
    startup_stm32f401xc.o(RESET) refers (Special) to heapauxi.o(.text) for __use_two_region_memory
    startup_stm32f401xc.o(RESET) refers to startup_stm32f401xc.o(STACK) for __initial_sp
    startup_stm32f401xc.o(RESET) refers to startup_stm32f401xc.o(.text) for Reset_Handler
    startup_stm32f401xc.o(RESET) refers to stm32f4xx_it.o(.text.NMI_Handler) for NMI_Handler
    startup_stm32f401xc.o(RESET) refers to context_rvds.o(.text) for HardFault_Handler
    startup_stm32f401xc.o(RESET) refers to stm32f4xx_it.o(.text.MemManage_Handler) for MemManage_Handler
    startup_stm32f401xc.o(RESET) refers to stm32f4xx_it.o(.text.BusFault_Handler) for BusFault_Handler
    startup_stm32f401xc.o(RESET) refers to stm32f4xx_it.o(.text.UsageFault_Handler) for UsageFault_Handler
    startup_stm32f401xc.o(RESET) refers to stm32f4xx_it.o(.text.DebugMon_Handler) for DebugMon_Handler
    startup_stm32f401xc.o(RESET) refers to board.o(.text.SysTick_Handler) for SysTick_Handler
    startup_stm32f401xc.o(RESET) refers to stm32f4xx_it.o(.text.TIM3_IRQHandler) for TIM3_IRQHandler
    startup_stm32f401xc.o(RESET) refers to stm32f4xx_it.o(.text.DMA2_Stream1_IRQHandler) for DMA2_Stream1_IRQHandler
    startup_stm32f401xc.o(RESET) refers to stm32f4xx_it.o(.text.DMA2_Stream2_IRQHandler) for DMA2_Stream2_IRQHandler
    startup_stm32f401xc.o(RESET) refers to stm32f4xx_it.o(.text.DMA2_Stream6_IRQHandler) for DMA2_Stream6_IRQHandler
    startup_stm32f401xc.o(RESET) refers to stm32f4xx_it.o(.text.USART6_IRQHandler) for USART6_IRQHandler
    startup_stm32f401xc.o(.text) refers (Special) to heapauxi.o(.text) for __use_two_region_memory
    startup_stm32f401xc.o(.text) refers to system_stm32f4xx.o(.text.SystemInit) for SystemInit
    startup_stm32f401xc.o(.text) refers to __main.o(!!!main) for __main
    startup_stm32f401xc.o(.text) refers to startup_stm32f401xc.o(HEAP) for Heap_Mem
    startup_stm32f401xc.o(.text) refers to startup_stm32f401xc.o(STACK) for Stack_Mem
    main.o(.text) refers (Special) to _scanf_str.o(.text) for _scanf_string
    main.o(.text.main) refers (Special) to _scanf_str.o(.text) for _scanf_string
    main.o(.text.main) refers to stm32f4xx_hal.o(.text.HAL_Init) for HAL_Init
    main.o(.text.main) refers to main.o(.bss..L_MergedGlobals) for .L_MergedGlobals
    main.o(.text.main) refers to tim.o(.bss.htim1) for htim1
    main.o(.text.main) refers to rgb.o(.text.RGB_LED_Init) for RGB_LED_Init
    main.o(.text.main) refers to main.o(.text.SystemClock_Config) for SystemClock_Config
    main.o(.text.main) refers to gpio.o(.text.MX_GPIO_Init) for MX_GPIO_Init
    main.o(.text.main) refers to dma.o(.text.MX_DMA_Init) for MX_DMA_Init
    main.o(.text.main) refers to tim.o(.text.MX_TIM1_Init) for MX_TIM1_Init
    main.o(.text.main) refers to usart.o(.text.MX_USART2_UART_Init) for MX_USART2_UART_Init
    main.o(.text.main) refers to usart.o(.text.MX_USART6_UART_Init) for MX_USART6_UART_Init
    main.o(.text.main) refers to easyflash.o(.text.easyflash_init) for easyflash_init
    main.o(.text.main) refers to kservice.o(.text.rt_kprintf) for rt_kprintf
    main.o(.text.main) refers to main.o(.rodata.str1.1) for .L.str.1
    main.o(.text.main) refers to ef_env.o(.text.ef_set_env_blob) for ef_set_env_blob
    main.o(.text.main) refers to usart.o(.bss.huart6) for huart6
    main.o(.text.main) refers to stm32f4xx_hal_uart.o(.text.HAL_UART_Receive_IT) for HAL_UART_Receive_IT
    main.o(.text.main) refers to main.o(.text.rgb_task) for rgb_task
    main.o(.text.main) refers to thread.o(.text.rt_thread_create) for rt_thread_create
    main.o(.text.main) refers to thread.o(.text.rt_thread_startup) for rt_thread_startup
    main.o(.text.main) refers to main.o(.text.commandParsingTask) for commandParsingTask
    main.o(.ARM.exidx.text.main) refers (Special) to _scanf_str.o(.text) for _scanf_string
    main.o(.ARM.exidx.text.main) refers to main.o(.text.main) for [Anonymous Symbol]
    main.o(.text.SystemClock_Config) refers (Special) to _scanf_str.o(.text) for _scanf_string
    main.o(.text.SystemClock_Config) refers to stm32f4xx_hal_rcc.o(.text.HAL_RCC_OscConfig) for HAL_RCC_OscConfig
    main.o(.text.SystemClock_Config) refers to stm32f4xx_hal_rcc.o(.text.HAL_RCC_ClockConfig) for HAL_RCC_ClockConfig
    main.o(.ARM.exidx.text.SystemClock_Config) refers (Special) to _scanf_str.o(.text) for _scanf_string
    main.o(.ARM.exidx.text.SystemClock_Config) refers to main.o(.text.SystemClock_Config) for [Anonymous Symbol]
    main.o(.text.rgb_task) refers (Special) to _scanf_str.o(.text) for _scanf_string
[...]
    finsh_thread_entry                       0x08006985   Thumb Code  1164  shell.o(.text.finsh_thread_entry)
    hello                                    0x08007305   Thumb Code    12  cmd.o(.text.hello)
    list                                     0x08007325   Thumb Code    96  cmd.o(.text.list)
    list_mem                                 0x080073ad   Thumb Code    40  mem.o(.text.list_mem)
    list_sem                                 0x0800741d   Thumb Code   508  cmd.o(.text.list_sem)
    list_thread                              0x08007685   Thumb Code   484  cmd.o(.text.list_thread)
    list_timer                               0x080078f9   Thumb Code  1220  cmd.o(.text.list_timer)
    $Super$$main                             0x08007e29   Thumb Code   200  main.o(.text.main)
    main_thread_entry                        0x08007f69   Thumb Code    50  components.o(.text.main_thread_entry)
    msh_auto_complete                        0x08008281   Thumb Code   384  msh.o(.text.msh_auto_complete)
    msh_exec                                 0x08008405   Thumb Code  1004  msh.o(.text.msh_exec)
    msh_help                                 0x0800882d   Thumb Code   124  msh.o(.text.msh_help)
    msh_is_used                              0x080088a9   Thumb Code     4  msh.o(.text.msh_is_used)
    normal                                   0x080088ad   Thumb Code   108  gn_controller.o(.text.normal)
    parseMessage                             0x08008929   Thumb Code   328  jsonutil.o(.text.parseMessage)
    processColor                             0x08009cd9   Thumb Code   412  main.o(.text.processColor)
    rainbow                                  0x08009e85   Thumb Code   152  gn_controller.o(.text.rainbow)
    rainbow_RGB                              0x08009f1d   Thumb Code   108  gn_controller.o(.text.rainbow_RGB)
    rgb_task                                 0x0800a3a5   Thumb Code   104  main.o(.text.rgb_task)
    rt_calloc                                0x0800a41d   Thumb Code    30  mem.o(.text.rt_calloc)
    rt_components_board_init                 0x0800a43d   Thumb Code    44  components.o(.text.rt_components_board_init)
    rt_enter_critical                        0x0800a469   Thumb Code    28  scheduler.o(.text.rt_enter_critical)
    rt_exit_critical                         0x0800a485   Thumb Code   150  scheduler.o(.text.rt_exit_critical)
    rt_free                                  0x0800a51d   Thumb Code   216  mem.o(.text.rt_free)
    rt_heap_begin_get                        0x0800a641   Thumb Code    10  board.o(.text.rt_heap_begin_get)
    rt_heap_end_get                          0x0800a64d   Thumb Code    14  board.o(.text.rt_heap_end_get)
    rt_hw_board_init                         0x0800a65d   Thumb Code    62  board.o(.text.rt_hw_board_init)
    rt_hw_console_getchar                    0x0800a69d   Thumb Code    38  board.o(.text.rt_hw_console_getchar)
    rt_hw_console_output                     0x0800a6c5   Thumb Code    96  board.o(.text.rt_hw_console_output)
    rt_hw_hard_fault_exception               0x0800a725   Thumb Code   928  cpuport.o(.text.rt_hw_hard_fault_exception)
    rt_hw_stack_init                         0x0800ab6d   Thumb Code    66  cpuport.o(.text.rt_hw_stack_init)
    rt_interrupt_enter                       0x0800abb1   Thumb Code    28  irq.o(.text.rt_interrupt_enter)
    rt_interrupt_leave                       0x0800abcd   Thumb Code    28  irq.o(.text.rt_interrupt_leave)
    rt_kprintf                               0x0800abe9   Thumb Code    50  kservice.o(.text.rt_kprintf)
    rt_malloc                                0x0800ac1d   Thumb Code   452  mem.o(.text.rt_malloc)
    rt_memmove                               0x0800ade1   Thumb Code   236  kservice.o(.text.rt_memmove)
    rt_memset                                0x0800aecd   Thumb Code   246  kservice.o(.text.rt_memset)
    rt_object_allocate                       0x0800afc5   Thumb Code   114  object.o(.text.rt_object_allocate)
    rt_object_delete                         0x0800b039   Thumb Code    44  object.o(.text.rt_object_delete)
    rt_object_detach                         0x0800b065   Thumb Code    36  object.o(.text.rt_object_detach)
    rt_object_get_information                0x0800b089   Thumb Code    42  object.o(.text.rt_object_get_information)
    rt_object_init                           0x0800b0b5   Thumb Code   126  object.o(.text.rt_object_init)
    rt_object_is_systemobject                0x0800b135   Thumb Code     6  object.o(.text.rt_object_is_systemobject)
    rt_schedule                              0x0800b13d   Thumb Code   114  scheduler.o(.text.rt_schedule)
    rt_schedule_insert_thread                0x0800b1b1   Thumb Code    82  scheduler.o(.text.rt_schedule_insert_thread)
    rt_schedule_remove_thread                0x0800b205   Thumb Code    86  scheduler.o(.text.rt_schedule_remove_thread)
    rt_sem_init                              0x0800b25d   Thumb Code    32  ipc.o(.text.rt_sem_init)
    rt_sem_release                           0x0800b27d   Thumb Code    82  ipc.o(.text.rt_sem_release)
    rt_sem_take                              0x0800b2d1   Thumb Code   252  ipc.o(.text.rt_sem_take)
    rt_show_version                          0x0800b3cd   Thumb Code    48  kservice.o(.text.rt_show_version)
    rt_strlen                                0x0800b485   Thumb Code    58  kservice.o(.text.rt_strlen)
    rt_strncpy                               0x0800b4c1   Thumb Code   134  kservice.o(.text.rt_strncpy)
    rt_system_heap_init                      0x0800b549   Thumb Code   112  mem.o(.text.rt_system_heap_init)
    rt_system_scheduler_init                 0x0800b5fd   Thumb Code   298  scheduler.o(.text.rt_system_scheduler_init)
    rt_system_scheduler_start                0x0800b729   Thumb Code    48  scheduler.o(.text.rt_system_scheduler_start)
    rt_system_timer_init                     0x0800b759   Thumb Code    16  timer.o(.text.rt_system_timer_init)
    rt_system_timer_thread_init              0x0800b769   Thumb Code     2  timer.o(.text.rt_system_timer_thread_init)
    rt_thread_create                         0x0800b76d   Thumb Code   176  thread.o(.text.rt_thread_create)
    rt_thread_exit                           0x0800b81d   Thumb Code   122  thread.o(.text.rt_thread_exit)
    rt_thread_idle_init                      0x0800b8d9   Thumb Code    72  idle.o(.text.rt_thread_idle_init)
    rt_thread_init                           0x0800b929   Thumb Code   142  thread.o(.text.rt_thread_init)
    rt_thread_mdelay                         0x0800b9b9   Thumb Code    14  thread.o(.text.rt_thread_mdelay)
    rt_thread_resume                         0x0800b9c9   Thumb Code    70  thread.o(.text.rt_thread_resume)
    rt_thread_self                           0x0800ba11   Thumb Code    12  thread.o(.text.rt_thread_self)
    rt_thread_sleep                          0x0800ba1d   Thumb Code   120  thread.o(.text.rt_thread_sleep)
    rt_thread_startup                        0x0800ba95   Thumb Code    92  thread.o(.text.rt_thread_startup)
    rt_thread_suspend                        0x0800baf1   Thumb Code    66  thread.o(.text.rt_thread_suspend)
    rt_thread_timeout                        0x0800bb35   Thumb Code    40  thread.o(.text.rt_thread_timeout)
    rt_thread_yield                          0x0800bb5d   Thumb Code   100  thread.o(.text.rt_thread_yield)
    rt_tick_from_millisecond                 0x0800bbc1   Thumb Code    52  clock.o(.text.rt_tick_from_millisecond)
    rt_tick_get                              0x0800bbf5   Thumb Code    12  clock.o(.text.rt_tick_get)
    rt_tick_increase                         0x0800bc01   Thumb Code    52  clock.o(.text.rt_tick_increase)
    rt_timer_check                           0x0800bc35   Thumb Code   344  timer.o(.text.rt_timer_check)
    rt_timer_control                         0x0800bd8d   Thumb Code   104  timer.o(.text.rt_timer_control)
    rt_timer_detach                          0x0800bdf5   Thumb Code    48  timer.o(.text.rt_timer_detach)
    rt_timer_init                            0x0800be25   Thumb Code    50  timer.o(.text.rt_timer_init)
    rt_timer_start                           0x0800be59   Thumb Code   202  timer.o(.text.rt_timer_start)
    rt_timer_stop                            0x0800bf25   Thumb Code    56  timer.o(.text.rt_timer_stop)
    rt_vsnprintf                             0x0800bf5d   Thumb Code  2086  kservice.o(.text.rt_vsnprintf)
    version                                  0x0800cb59   Thumb Code    10  cmd.o(.text.version)
    wavy_one                                 0x0800cb65   Thumb Code   226  gn_controller.o(.text.wavy_one)
    wavy_two                                 0x0800cc49   Thumb Code   320  gn_controller.o(.text.wavy_two)
    _btod_d2e                                0x0800cd99   Thumb Code    62  btod.o(CL$$btod_d2e)
    _d2e_denorm_low                          0x0800cdd7   Thumb Code    70  btod.o(CL$$btod_d2e_denorm_low)
    _d2e_norm_op1                            0x0800ce1d   Thumb Code    96  btod.o(CL$$btod_d2e_norm_op1)
    __btod_div_common                        0x0800ce7d   Thumb Code   696  btod.o(CL$$btod_div_common)
    _e2e                                     0x0800d1b5   Thumb Code   220  btod.o(CL$$btod_e2e)
    _btod_ediv                               0x0800d291   Thumb Code    42  btod.o(CL$$btod_ediv)
    _btod_emul                               0x0800d2bb   Thumb Code    42  btod.o(CL$$btod_emul)
    __btod_mult_common                       0x0800d2e5   Thumb Code   580  btod.o(CL$$btod_mult_common)
    __ARM_fpclassify                         0x0800d529   Thumb Code    48  fpclassify.o(i.__ARM_fpclassify)
    __hardfp_pow                             0x0800d559   Thumb Code  3088  pow.o(i.__hardfp_pow)
    __kernel_poly                            0x0800e1b9   Thumb Code   248  poly.o(i.__kernel_poly)
    __mathlib_dbl_divzero                    0x0800e2b1   Thumb Code    28  dunder.o(i.__mathlib_dbl_divzero)
    __mathlib_dbl_infnan2                    0x0800e2e1   Thumb Code    20  dunder.o(i.__mathlib_dbl_infnan2)
    __mathlib_dbl_invalid                    0x0800e2f9   Thumb Code    24  dunder.o(i.__mathlib_dbl_invalid)
    __mathlib_dbl_overflow                   0x0800e319   Thumb Code    24  dunder.o(i.__mathlib_dbl_overflow)
    __mathlib_dbl_underflow                  0x0800e339   Thumb Code    24  dunder.o(i.__mathlib_dbl_underflow)
    fabs                                     0x0800e359   Thumb Code    24  fabs.o(i.fabs)
    sqrt                                     0x0800e371   Thumb Code   110  sqrt.o(i.sqrt)
    _get_lc_ctype                            0x0800e3e1   Thumb Code    44  lc_ctype_c.o(locale$$code)
    _get_lc_numeric                          0x0800e40d   Thumb Code    44  lc_numeric_c.o(locale$$code)
    __aeabi_dneg                             0x0800e439   Thumb Code     0  basic.o(x$fpl$basic)
    _dneg                                    0x0800e439   Thumb Code     6  basic.o(x$fpl$basic)
    __aeabi_fneg                             0x0800e43f   Thumb Code     0  basic.o(x$fpl$basic)
    _fneg                                    0x0800e43f   Thumb Code     6  basic.o(x$fpl$basic)
    _dabs                                    0x0800e445   Thumb Code     6  basic.o(x$fpl$basic)
    _fabs                                    0x0800e44b   Thumb Code     6  basic.o(x$fpl$basic)
    __aeabi_dadd                             0x0800e451   Thumb Code     0  daddsub_clz.o(x$fpl$dadd)
    _dadd                                    0x0800e451   Thumb Code   332  daddsub_clz.o(x$fpl$dadd)
    __fpl_dcheck_NaN1                        0x0800e5a1   Thumb Code    10  dcheck1.o(x$fpl$dcheck1)
    __fpl_dcmp_Inf                           0x0800e5b1   Thumb Code    24  dcmpi.o(x$fpl$dcmpinf)
    __aeabi_ddiv                             0x0800e5c9   Thumb Code     0  ddiv.o(x$fpl$ddiv)
    _ddiv                                    0x0800e5c9   Thumb Code   556  ddiv.o(x$fpl$ddiv)
    __aeabi_d2iz                             0x0800e87d   Thumb Code     0  dfix.o(x$fpl$dfix)
    _dfix                                    0x0800e87d   Thumb Code    94  dfix.o(x$fpl$dfix)
    __aeabi_i2d                              0x0800e8db   Thumb Code     0  dflt_clz.o(x$fpl$dflt)
    _dflt                                    0x0800e8db   Thumb Code    46  dflt_clz.o(x$fpl$dflt)
    __aeabi_cdcmple                          0x0800e909   Thumb Code     0  dleqf.o(x$fpl$dleqf)
    _dcmple                                  0x0800e909   Thumb Code   120  dleqf.o(x$fpl$dleqf)
    __fpl_dcmple_InfNaN                      0x0800e96b   Thumb Code     0  dleqf.o(x$fpl$dleqf)
    __aeabi_dmul                             0x0800e981   Thumb Code     0  dmul.o(x$fpl$dmul)
    _dmul                                    0x0800e981   Thumb Code   332  dmul.o(x$fpl$dmul)
    __fpl_dnaninf                            0x0800ead5   Thumb Code   156  dnaninf.o(x$fpl$dnaninf)
    __fpl_dretinf                            0x0800eb71   Thumb Code    12  dretinf.o(x$fpl$dretinf)
    __aeabi_cdrcmple                         0x0800eb7d   Thumb Code     0  drleqf.o(x$fpl$drleqf)
    _drcmple                                 0x0800eb7d   Thumb Code   108  drleqf.o(x$fpl$drleqf)
    __aeabi_drsub                            0x0800ebe9   Thumb Code     0  daddsub_clz.o(x$fpl$drsb)
    _drsb                                    0x0800ebe9   Thumb Code    22  daddsub_clz.o(x$fpl$drsb)
    _dsqrt                                   0x0800ec01   Thumb Code   404  dsqrt_umaal.o(x$fpl$dsqrt)
    __aeabi_dsub                             0x0800ed99   Thumb Code     0  daddsub_clz.o(x$fpl$dsub)
    _dsub                                    0x0800ed99   Thumb Code   472  daddsub_clz.o(x$fpl$dsub)
    _fp_init                                 0x0800ef75   Thumb Code    26  fpinit.o(x$fpl$fpinit)
    __fplib_config_fpu_vfp                   0x0800ef8d   Thumb Code     0  fpinit.o(x$fpl$fpinit)
    __fplib_config_pureend_doubles           0x0800ef8d   Thumb Code     0  fpinit.o(x$fpl$fpinit)
    _printf_fp_dec                           0x0800ef8f   Thumb Code     4  printf1.o(x$fpl$printf1)
    __fpl_return_NaN                         0x0800ef93   Thumb Code   100  retnan.o(x$fpl$retnan)
    __ARM_scalbn                             0x0800eff7   Thumb Code    92  scalbn.o(x$fpl$scalbn)
    __fpl_cmpreturn                          0x0800f053   Thumb Code    48  trapv.o(x$fpl$trapveneer)
    __I$use$fp                               0x0800f082   Number         0  usenofp.o(x$fpl$usenofp)
    __mathlib_zero                           0x0800f138   Data           8  qnan.o(.constdata)
    AHBPrescTable                            0x0800f1ec   Data          16  system_stm32f4xx.o(.rodata.AHBPrescTable)
    APBPrescTable                            0x0800f1fc   Data           8  system_stm32f4xx.o(.rodata.APBPrescTable)
    __lowest_bit_bitmap                      0x0800f204   Data         256  kservice.o(.rodata.__lowest_bit_bitmap)
    __fsym_list_mem_name                     0x0800f79c   Data           9  mem.o(.rodata.name)
    __fsym_list_mem_desc                     0x0800f7a5   Data          30  mem.o(.rodata.name)
    __fsym_hello_name                        0x0800f7c3   Data           6  cmd.o(.rodata.name)
    __fsym_hello_desc                        0x0800f7c9   Data          16  cmd.o(.rodata.name)
    __fsym_version_name                      0x0800f7d9   Data           8  cmd.o(.rodata.name)
    __fsym_version_desc                      0x0800f7e1   Data          35  cmd.o(.rodata.name)
    __fsym___cmd_version_name                0x0800f804   Data          14  cmd.o(.rodata.name)
    __fsym___cmd_version_desc                0x0800f812   Data          35  cmd.o(.rodata.name)
    __fsym_list_thread_name                  0x0800f835   Data          12  cmd.o(.rodata.name)
    __fsym_list_thread_desc                  0x0800f841   Data          12  cmd.o(.rodata.name)
    __fsym___cmd_list_thread_name            0x0800f84d   Data          18  cmd.o(.rodata.name)
    __fsym___cmd_list_thread_desc            0x0800f85f   Data          12  cmd.o(.rodata.name)
    __fsym_list_sem_name                     0x0800f86b   Data           9  cmd.o(.rodata.name)
    __fsym_list_sem_desc                     0x0800f874   Data          25  cmd.o(.rodata.name)
    __fsym___cmd_list_sem_name               0x0800f88d   Data          15  cmd.o(.rodata.name)
    __fsym___cmd_list_sem_desc               0x0800f89c   Data          25  cmd.o(.rodata.name)
    __fsym_list_timer_name                   0x0800f8b5   Data          11  cmd.o(.rodata.name)
    __fsym_list_timer_desc                   0x0800f8c0   Data          21  cmd.o(.rodata.name)
    __fsym___cmd_list_timer_name             0x0800f8d5   Data          17  cmd.o(.rodata.name)
    __fsym___cmd_list_timer_desc             0x0800f8e6   Data          21  cmd.o(.rodata.name)
    __fsym_list_name                         0x0800f8fb   Data           5  cmd.o(.rodata.name)
    __fsym_list_desc                         0x0800f900   Data          26  cmd.o(.rodata.name)
    __fsym___cmd_help_name                   0x0800f91a   Data          11  msh.o(.rodata.name)
    __fsym___cmd_help_desc                   0x0800f925   Data          22  msh.o(.rodata.name)
    __fsym___cmd_ps_name                     0x0800f93b   Data           9  msh.o(.rodata.name)
    __fsym___cmd_ps_desc                     0x0800f944   Data          28  msh.o(.rodata.name)
    __fsym___cmd_free_name                   0x0800f960   Data          11  msh.o(.rodata.name)
    __fsym___cmd_free_desc                   0x0800f96b   Data          37  msh.o(.rodata.name)
    __rt_init_rti_start                      0x0800ff90   Data           4  components.o(.rti_fn.0)
    __rt_init_rti_board_start                0x0800ff94   Data           4  components.o(.rti_fn.0.end)
    __rt_init_uart_init                      0x0800ff98   Data           4  board.o(.rti_fn.1)
    __rt_init_rti_board_end                  0x0800ff9c   Data           4  components.o(.rti_fn.1.end)
    __rt_init_finsh_system_init              0x0800ffa0   Data           4  shell.o(.rti_fn.6)
    __rt_init_rti_end                        0x0800ffa4   Data           4  components.o(.rti_fn.6.end)
    FSymTab$$Base                            0x0800ffa8   Number         0  mem.o(FSymTab)
    __fsym_list_mem                          0x0800ffa8   Data          12  mem.o(FSymTab)
    __fsym_hello                             0x0800ffb4   Data          12  cmd.o(FSymTab)
    __fsym_version                           0x0800ffc0   Data          12  cmd.o(FSymTab)
    __fsym___cmd_version                     0x0800ffcc   Data          12  cmd.o(FSymTab)
    __fsym_list_thread                       0x0800ffd8   Data          12  cmd.o(FSymTab)
    __fsym___cmd_list_thread                 0x0800ffe4   Data          12  cmd.o(FSymTab)
    __fsym_list_sem                          0x0800fff0   Data          12  cmd.o(FSymTab)
    __fsym___cmd_list_sem                    0x0800fffc   Data          12  cmd.o(FSymTab)
    __fsym_list_timer                        0x08010008   Data          12  cmd.o(FSymTab)
    __fsym___cmd_list_timer                  0x08010014   Data          12  cmd.o(FSymTab)
    __fsym_list                              0x08010020   Data          12  cmd.o(FSymTab)
    __fsym___cmd_help                        0x0801002c   Data          12  msh.o(FSymTab)
    __fsym___cmd_ps                          0x08010038   Data          12  msh.o(FSymTab)
    __fsym___cmd_free                        0x08010044   Data          12  msh.o(FSymTab)
    FSymTab$$Limit                           0x08010050   Number         0  msh.o(FSymTab)
    Region$$Table$$Base                      0x08010050   Number         0  anon$$obj.o(Region$$Table)
    Region$$Table$$Limit                     0x08010070   Number         0  anon$$obj.o(Region$$Table)
    __ctype                                  0x0801007d   Data           0  lc_ctype_c.o(locale$$data)
    uwTickFreq                               0x20000000   Data           1  stm32f4xx_hal.o(.data..L_MergedGlobals)
    uwTickPrio                               0x20000004   Data           4  stm32f4xx_hal.o(.data..L_MergedGlobals)
    SystemCoreClock                          0x20000010   Data           4  system_stm32f4xx.o(.data.SystemCoreClock)
    mode_id                                  0x20000014   Data           4  main.o(.data.mode_id)
    rainbow_colors                           0x20000018   Data          28  gn_controller.o(.data.rainbow_colors)
    __libspace_start                         0x20000068   Data          96  libspace.o(.bss)
    __temporary_stack_top$libspace           0x200000c8   Data           0  libspace.o(.bss)
    usart3_c                                 0x200000c8   Data           1  main.o(.bss..L_MergedGlobals)
    processJsonThread                        0x200000cc   Data           4  main.o(.bss..L_MergedGlobals)
    color_set                                0x200000d0   Data           4  main.o(.bss..L_MergedGlobals)
    rgb_test                                 0x200000d4   Data          16  main.o(.bss..L_MergedGlobals)
    color_get                                0x200000e4   Data          16  main.o(.bss..L_MergedGlobals)
    rt_current_priority                      0x2000012c   Data           1  scheduler.o(.bss..L_MergedGlobals)
    rt_current_thread                        0x20000130   Data           4  scheduler.o(.bss..L_MergedGlobals)
    rt_thread_ready_priority_group           0x20000134   Data           4  scheduler.o(.bss..L_MergedGlobals)
    rt_thread_defunct                        0x20000138   Data           8  scheduler.o(.bss..L_MergedGlobals)
    led_index                                0x2000014c   Data           4  rgb.o(.bss..L_MergedGlobals)
    leds                                     0x20000150   Data           4  rgb.o(.bss..L_MergedGlobals)
    sector_cache_table                       0x2000017c   Data          32  ef_env.o(.bss..L_MergedGlobals)
    _syscall_table_begin                     0x2000019c   Data           4  shell.o(.bss..L_MergedGlobals)
    _syscall_table_end                       0x200001a0   Data           4  shell.o(.bss..L_MergedGlobals)
    _sysvar_table_begin                      0x200001a4   Data           4  shell.o(.bss..L_MergedGlobals)
    _sysvar_table_end                        0x200001a8   Data           4  shell.o(.bss..L_MergedGlobals)
    shell                                    0x200001b0   Data           4  shell.o(.bss..L_MergedGlobals)
    command_able                             0x200001fc   Data           4  main.o(.bss.command_able)
    env_cache_table                          0x20000204   Data         128  ef_env.o(.bss.env_cache_table)
    hdma_tim1_ch1                            0x2000030c   Data          96  tim.o(.bss.hdma_tim1_ch1)
    hdma_tim1_ch2                            0x2000036c   Data          96  tim.o(.bss.hdma_tim1_ch2)
    hdma_tim1_ch3                            0x200003cc   Data          96  tim.o(.bss.hdma_tim1_ch3)
    htim1                                    0x2000042c   Data          72  tim.o(.bss.htim1)
    htim3                                    0x20000474   Data          72  stm32f4xx_hal_timebase_tim.o(.bss.htim3)
    huart2                                   0x200004bc   Data          72  usart.o(.bss.huart2)
    huart6                                   0x20000504   Data          72  usart.o(.bss.huart6)
    pFlash                                   0x200005c4   Data          32  stm32f4xx_hal_flash.o(.bss.pFlash)
    rt_interrupt_from_thread                 0x200041e8   Data           4  cpuport.o(.bss.rt_interrupt_from_thread)
    rt_interrupt_nest                        0x200041ec   Data           1  irq.o(.bss.rt_interrupt_nest)
    rt_interrupt_to_thread                   0x200041f0   Data           4  cpuport.o(.bss.rt_interrupt_to_thread)
    rt_thread_priority_table                 0x20004274   Data         256  scheduler.o(.bss.rt_thread_priority_table)
    rt_thread_switch_interrupt_flag          0x20004474   Data           4  cpuport.o(.bss.rt_thread_switch_interrupt_flag)
    usart3_rx_buffer                         0x20006cb4   Data         250  main.o(.bss.usart3_rx_buffer)
    uwTick                                   0x20006db0   Data           4  stm32f4xx_hal.o(.bss.uwTick)



==============================================================================

Memory Map of the image

  Image Entry point : 0x08000195

  Load Region LR_IROM1 (Base: 0x08000000, Size: 0x00010208, Max: 0x00040000, ABSOLUTE)

    Execution Region ER_IROM1 (Exec base: 0x08000000, Load base: 0x08000000, Size: 0x0001019c, Max: 0x00040000, ABSOLUTE)

    Exec Addr    Load Addr    Size         Type   Attr      Idx    E Section Name        Object

    0x08000000   0x08000000   0x00000194   Data   RO            3    RESET               startup_stm32f401xc.o
    0x08000194   0x08000194   0x00000008   Code   RO         1928  * !!!main             c_w.l(__main.o)
    0x0800019c   0x0800019c   0x00000034   Code   RO         2332    !!!scatter          c_w.l(__scatter.o)
    0x080001d0   0x080001d0   0x0000001a   Code   RO         2334    !!handler_copy      c_w.l(__scatter_copy.o)
    0x080001ea   0x080001ea   0x00000002   PAD
    0x080001ec   0x080001ec   0x0000001c   Code   RO         2336    !!handler_zi        c_w.l(__scatter_zi.o)
    0x08000208   0x08000208   0x00000000   Code   RO         1901    .ARM.Collect$$_printf_percent$$00000000  c_w.l(_printf_percent.o)
    0x08000208   0x08000208   0x00000006   Code   RO         1899    .ARM.Collect$$_printf_percent$$00000003  c_w.l(_printf_f.o)
    0x0800020e   0x0800020e   0x00000006   Code   RO         1900    .ARM.Collect$$_printf_percent$$00000004  c_w.l(_printf_e.o)
    0x08000214   0x08000214   0x00000006   Code   RO         1898    .ARM.Collect$$_printf_percent$$00000009  c_w.l(_printf_d.o)
    0x0800021a   0x0800021a   0x00000006   Code   RO         1897    .ARM.Collect$$_printf_percent$$0000000C  c_w.l(_printf_x.o)
    0x08000220   0x08000220   0x00000004   Code   RO         2016    .ARM.Collect$$_printf_percent$$00000017  c_w.l(_printf_percent_end.o)
    0x08000224   0x08000224   0x00000002   Code   RO         2261    .ARM.Collect$$libinit$$00000000  c_w.l(libinit.o)
    0x08000226   0x08000226   0x00000004   Code   RO         2027    .ARM.Collect$$libinit$$00000001  c_w.l(libinit2.o)
    0x0800022a   0x0800022a   0x00000000   Code   RO         2030    .ARM.Collect$$libinit$$00000004  c_w.l(libinit2.o)
    0x0800022a   0x0800022a   0x00000000   Code   RO         2032    .ARM.Collect$$libinit$$00000006  c_w.l(libinit2.o)
    0x0800022a   0x0800022a   0x00000008   Code   RO         2033    .ARM.Collect$$libinit$$00000007  c_w.l(libinit2.o)
    0x08000232   0x08000232   0x00000000   Code   RO         2035    .ARM.Collect$$libinit$$0000000C  c_w.l(libinit2.o)
    0x08000232   0x08000232   0x00000000   Code   RO         2037    .ARM.Collect$$libinit$$0000000E  c_w.l(libinit2.o)
    0x08000232   0x08000232   0x00000000   Code   RO         2039    .ARM.Collect$$libinit$$00000010  c_w.l(libinit2.o)
    0x08000232   0x08000232   0x00000006   Code   RO         2040    .ARM.Collect$$libinit$$00000011  c_w.l(libinit2.o)
    0x08000238   0x08000238   0x00000000   Code   RO         2042    .ARM.Collect$$libinit$$00000013  c_w.l(libinit2.o)
    0x08000238   0x08000238   0x0000000c   Code   RO         2043    .ARM.Collect$$libinit$$00000014  c_w.l(libinit2.o)
    0x08000244   0x08000244   0x00000000   Code   RO         2044    .ARM.Collect$$libinit$$00000015  c_w.l(libinit2.o)
    0x08000244   0x08000244   0x00000000   Code   RO         2046    .ARM.Collect$$libinit$$00000017  c_w.l(libinit2.o)
    0x08000244   0x08000244   0x0000000a   Code   RO         2047    .ARM.Collect$$libinit$$00000018  c_w.l(libinit2.o)
    0x0800024e   0x0800024e   0x00000000   Code   RO         2048    .ARM.Collect$$libinit$$00000019  c_w.l(libinit2.o)
    0x0800024e   0x0800024e   0x00000000   Code   RO         2050    .ARM.Collect$$libinit$$0000001B  c_w.l(libinit2.o)
    0x0800024e   0x0800024e   0x00000000   Code   RO         2052    .ARM.Collect$$libinit$$0000001D  c_w.l(libinit2.o)
    0x0800024e   0x0800024e   0x00000000   Code   RO         2054    .ARM.Collect$$libinit$$0000001F  c_w.l(libinit2.o)
    0x0800024e   0x0800024e   0x00000000   Code   RO         2056    .ARM.Collect$$libinit$$00000021  c_w.l(libinit2.o)
    0x0800024e   0x0800024e   0x00000000   Code   RO         2058    .ARM.Collect$$libinit$$00000023  c_w.l(libinit2.o)
    0x0800024e   0x0800024e   0x00000000   Code   RO         2060    .ARM.Collect$$libinit$$00000025  c_w.l(libinit2.o)
    0x0800024e   0x0800024e   0x00000000   Code   RO         2062    .ARM.Collect$$libinit$$00000027  c_w.l(libinit2.o)
    0x0800024e   0x0800024e   0x00000000   Code   RO         2066    .ARM.Collect$$libinit$$0000002E  c_w.l(libinit2.o)
    0x0800024e   0x0800024e   0x00000000   Code   RO         2068    .ARM.Collect$$libinit$$00000030  c_w.l(libinit2.o)
    0x0800024e   0x0800024e   0x00000000   Code   RO         2070    .ARM.Collect$$libinit$$00000032  c_w.l(libinit2.o)
    0x0800024e   0x0800024e   0x00000000   Code   RO         2072    .ARM.Collect$$libinit$$00000034  c_w.l(libinit2.o)
    0x0800024e   0x0800024e   0x00000002   Code   RO         2073    .ARM.Collect$$libinit$$00000035  c_w.l(libinit2.o)
    0x08000250   0x08000250   0x00000002   Code   RO         2329    .ARM.Collect$$libshutdown$$00000000  c_w.l(libshutdown.o)
    0x08000252   0x08000252   0x00000000   Code   RO         2283    .ARM.Collect$$libshutdown$$00000002  c_w.l(libshutdown2.o)
    0x08000252   0x08000252   0x00000000   Code   RO         2285    .ARM.Collect$$libshutdown$$00000004  c_w.l(libshutdown2.o)
    0x08000252   0x08000252   0x00000000   Code   RO         2288    .ARM.Collect$$libshutdown$$00000007  c_w.l(libshutdown2.o)
    0x08000252   0x08000252   0x00000000   Code   RO         2291    .ARM.Collect$$libshutdown$$0000000A  c_w.l(libshutdown2.o)
    0x08000252   0x08000252   0x00000000   Code   RO         2293    .ARM.Collect$$libshutdown$$0000000C  c_w.l(libshutdown2.o)
    0x08000252   0x08000252   0x00000000   Code   RO         2296    .ARM.Collect$$libshutdown$$0000000F  c_w.l(libshutdown2.o)
    0x08000252   0x08000252   0x00000002   Code   RO         2297    .ARM.Collect$$libshutdown$$00000010  c_w.l(libshutdown2.o)
    0x08000254   0x08000254   0x00000000   Code   RO         1969    .ARM.Collect$$rtentry$$00000000  c_w.l(__rtentry.o)
    0x08000254   0x08000254   0x00000000   Code   RO         2136    .ARM.Collect$$rtentry$$00000002  c_w.l(__rtentry2.o)
    0x08000254   0x08000254   0x00000006   Code   RO         2148    .ARM.Collect$$rtentry$$00000004  c_w.l(__rtentry4.o)
    0x0800025a   0x0800025a   0x00000000   Code   RO         2138    .ARM.Collect$$rtentry$$00000009  c_w.l(__rtentry2.o)
    0x0800025a   0x0800025a   0x00000004   Code   RO         2139    .ARM.Collect$$rtentry$$0000000A  c_w.l(__rtentry2.o)
    0x0800025e   0x0800025e   0x00000000   Code   RO         2141    .ARM.Collect$$rtentry$$0000000C  c_w.l(__rtentry2.o)
    0x0800025e   0x0800025e   0x00000008   Code   RO         2142    .ARM.Collect$$rtentry$$0000000D  c_w.l(__rtentry2.o)
    0x08000266   0x08000266   0x00000002   Code   RO         2268    .ARM.Collect$$rtexit$$00000000  c_w.l(rtexit.o)
    0x08000268   0x08000268   0x00000000   Code   RO         2305    .ARM.Collect$$rtexit$$00000002  c_w.l(rtexit2.o)
    0x08000268   0x08000268   0x00000004   Code   RO         2306    .ARM.Collect$$rtexit$$00000003  c_w.l(rtexit2.o)
    0x0800026c   0x0800026c   0x00000006   Code   RO         2307    .ARM.Collect$$rtexit$$00000004  c_w.l(rtexit2.o)
    0x08000272   0x08000272   0x00000002   PAD
    0x08000274   0x08000274   0x00000040   Code   RO            4    .text               startup_stm32f401xc.o
    0x080002b4   0x080002b4   0x00000134   Code   RO         1009    .text               context_rvds.o
    0x080003e8   0x080003e8   0x0000005e   Code   RO         1784    .text               c_w.l(h1_alloc.o)
    0x08000446   0x08000446   0x0000004e   Code   RO         1786    .text               c_w.l(h1_free.o)
    0x08000494   0x08000494   0x000000f0   Code   RO         1842    .text               c_w.l(lludivv7m.o)
    0x08000584   0x08000584   0x0000001a   Code   RO         1844    .text               c_w.l(tolower.o)
    0x0800059e   0x0800059e   0x0000004e   Code   RO         1852    .text               c_w.l(_printf_pad.o)
    0x080005ec   0x080005ec   0x00000078   Code   RO         1854    .text               c_w.l(_printf_dec.o)
    0x08000664   0x08000664   0x00000058   Code   RO         1859    .text               c_w.l(_printf_hex_int.o)
    0x080006bc   0x080006bc   0x0000003c   Code   RO         1902    .text               c_w.l(__0sscanf.o)
    0x080006f8   0x080006f8   0x000000e0   Code   RO         1904    .text               c_w.l(_scanf_str.o)
    0x080007d8   0x080007d8   0x00000070   Code   RO         1906    .text               c_w.l(strtol.o)
    0x08000848   0x08000848   0x00000048   Code   RO         1908    .text               c_w.l(strcpy.o)
    0x08000890   0x08000890   0x0000003e   Code   RO         1910    .text               c_w.l(strlen.o)
    0x080008ce   0x080008ce   0x00000096   Code   RO         1914    .text               c_w.l(strncmp.o)
    0x08000964   0x08000964   0x00000010   Code   RO         1918    .text               c_w.l(aeabi_memset.o)
    0x08000974   0x08000974   0x00000044   Code   RO         1920    .text               c_w.l(rt_memclr.o)
    0x080009b8   0x080009b8   0x0000004e   Code   RO         1922    .text               c_w.l(rt_memclr_w.o)
    0x08000a06   0x08000a06   0x00000056   Code   RO         1924    .text               c_w.l(strncpy.o)
    0x08000a5c   0x08000a5c   0x00000006   Code   RO         1926    .text               c_w.l(heapauxi.o)
    0x08000a62   0x08000a62   0x00000002   PAD
    0x08000a64   0x08000a64   0x00000010   Code   RO         1970    .text               c_w.l(rt_ctype_table.o)
    0x08000a74   0x08000a74   0x00000008   Code   RO         1979    .text               c_w.l(rt_heap_descriptor_intlibspace.o)
    0x08000a7c   0x08000a7c   0x00000008   Code   RO         1984    .text               c_w.l(rt_errno_addr_intlibspace.o)
    0x08000a84   0x08000a84   0x00000004   Code   RO         1986    .text               c_w.l(hguard.o)
    0x08000a88   0x08000a88   0x0000008a   Code   RO         1988    .text               c_w.l(init_alloc.o)
    0x08000b12   0x08000b12   0x0000000e   Code   RO         1992    .text               c_w.l(h1_init.o)
    0x08000b20   0x08000b20   0x00000016   Code   RO         2004    .text               c_w.l(_rserrno.o)
    0x08000b36   0x08000b36   0x000000b2   Code   RO         2006    .text               c_w.l(_printf_intcommon.o)
    0x08000be8   0x08000be8   0x0000041c   Code   RO         2008    .text               c_w.l(_printf_fp_dec.o)
    0x08001004   0x08001004   0x0000002c   Code   RO         2017    .text               c_w.l(scanf_char.o)
    0x08001030   0x08001030   0x00000040   Code   RO         2019    .text               c_w.l(_sgetc.o)
    0x08001070   0x08001070   0x0000009e   Code   RO         2021    .text               c_w.l(_strtoul.o)
    0x0800110e   0x0800110e   0x00000002   PAD
    0x08001110   0x08001110   0x00000008   Code   RO         2132    .text               c_w.l(libspace.o)
    0x08001118   0x08001118   0x00000008   Code   RO         2155    .text               c_w.l(rt_locale_intlibspace.o)
    0x08001120   0x08001120   0x00000000   Code   RO         2159    .text               c_w.l(maybetermalloc1.o)
    0x08001120   0x08001120   0x00000034   Code   RO         2161    .text               c_w.l(h1_extend.o)
    0x08001154   0x08001154   0x0000008a   Code   RO         2165    .text               c_w.l(lludiv10.o)
    0x080011de   0x080011de   0x00000012   Code   RO         2167    .text               c_w.l(isspace.o)
    0x080011f0   0x080011f0   0x00000080   Code   RO         2169    .text               c_w.l(_printf_fp_infnan.o)
    0x08001270   0x08001270   0x0000001c   Code   RO         2173    .text               c_w.l(_chval.o)
    0x0800128c   0x0800128c   0x00000374   Code   RO         2175    .text               c_w.l(_scanf.o)
    0x08001600   0x08001600   0x000000e4   Code   RO         2177    .text               c_w.l(bigflt0.o)
    0x080016e4   0x080016e4   0x0000000e   Code   RO         2210    .text               c_w.l(defsig_rtmem_outer.o)
    0x080016f2   0x080016f2   0x00000002   Code   RO         2229    .text               c_w.l(use_no_semi.o)
    0x080016f4   0x080016f4   0x00000000   Code   RO         2231    .text               c_w.l(indicate_semi.o)
    0x080016f4   0x080016f4   0x0000004a   Code   RO         2232    .text               c_w.l(sys_stackheap_outer.o)
    0x0800173e   0x0800173e   0x00000012   Code   RO         2240    .text               c_w.l(exit.o)
    0x08001750   0x08001750   0x0000000a   Code   RO         2242    .text               c_w.l(defsig_exit.o)
    0x0800175a   0x0800175a   0x00000002   PAD
    0x0800175c   0x0800175c   0x00000050   Code   RO         2248    .text               c_w.l(defsig_rtmem_inner.o)
    0x080017ac   0x080017ac   0x00000004   PAD
    0x080017b0   0x080017b0   0x0000007c   Code   RO         2250    .text               c_w.l(strcmpv7em.o)
    0x0800182c   0x0800182c   0x0000000c   Code   RO         2264    .text               c_w.l(sys_exit.o)
    0x08001838   0x08001838   0x00000032   Code   RO         2278    .text               c_w.l(defsig_general.o)
    0x0800186a   0x0800186a   0x0000000e   Code   RO         2300    .text               c_w.l(sys_wrch.o)
    0x08001878   0x08001878   0x00000054   Code   RO         1045    .text.$Sub$$main    components.o
    0x080018cc   0x080018cc   0x00000002   Code   RO          107    .text.BusFault_Handler  stm32f4xx_it.o
    0x080018ce   0x080018ce   0x00000002   PAD
    0x080018d0   0x080018d0   0x0000000c   Code   RO          115    .text.DMA2_Stream1_IRQHandler  stm32f4xx_it.o
    0x080018dc   0x080018dc   0x0000000c   Code   RO          117    .text.DMA2_Stream2_IRQHandler  stm32f4xx_it.o
    0x080018e8   0x080018e8   0x0000000c   Code   RO          119    .text.DMA2_Stream6_IRQHandler  stm32f4xx_it.o
    0x080018f4   0x080018f4   0x00000002   Code   RO          111    .text.DebugMon_Handler  stm32f4xx_it.o
    0x080018f6   0x080018f6   0x00000002   PAD
    0x080018f8   0x080018f8   0x00000006   Code   RO           19    .text.Error_Handler  main.o
    0x080018fe   0x080018fe   0x00000002   PAD
    0x08001900   0x08001900   0x00000116   Code   RO          211    .text.FLASH_WaitForLastOperation  stm32f4xx_hal_flash.o
    0x08001a16   0x08001a16   0x00000002   PAD
    0x08001a18   0x08001a18   0x00000092   Code   RO          317    .text.HAL_DMA_Abort  stm32f4xx_hal_dma.o
    0x08001aaa   0x08001aaa   0x00000002   PAD
    0x08001aac   0x08001aac   0x00000024   Code   RO          319    .text.HAL_DMA_Abort_IT  stm32f4xx_hal_dma.o
    0x08001ad0   0x08001ad0   0x000001c0   Code   RO          323    .text.HAL_DMA_IRQHandler  stm32f4xx_hal_dma.o
    0x08001c90   0x08001c90   0x00000162   Code   RO          309    .text.HAL_DMA_Init  stm32f4xx_hal_dma.o
    0x08001df2   0x08001df2   0x00000002   PAD
    0x08001df4   0x08001df4   0x0000009e   Code   RO          315    .text.HAL_DMA_Start_IT  stm32f4xx_hal_dma.o
    0x08001e92   0x08001e92   0x00000002   PAD
    0x08001e94   0x08001e94   0x0000018a   Code   RO          242    .text.HAL_FLASHEx_Erase  stm32f4xx_hal_flash_ex.o
    0x0800201e   0x0800201e   0x00000002   PAD
    0x08002020   0x08002020   0x00000014   Code   RO          223    .text.HAL_FLASH_Lock  stm32f4xx_hal_flash.o
    0x08002034   0x08002034   0x00000120   Code   RO          209    .text.HAL_FLASH_Program  stm32f4xx_hal_flash.o
    0x08002154   0x08002154   0x0000002e   Code   RO          221    .text.HAL_FLASH_Unlock  stm32f4xx_hal_flash.o
    0x08002182   0x08002182   0x00000002   PAD
    0x08002184   0x08002184   0x000001ba   Code   RO          271    .text.HAL_GPIO_Init  stm32f4xx_hal_gpio.o
    0x0800233e   0x0800233e   0x00000002   PAD
    0x08002340   0x08002340   0x0000000c   Code   RO          476    .text.HAL_GetTick   stm32f4xx_hal.o
    0x0800234c   0x0800234c   0x0000001a   Code   RO          474    .text.HAL_IncTick   stm32f4xx_hal.o
    0x08002366   0x08002366   0x00000002   PAD
    0x08002368   0x08002368   0x00000036   Code   RO          464    .text.HAL_Init      stm32f4xx_hal.o
    0x0800239e   0x0800239e   0x00000002   PAD
    0x080023a0   0x080023a0   0x000000bc   Code   RO          138    .text.HAL_InitTick  stm32f4xx_hal_timebase_tim.o
    0x0800245c   0x0800245c   0x00000038   Code   RO          130    .text.HAL_MspInit   stm32f4xx_hal_msp.o
    0x08002494   0x08002494   0x00000020   Code   RO          416    .text.HAL_NVIC_EnableIRQ  stm32f4xx_hal_cortex.o
    0x080024b4   0x080024b4   0x00000056   Code   RO          414    .text.HAL_NVIC_SetPriority  stm32f4xx_hal_cortex.o
    0x0800250a   0x0800250a   0x00000002   PAD
    0x0800250c   0x0800250c   0x00000020   Code   RO          412    .text.HAL_NVIC_SetPriorityGrouping  stm32f4xx_hal_cortex.o
    0x0800252c   0x0800252c   0x00000160   Code   RO          157    .text.HAL_RCC_ClockConfig  stm32f4xx_hal_rcc.o
    0x0800268c   0x0800268c   0x0000003e   Code   RO          175    .text.HAL_RCC_GetClockConfig  stm32f4xx_hal_rcc.o
    0x080026ca   0x080026ca   0x00000002   PAD
    0x080026cc   0x080026cc   0x0000000c   Code   RO          167    .text.HAL_RCC_GetHCLKFreq  stm32f4xx_hal_rcc.o
    0x080026d8   0x080026d8   0x00000026   Code   RO          169    .text.HAL_RCC_GetPCLK1Freq  stm32f4xx_hal_rcc.o
    0x080026fe   0x080026fe   0x00000002   PAD
    0x08002700   0x08002700   0x00000026   Code   RO          171    .text.HAL_RCC_GetPCLK2Freq  stm32f4xx_hal_rcc.o
    0x08002726   0x08002726   0x00000002   PAD
    0x08002728   0x08002728   0x0000006c   Code   RO          159    .text.HAL_RCC_GetSysClockFreq  stm32f4xx_hal_rcc.o
    0x08002794   0x08002794   0x00000378   Code   RO          155    .text.HAL_RCC_OscConfig  stm32f4xx_hal_rcc.o
    0x08002b0c   0x08002b0c   0x0000002c   Code   RO          424    .text.HAL_SYSTICK_Config  stm32f4xx_hal_cortex.o
    0x08002b38   0x08002b38   0x00000002   Code   RO          859    .text.HAL_TIMEx_BreakCallback  stm32f4xx_hal_tim_ex.o
    0x08002b3a   0x08002b3a   0x00000002   PAD
    0x08002b3c   0x08002b3c   0x00000002   Code   RO          855    .text.HAL_TIMEx_CommutCallback  stm32f4xx_hal_tim_ex.o
    0x08002b3e   0x08002b3e   0x00000002   PAD
    0x08002b40   0x08002b40   0x0000004c   Code   RO          851    .text.HAL_TIMEx_ConfigBreakDeadTime  stm32f4xx_hal_tim_ex.o
    0x08002b8c   0x08002b8c   0x00000090   Code   RO          849    .text.HAL_TIMEx_MasterConfigSynchronization  stm32f4xx_hal_tim_ex.o
    0x08002c1c   0x08002c1c   0x0000005a   Code   RO          554    .text.HAL_TIM_Base_Init  stm32f4xx_hal_tim.o
    0x08002c76   0x08002c76   0x00000002   PAD
    0x08002c78   0x08002c78   0x00000002   Code   RO          556    .text.HAL_TIM_Base_MspInit  stm32f4xx_hal_tim.o
    0x08002c7a   0x08002c7a   0x00000002   PAD
    0x08002c7c   0x08002c7c   0x00000084   Code   RO          568    .text.HAL_TIM_Base_Start_IT  stm32f4xx_hal_tim.o
    0x08002d00   0x08002d00   0x00000002   Code   RO          754    .text.HAL_TIM_ErrorCallback  stm32f4xx_hal_tim.o
    0x08002d02   0x08002d02   0x00000002   PAD
    0x08002d04   0x08002d04   0x00000002   Code   RO          690    .text.HAL_TIM_IC_CaptureCallback  stm32f4xx_hal_tim.o
    0x08002d06   0x08002d06   0x00000002   PAD
    0x08002d08   0x08002d08   0x0000014e   Code   RO          688    .text.HAL_TIM_IRQHandler  stm32f4xx_hal_tim.o
    0x08002e56   0x08002e56   0x00000002   PAD
    0x08002e58   0x08002e58   0x00000002   Code   RO          692    .text.HAL_TIM_OC_DelayElapsedCallback  stm32f4xx_hal_tim.o
    0x08002e5a   0x08002e5a   0x00000002   PAD
    0x08002e5c   0x08002e5c   0x000001fe   Code   RO          708    .text.HAL_TIM_PWM_ConfigChannel  stm32f4xx_hal_tim.o
    0x0800305a   0x0800305a   0x00000002   PAD
    0x0800305c   0x0800305c   0x0000005a   Code   RO          608    .text.HAL_TIM_PWM_Init  stm32f4xx_hal_tim.o
    0x080030b6   0x080030b6   0x00000002   PAD
    0x080030b8   0x080030b8   0x00000114   Code   RO           69    .text.HAL_TIM_PWM_MspInit  tim.o
    0x080031cc   0x080031cc   0x00000018   Code   RO         1431    .text.HAL_TIM_PWM_PulseFinishedCallback  rgb.o
    0x080031e4   0x080031e4   0x00000002   Code   RO          750    .text.HAL_TIM_PWM_PulseFinishedHalfCpltCallback  stm32f4xx_hal_tim.o
    0x080031e6   0x080031e6   0x00000002   PAD
    0x080031e8   0x080031e8   0x0000025c   Code   RO          624    .text.HAL_TIM_PWM_Start_DMA  stm32f4xx_hal_tim.o
    0x08003444   0x08003444   0x000000f2   Code   RO          626    .text.HAL_TIM_PWM_Stop_DMA  stm32f4xx_hal_tim.o
    0x08003536   0x08003536   0x00000002   PAD
    0x08003538   0x08003538   0x00000014   Code   RO           29    .text.HAL_TIM_PeriodElapsedCallback  main.o
    0x0800354c   0x0800354c   0x00000002   Code   RO          698    .text.HAL_TIM_TriggerCallback  stm32f4xx_hal_tim.o
    0x0800354e   0x0800354e   0x00000002   PAD
    0x08003550   0x08003550   0x00000002   Code   RO          959    .text.HAL_UARTEx_RxEventCallback  stm32f4xx_hal_uart.o
    0x08003552   0x08003552   0x00000002   PAD
    0x08003554   0x08003554   0x00000002   Code   RO          957    .text.HAL_UART_ErrorCallback  stm32f4xx_hal_uart.o
    0x08003556   0x08003556   0x00000002   PAD
    0x08003558   0x08003558   0x00000564   Code   RO          951    .text.HAL_UART_IRQHandler  stm32f4xx_hal_uart.o
    0x08003abc   0x08003abc   0x00000060   Code   RO          873    .text.HAL_UART_Init  stm32f4xx_hal_uart.o
    0x08003b1c   0x08003b1c   0x000000e6   Code   RO           89    .text.HAL_UART_MspInit  usart.o
    0x08003c02   0x08003c02   0x00000002   PAD
    0x08003c04   0x08003c04   0x00000052   Code   RO          895    .text.HAL_UART_Receive_IT  stm32f4xx_hal_uart.o
    0x08003c56   0x08003c56   0x00000002   PAD
    0x08003c58   0x08003c58   0x00000002   Code   RO          965    .text.HAL_UART_RxCpltCallback  stm32f4xx_hal_uart.o
    0x08003c5a   0x08003c5a   0x00000002   PAD
    0x08003c5c   0x08003c5c   0x00000166   Code   RO          889    .text.HAL_UART_Transmit  stm32f4xx_hal_uart.o
    0x08003dc2   0x08003dc2   0x00000002   PAD
    0x08003dc4   0x08003dc4   0x00000002   Code   RO          961    .text.HAL_UART_TxCpltCallback  stm32f4xx_hal_uart.o
    0x08003dc6   0x08003dc6   0x00000002   PAD
    0x08003dc8   0x08003dc8   0x00000058   Code   RO           56    .text.MX_DMA_Init   dma.o
    0x08003e20   0x08003e20   0x00000066   Code   RO           48    .text.MX_GPIO_Init  gpio.o
    0x08003e86   0x08003e86   0x00000002   PAD
    0x08003e88   0x08003e88   0x00000136   Code   RO           65    .text.MX_TIM1_Init  tim.o
    0x08003fbe   0x08003fbe   0x00000002   PAD
    0x08003fc0   0x08003fc0   0x0000003c   Code   RO           85    .text.MX_USART2_UART_Init  usart.o
    0x08003ffc   0x08003ffc   0x0000003c   Code   RO           87    .text.MX_USART6_UART_Init  usart.o
    0x08004038   0x08004038   0x00000002   Code   RO          105    .text.MemManage_Handler  stm32f4xx_it.o
    0x0800403a   0x0800403a   0x00000002   PAD
    0x0800403c   0x0800403c   0x00000002   Code   RO          103    .text.NMI_Handler   stm32f4xx_it.o
    0x0800403e   0x0800403e   0x00000002   PAD
    0x08004040   0x08004040   0x000002c0   Code   RO         1423    .text.RGB_LED_Init  rgb.o
    0x08004300   0x08004300   0x00000012   Code   RO         1375    .text.SysTick_Handler  board.o
    0x08004312   0x08004312   0x00000002   PAD
    0x08004314   0x08004314   0x000000a0   Code   RO           13    .text.SystemClock_Config  main.o
    0x080043b4   0x080043b4   0x0000007c   Code   RO          997    .text.SystemCoreClockUpdate  system_stm32f4xx.o
    0x08004430   0x08004430   0x00000012   Code   RO          995    .text.SystemInit    system_stm32f4xx.o
    0x08004442   0x08004442   0x00000002   PAD
    0x08004444   0x08004444   0x0000000c   Code   RO          113    .text.TIM3_IRQHandler  stm32f4xx_it.o
    0x08004450   0x08004450   0x000000fe   Code   RO          558    .text.TIM_Base_SetConfig  stm32f4xx_hal_tim.o
    0x0800454e   0x0800454e   0x00000002   PAD
    0x08004550   0x08004550   0x0000006a   Code   RO          602    .text.TIM_DMADelayPulseCplt  stm32f4xx_hal_tim.o
    0x080045ba   0x080045ba   0x00000002   PAD
    0x080045bc   0x080045bc   0x00000038   Code   RO          604    .text.TIM_DMADelayPulseHalfCplt  stm32f4xx_hal_tim.o
    0x080045f4   0x080045f4   0x0000005e   Code   RO          578    .text.TIM_DMAError  stm32f4xx_hal_tim.o
    0x08004652   0x08004652   0x00000002   PAD
    0x08004654   0x08004654   0x0000000c   Code   RO          955    .text.UART_DMAAbortOnError  stm32f4xx_hal_uart.o
    0x08004660   0x08004660   0x000000fe   Code   RO          953    .text.UART_Receive_IT  stm32f4xx_hal_uart.o
    0x0800475e   0x0800475e   0x00000002   PAD
    0x08004760   0x08004760   0x000000e2   Code   RO          877    .text.UART_SetConfig  stm32f4xx_hal_uart.o
    0x08004842   0x08004842   0x00000002   PAD
    0x08004844   0x08004844   0x0000000c   Code   RO          121    .text.USART6_IRQHandler  stm32f4xx_it.o
    0x08004850   0x08004850   0x00000002   Code   RO          109    .text.UsageFault_Handler  stm32f4xx_it.o
    0x08004852   0x08004852   0x00000002   PAD
    0x08004854   0x08004854   0x0000015a   Code   RO         1425    .text.WS2812_Set_Color  rgb.o
    0x080049ae   0x080049ae   0x00000002   PAD
    0x080049b0   0x080049b0   0x00000028   Code   RO         1429    .text.WS2812_Show   rgb.o
    0x080049d8   0x080049d8   0x00000038   Code   RO         1176    .text.__rt_ffs      kservice.o
    0x08004a10   0x08004a10   0x00000070   Code   RO         1400    .text.all_body_breathing  gn_controller.o
    0x08004a80   0x08004a80   0x000004a8   Code   RO         1511    .text.alloc_env     ef_env.o
    0x08004f28   0x08004f28   0x00000052   Code   RO         1579    .text.cJSON_Delete  cjson.o
    0x08004f7a   0x08004f7a   0x00000002   PAD
    0x08004f7c   0x08004f7c   0x000000d4   Code   RO         1599    .text.cJSON_GetObjectItem  cjson.o
    0x08005050   0x08005050   0x00000088   Code   RO         1585    .text.cJSON_Parse   cjson.o
    0x080050d8   0x080050d8   0x000000b0   Code   RO         1499    .text.check_and_recovery_env_cb  ef_env.o
    0x08005188   0x08005188   0x0000005c   Code   RO         1398    .text.chest_breathing  gn_controller.o
    0x080051e4   0x080051e4   0x0000000a   Code   RO         1728    .text.cmd_free      msh.o
    0x080051ee   0x080051ee   0x00000002   PAD
    0x080051f0   0x080051f0   0x0000000a   Code   RO         1726    .text.cmd_ps        msh.o
    0x080051fa   0x080051fa   0x00000002   PAD
    0x080051fc   0x080051fc   0x0000030c   Code   RO         1439    .text.colorGradient  rgb.o
    0x08005508   0x08005508   0x0000010c   Code   RO           17    .text.commandParsingTask  main.o
    0x08005614   0x08005614   0x00000188   Code   RO         1519    .text.continue_ff_addr  ef_env.o
    0x0800579c   0x0800579c   0x000003dc   Code   RO         1489    .text.create_env_blob  ef_env.o
    0x08005b78   0x08005b78   0x00000110   Code   RO         1475    .text.del_env       ef_env.o
    0x08005c88   0x08005c88   0x00000088   Code   RO         1452    .text.easyflash_init  easyflash.o
    0x08005d10   0x08005d10   0x000000c2   Code   RO         1565    .text.ef_calc_crc32  ef_utils.o
    0x08005dd2   0x08005dd2   0x00000002   PAD
    0x08005dd4   0x08005dd4   0x000000e8   Code   RO         1503    .text.ef_env_init   ef_env.o
    0x08005ebc   0x08005ebc   0x000001b0   Code   RO         1487    .text.ef_env_set_default  ef_env.o
    0x0800606c   0x0800606c   0x0000006a   Code   RO         1467    .text.ef_get_env_blob  ef_env.o
    0x080060d6   0x080060d6   0x00000002   PAD
    0x080060d8   0x080060d8   0x0000026c   Code   RO         1497    .text.ef_load_env   ef_env.o
    0x08006344   0x08006344   0x00000002   Code   RO         1542    .text.ef_log_debug  ef_port.o
    0x08006346   0x08006346   0x00000002   PAD
    0x08006348   0x08006348   0x00000002   Code   RO         1550    .text.ef_log_info   ef_port.o
    0x0800634a   0x0800634a   0x00000002   PAD
    0x0800634c   0x0800634c   0x00000002   Code   RO         1546    .text.ef_port_env_lock  ef_port.o
    0x0800634e   0x0800634e   0x00000002   PAD
    0x08006350   0x08006350   0x00000002   Code   RO         1548    .text.ef_port_env_unlock  ef_port.o
    0x08006352   0x08006352   0x00000002   PAD
    0x08006354   0x08006354   0x0000005e   Code   RO         1540    .text.ef_port_erase  ef_port.o
    0x080063b2   0x080063b2   0x00000002   PAD
    0x080063b4   0x080063b4   0x00000012   Code   RO         1536    .text.ef_port_init  ef_port.o
    0x080063c6   0x080063c6   0x00000002   PAD
    0x080063c8   0x080063c8   0x00000056   Code   RO         1538    .text.ef_port_read  ef_port.o
    0x0800641e   0x0800641e   0x00000002   PAD
    0x08006420   0x08006420   0x0000009c   Code   RO         1544    .text.ef_port_write  ef_port.o
    0x080064bc   0x080064bc   0x00000192   Code   RO         1479    .text.ef_set_env_blob  ef_env.o
    0x0800664e   0x0800664e   0x00000002   PAD
    0x08006650   0x08006650   0x0000016a   Code   RO         1493    .text.env_iterator  ef_env.o
    0x080067ba   0x080067ba   0x00000002   PAD
    0x080067bc   0x080067bc   0x000000de   Code   RO         1465    .text.find_env      ef_env.o
    0x0800689a   0x0800689a   0x00000002   PAD
    0x0800689c   0x0800689c   0x00000036   Code   RO         1509    .text.find_env_cb   ef_env.o
    0x080068d2   0x080068d2   0x00000002   PAD
    0x080068d4   0x080068d4   0x000000b0   Code   RO         1765    .text.finsh_system_init  shell.o
    0x08006984   0x08006984   0x000004a4   Code   RO         1759    .text.finsh_thread_entry  shell.o
    0x08006e28   0x08006e28   0x000003b4   Code   RO         1501    .text.gc_collect    ef_env.o
    0x080071dc   0x080071dc   0x00000128   Code   RO         1517    .text.get_next_env_addr  ef_env.o
    0x08007304   0x08007304   0x00000020   Code   RO         1689    .text.hello         cmd.o
    0x08007324   0x08007324   0x00000088   Code   RO         1699    .text.list          cmd.o
    0x080073ac   0x080073ac   0x00000070   Code   RO         1202    .text.list_mem      mem.o
    0x0800741c   0x0800741c   0x00000268   Code   RO         1695    .text.list_sem      cmd.o
    0x08007684   0x08007684   0x00000274   Code   RO         1693    .text.list_thread   cmd.o
    0x080078f8   0x080078f8   0x00000530   Code   RO         1697    .text.list_timer    cmd.o
    0x08007e28   0x08007e28   0x00000140   Code   RO           11    .text.main          main.o
    0x08007f68   0x08007f68   0x00000032   Code   RO         1049    .text.main_thread_entry  components.o
    0x08007f9a   0x08007f9a   0x00000002   PAD
    0x08007f9c   0x08007f9c   0x000002e4   Code   RO         1521    .text.move_env      ef_env.o
    0x08008280   0x08008280   0x00000184   Code   RO         1732    .text.msh_auto_complete  msh.o
    0x08008404   0x08008404   0x00000428   Code   RO         1730    .text.msh_exec      msh.o
    0x0800882c   0x0800882c   0x0000007c   Code   RO         1724    .text.msh_help      msh.o
    0x080088a8   0x080088a8   0x00000004   Code   RO         1722    .text.msh_is_used   msh.o
    0x080088ac   0x080088ac   0x0000007c   Code   RO         1396    .text.normal        gn_controller.o
    0x08008928   0x08008928   0x00000164   Code   RO         1678    .text.parseMessage  jsonutil.o
    0x08008a8c   0x08008a8c   0x000001c8   Code   RO         1655    .text.parse_array   cjson.o
    0x08008c54   0x08008c54   0x000002e4   Code   RO         1657    .text.parse_object  cjson.o
    0x08008f38   0x08008f38   0x000003c0   Code   RO         1653    .text.parse_string  cjson.o
    0x080092f8   0x080092f8   0x000004d8   Code   RO         1583    .text.parse_value   cjson.o
    0x080097d0   0x080097d0   0x00000508   Code   RO         1160    .text.print_number  kservice.o
    0x08009cd8   0x08009cd8   0x000001ac   Code   RO           25    .text.processColor  main.o
    0x08009e84   0x08009e84   0x00000098   Code   RO         1408    .text.rainbow       gn_controller.o
    0x08009f1c   0x08009f1c   0x0000006c   Code   RO         1406    .text.rainbow_RGB   gn_controller.o
    0x08009f88   0x08009f88   0x000001d4   Code   RO         1505    .text.read_env      ef_env.o
    0x0800a15c   0x0800a15c   0x00000248   Code   RO         1515    .text.read_sector_meta_data  ef_env.o
    0x0800a3a4   0x0800a3a4   0x00000078   Code   RO           15    .text.rgb_task      main.o
    0x0800a41c   0x0800a41c   0x0000001e   Code   RO         1198    .text.rt_calloc     mem.o
    0x0800a43a   0x0800a43a   0x00000002   PAD
    0x0800a43c   0x0800a43c   0x0000002c   Code   RO         1041    .text.rt_components_board_init  components.o
    0x0800a468   0x0800a468   0x0000001c   Code   RO         1258    .text.rt_enter_critical  scheduler.o
    0x0800a484   0x0800a484   0x00000096   Code   RO         1260    .text.rt_exit_critical  scheduler.o
    0x0800a51a   0x0800a51a   0x00000002   PAD
    0x0800a51c   0x0800a51c   0x00000124   Code   RO         1196    .text.rt_free       mem.o
    0x0800a640   0x0800a640   0x0000000a   Code   RO         1371    .text.rt_heap_begin_get  board.o
    0x0800a64a   0x0800a64a   0x00000002   PAD
    0x0800a64c   0x0800a64c   0x0000000e   Code   RO         1373    .text.rt_heap_end_get  board.o
    0x0800a65a   0x0800a65a   0x00000002   PAD
    0x0800a65c   0x0800a65c   0x0000003e   Code   RO         1377    .text.rt_hw_board_init  board.o
    0x0800a69a   0x0800a69a   0x00000002   PAD
    0x0800a69c   0x0800a69c   0x00000026   Code   RO         1383    .text.rt_hw_console_getchar  board.o
    0x0800a6c2   0x0800a6c2   0x00000002   PAD
    0x0800a6c4   0x0800a6c4   0x00000060   Code   RO         1381    .text.rt_hw_console_output  board.o
    0x0800a724   0x0800a724   0x00000448   Code   RO         1352    .text.rt_hw_hard_fault_exception  cpuport.o
    0x0800ab6c   0x0800ab6c   0x00000042   Code   RO         1348    .text.rt_hw_stack_init  cpuport.o
    0x0800abae   0x0800abae   0x00000002   PAD
    0x0800abb0   0x0800abb0   0x0000001c   Code   RO         1109    .text.rt_interrupt_enter  irq.o
    0x0800abcc   0x0800abcc   0x0000001c   Code   RO         1111    .text.rt_interrupt_leave  irq.o
    0x0800abe8   0x0800abe8   0x00000032   Code   RO         1156    .text.rt_kprintf    kservice.o
    0x0800ac1a   0x0800ac1a   0x00000002   PAD
    0x0800ac1c   0x0800ac1c   0x000001c4   Code   RO         1192    .text.rt_malloc     mem.o
    0x0800ade0   0x0800ade0   0x000000ec   Code   RO         1134    .text.rt_memmove    kservice.o
    0x0800aecc   0x0800aecc   0x000000f6   Code   RO         1130    .text.rt_memset     kservice.o
    0x0800afc2   0x0800afc2   0x00000002   PAD
    0x0800afc4   0x0800afc4   0x00000072   Code   RO         1229    .text.rt_object_allocate  object.o
    0x0800b036   0x0800b036   0x00000002   PAD
    0x0800b038   0x0800b038   0x0000002c   Code   RO         1231    .text.rt_object_delete  object.o
    0x0800b064   0x0800b064   0x00000024   Code   RO         1227    .text.rt_object_detach  object.o
    0x0800b088   0x0800b088   0x0000002a   Code   RO         1219    .text.rt_object_get_information  object.o
    0x0800b0b2   0x0800b0b2   0x00000002   PAD
    0x0800b0b4   0x0800b0b4   0x0000007e   Code   RO         1225    .text.rt_object_init  object.o
    0x0800b132   0x0800b132   0x00000002   PAD
    0x0800b134   0x0800b134   0x00000006   Code   RO         1233    .text.rt_object_is_systemobject  object.o
    0x0800b13a   0x0800b13a   0x00000002   PAD
    0x0800b13c   0x0800b13c   0x00000072   Code   RO         1252    .text.rt_schedule   scheduler.o
    0x0800b1ae   0x0800b1ae   0x00000002   PAD
    0x0800b1b0   0x0800b1b0   0x00000052   Code   RO         1254    .text.rt_schedule_insert_thread  scheduler.o
    0x0800b202   0x0800b202   0x00000002   PAD
    0x0800b204   0x0800b204   0x00000056   Code   RO         1256    .text.rt_schedule_remove_thread  scheduler.o
    0x0800b25a   0x0800b25a   0x00000002   PAD
    0x0800b25c   0x0800b25c   0x00000020   Code   RO         1085    .text.rt_sem_init   ipc.o
    0x0800b27c   0x0800b27c   0x00000052   Code   RO         1097    .text.rt_sem_release  ipc.o
    0x0800b2ce   0x0800b2ce   0x00000002   PAD
    0x0800b2d0   0x0800b2d0   0x000000fc   Code   RO         1093    .text.rt_sem_take   ipc.o
    0x0800b3cc   0x0800b3cc   0x000000b8   Code   RO         1154    .text.rt_show_version  kservice.o
    0x0800b484   0x0800b484   0x0000003a   Code   RO         1140    .text.rt_strlen     kservice.o
    0x0800b4be   0x0800b4be   0x00000002   PAD
    0x0800b4c0   0x0800b4c0   0x00000086   Code   RO         1144    .text.rt_strncpy    kservice.o
    0x0800b546   0x0800b546   0x00000002   PAD
    0x0800b548   0x0800b548   0x000000b4   Code   RO         1190    .text.rt_system_heap_init  mem.o
    0x0800b5fc   0x0800b5fc   0x0000012a   Code   RO         1248    .text.rt_system_scheduler_init  scheduler.o
    0x0800b726   0x0800b726   0x00000002   PAD
    0x0800b728   0x0800b728   0x00000030   Code   RO         1250    .text.rt_system_scheduler_start  scheduler.o
    0x0800b758   0x0800b758   0x00000010   Code   RO         1335    .text.rt_system_timer_init  timer.o
    0x0800b768   0x0800b768   0x00000002   Code   RO         1337    .text.rt_system_timer_thread_init  timer.o
    0x0800b76a   0x0800b76a   0x00000002   PAD
    0x0800b76c   0x0800b76c   0x000000b0   Code   RO         1287    .text.rt_thread_create  thread.o
    0x0800b81c   0x0800b81c   0x0000007a   Code   RO         1275    .text.rt_thread_exit  thread.o
    0x0800b896   0x0800b896   0x00000002   PAD
    0x0800b898   0x0800b898   0x0000003e   Code   RO         1071    .text.rt_thread_idle_entry  idle.o
    0x0800b8d6   0x0800b8d6   0x00000002   PAD
    0x0800b8d8   0x0800b8d8   0x00000050   Code   RO         1069    .text.rt_thread_idle_init  idle.o
    0x0800b928   0x0800b928   0x0000008e   Code   RO         1277    .text.rt_thread_init  thread.o
    0x0800b9b6   0x0800b9b6   0x00000002   PAD
    0x0800b9b8   0x0800b9b8   0x0000000e   Code   RO         1301    .text.rt_thread_mdelay  thread.o
    0x0800b9c6   0x0800b9c6   0x00000002   PAD
    0x0800b9c8   0x0800b9c8   0x00000046   Code   RO         1283    .text.rt_thread_resume  thread.o
    0x0800ba0e   0x0800ba0e   0x00000002   PAD
    0x0800ba10   0x0800ba10   0x0000000c   Code   RO         1279    .text.rt_thread_self  thread.o
    0x0800ba1c   0x0800ba1c   0x00000078   Code   RO         1293    .text.rt_thread_sleep  thread.o
    0x0800ba94   0x0800ba94   0x0000005c   Code   RO         1281    .text.rt_thread_startup  thread.o
    0x0800baf0   0x0800baf0   0x00000042   Code   RO         1295    .text.rt_thread_suspend  thread.o
    0x0800bb32   0x0800bb32   0x00000002   PAD
    0x0800bb34   0x0800bb34   0x00000028   Code   RO         1305    .text.rt_thread_timeout  thread.o
    0x0800bb5c   0x0800bb5c   0x00000064   Code   RO         1291    .text.rt_thread_yield  thread.o
    0x0800bbc0   0x0800bbc0   0x00000034   Code   RO         1022    .text.rt_tick_from_millisecond  clock.o
    0x0800bbf4   0x0800bbf4   0x0000000c   Code   RO         1016    .text.rt_tick_get   clock.o
    0x0800bc00   0x0800bc00   0x00000034   Code   RO         1020    .text.rt_tick_increase  clock.o
    0x0800bc34   0x0800bc34   0x00000158   Code   RO         1331    .text.rt_timer_check  timer.o
    0x0800bd8c   0x0800bd8c   0x00000068   Code   RO         1329    .text.rt_timer_control  timer.o
    0x0800bdf4   0x0800bdf4   0x00000030   Code   RO         1319    .text.rt_timer_detach  timer.o
    0x0800be24   0x0800be24   0x00000032   Code   RO         1317    .text.rt_timer_init  timer.o
    0x0800be56   0x0800be56   0x00000002   PAD
    0x0800be58   0x0800be58   0x000000ca   Code   RO         1325    .text.rt_timer_start  timer.o
    0x0800bf22   0x0800bf22   0x00000002   PAD
    0x0800bf24   0x0800bf24   0x00000038   Code   RO         1327    .text.rt_timer_stop  timer.o
    0x0800bf5c   0x0800bf5c   0x00000826   Code   RO         1158    .text.rt_vsnprintf  kservice.o
    0x0800c782   0x0800c782   0x00000002   PAD
    0x0800c784   0x0800c784   0x00000004   Code   RO         1037    .text.rti_board_end  components.o
    0x0800c788   0x0800c788   0x00000004   Code   RO         1035    .text.rti_board_start  components.o
    0x0800c78c   0x0800c78c   0x00000004   Code   RO         1039    .text.rti_end       components.o
    0x0800c790   0x0800c790   0x00000004   Code   RO         1033    .text.rti_start     components.o
    0x0800c794   0x0800c794   0x00000038   Code   RO         1379    .text.uart_init     board.o
    0x0800c7cc   0x0800c7cc   0x0000029a   Code   RO         1507    .text.update_env_cache  ef_env.o
    0x0800ca66   0x0800ca66   0x00000002   PAD
    0x0800ca68   0x0800ca68   0x000000ee   Code   RO         1513    .text.update_sector_cache  ef_env.o
    0x0800cb56   0x0800cb56   0x00000002   PAD
    0x0800cb58   0x0800cb58   0x0000000a   Code   RO         1691    .text.version       cmd.o
    0x0800cb62   0x0800cb62   0x00000002   PAD
    0x0800cb64   0x0800cb64   0x000000e2   Code   RO         1402    .text.wavy_one      gn_controller.o
    0x0800cc46   0x0800cc46   0x00000002   PAD
    0x0800cc48   0x0800cc48   0x00000150   Code   RO         1404    .text.wavy_two      gn_controller.o
    0x0800cd98   0x0800cd98   0x0000003e   Code   RO         2180    CL$$btod_d2e        c_w.l(btod.o)
    0x0800cdd6   0x0800cdd6   0x00000046   Code   RO         2182    CL$$btod_d2e_denorm_low  c_w.l(btod.o)
    0x0800ce1c   0x0800ce1c   0x00000060   Code   RO         2181    CL$$btod_d2e_norm_op1  c_w.l(btod.o)
    0x0800ce7c   0x0800ce7c   0x00000338   Code   RO         2190    CL$$btod_div_common  c_w.l(btod.o)
    0x0800d1b4   0x0800d1b4   0x000000dc   Code   RO         2187    CL$$btod_e2e        c_w.l(btod.o)
    0x0800d290   0x0800d290   0x0000002a   Code   RO         2184    CL$$btod_ediv       c_w.l(btod.o)
    0x0800d2ba   0x0800d2ba   0x0000002a   Code   RO         2183    CL$$btod_emul       c_w.l(btod.o)
    0x0800d2e4   0x0800d2e4   0x00000244   Code   RO         2189    CL$$btod_mult_common  c_w.l(btod.o)
    0x0800d528   0x0800d528   0x00000030   Code   RO         2117    i.__ARM_fpclassify  m_wm.l(fpclassify.o)
    0x0800d558   0x0800d558   0x00000c60   Code   RO         1960    i.__hardfp_pow      m_wm.l(pow.o)
    0x0800e1b8   0x0800e1b8   0x000000f8   Code   RO         2119    i.__kernel_poly     m_wm.l(poly.o)
    0x0800e2b0   0x0800e2b0   0x00000030   Code   RO         2097    i.__mathlib_dbl_divzero  m_wm.l(dunder.o)
    0x0800e2e0   0x0800e2e0   0x00000014   Code   RO         2099    i.__mathlib_dbl_infnan2  m_wm.l(dunder.o)
    0x0800e2f4   0x0800e2f4   0x00000004   PAD
    0x0800e2f8   0x0800e2f8   0x00000020   Code   RO         2100    i.__mathlib_dbl_invalid  m_wm.l(dunder.o)
    0x0800e318   0x0800e318   0x00000020   Code   RO         2101    i.__mathlib_dbl_overflow  m_wm.l(dunder.o)
    0x0800e338   0x0800e338   0x00000020   Code   RO         2103    i.__mathlib_dbl_underflow  m_wm.l(dunder.o)
    0x0800e358   0x0800e358   0x00000018   Code   RO         2113    i.fabs              m_wm.l(fabs.o)
    0x0800e370   0x0800e370   0x0000006e   Code   RO         2124    i.sqrt              m_wm.l(sqrt.o)
    0x0800e3de   0x0800e3de   0x00000002   PAD
    0x0800e3e0   0x0800e3e0   0x0000002c   Code   RO         2205    locale$$code        c_w.l(lc_ctype_c.o)
    0x0800e40c   0x0800e40c   0x0000002c   Code   RO         2208    locale$$code        c_w.l(lc_numeric_c.o)
    0x0800e438   0x0800e438   0x00000018   Code   RO         2074    x$fpl$basic         fz_wm.l(basic.o)
    0x0800e450   0x0800e450   0x00000150   Code   RO         1930    x$fpl$dadd          fz_wm.l(daddsub_clz.o)
    0x0800e5a0   0x0800e5a0   0x00000010   Code   RO         2219    x$fpl$dcheck1       fz_wm.l(dcheck1.o)
    0x0800e5b0   0x0800e5b0   0x00000018   Code   RO         2221    x$fpl$dcmpinf       fz_wm.l(dcmpi.o)
    0x0800e5c8   0x0800e5c8   0x000002b4   Code   RO         2077    x$fpl$ddiv          fz_wm.l(ddiv.o)
    0x0800e87c   0x0800e87c   0x0000005e   Code   RO         1938    x$fpl$dfix          fz_wm.l(dfix.o)
    0x0800e8da   0x0800e8da   0x0000002e   Code   RO         1943    x$fpl$dflt          fz_wm.l(dflt_clz.o)
    0x0800e908   0x0800e908   0x00000078   Code   RO         2084    x$fpl$dleqf         fz_wm.l(dleqf.o)
    0x0800e980   0x0800e980   0x00000154   Code   RO         1948    x$fpl$dmul          fz_wm.l(dmul.o)
    0x0800ead4   0x0800ead4   0x0000009c   Code   RO         2086    x$fpl$dnaninf       fz_wm.l(dnaninf.o)
    0x0800eb70   0x0800eb70   0x0000000c   Code   RO         2088    x$fpl$dretinf       fz_wm.l(dretinf.o)
    0x0800eb7c   0x0800eb7c   0x0000006c   Code   RO         2090    x$fpl$drleqf        fz_wm.l(drleqf.o)
    0x0800ebe8   0x0800ebe8   0x00000016   Code   RO         1931    x$fpl$drsb          fz_wm.l(daddsub_clz.o)
    0x0800ebfe   0x0800ebfe   0x00000002   PAD
    0x0800ec00   0x0800ec00   0x00000198   Code   RO         2223    x$fpl$dsqrt         fz_wm.l(dsqrt_umaal.o)
    0x0800ed98   0x0800ed98   0x000001dc   Code   RO         1932    x$fpl$dsub          fz_wm.l(daddsub_clz.o)
    0x0800ef74   0x0800ef74   0x0000001a   Code   RO         2225    x$fpl$fpinit        fz_wm.l(fpinit.o)
    0x0800ef8e   0x0800ef8e   0x00000004   Code   RO         1952    x$fpl$printf1       fz_wm.l(printf1.o)
    0x0800ef92   0x0800ef92   0x00000064   Code   RO         2262    x$fpl$retnan        fz_wm.l(retnan.o)
    0x0800eff6   0x0800eff6   0x0000005c   Code   RO         2094    x$fpl$scalbn        fz_wm.l(scalbn.o)
    0x0800f052   0x0800f052   0x00000030   Code   RO         2298    x$fpl$trapveneer    fz_wm.l(trapv.o)
    0x0800f082   0x0800f082   0x00000000   Code   RO         2096    x$fpl$usenofp       fz_wm.l(usenofp.o)
    0x0800f082   0x0800f082   0x00000028   Data   RO         1860    .constdata          c_w.l(_printf_hex_int.o)
    0x0800f0aa   0x0800f0aa   0x00000006   PAD
    0x0800f0b0   0x0800f0b0   0x00000088   Data   RO         1963    .constdata          m_wm.l(pow.o)
    0x0800f138   0x0800f138   0x00000008   Data   RO         2121    .constdata          m_wm.l(qnan.o)
    0x0800f140   0x0800f140   0x00000094   Data   RO         2178    .constdata          c_w.l(bigflt0.o)
    0x0800f1d4   0x0800f1d4   0x00000002   Data   RO         1556    .rodata..L.str.19   ef_port.o
    0x0800f1d6   0x0800f1d6   0x00000002   PAD
    0x0800f1d8   0x0800f1d8   0x00000014   Data   RO         1412    .rodata..L__const.all_body_breathing.body_indexes  gn_controller.o
    0x0800f1ec   0x0800f1ec   0x00000010   Data   RO         1000    .rodata.AHBPrescTable  system_stm32f4xx.o
    0x0800f1fc   0x0800f1fc   0x00000008   Data   RO         1001    .rodata.APBPrescTable  system_stm32f4xx.o
    0x0800f204   0x0800f204   0x00000100   Data   RO         1181    .rodata.__lowest_bit_bitmap  kservice.o
    0x0800f304   0x0800f304   0x00000400   Data   RO         1567    .rodata.crc32_table  ef_utils.o
    0x0800f704   0x0800f704   0x00000008   Data   RO          333    .rodata.cst8        stm32f4xx_hal_dma.o
    0x0800f70c   0x0800f70c   0x00000090   Data   RO         1554    .rodata.default_env_set  ef_port.o
    0x0800f79c   0x0800f79c   0x00000027   Data   RO         1204    .rodata.name        mem.o
    0x0800f7c3   0x0800f7c3   0x00000157   Data   RO         1701    .rodata.name        cmd.o
    0x0800f91a   0x0800f91a   0x00000076   Data   RO         1735    .rodata.name        msh.o
    0x0800f990   0x0800f990   0x00000060   Data   RO           34    .rodata.str1.1      main.o
    0x0800f9f0   0x0800f9f0   0x00000005   Data   RO         1057    .rodata.str1.1      components.o
    0x0800f9f5   0x0800f9f5   0x00000007   Data   RO         1179    .rodata.str1.1      kservice.o
    0x0800f9fc   0x0800f9fc   0x000001bb   Data   RO         1359    .rodata.str1.1      cpuport.o
    0x0800fbb7   0x0800fbb7   0x00000065   Data   RO         1441    .rodata.str1.1      rgb.o
    0x0800fc1c   0x0800fc1c   0x0000006c   Data   RO         1455    .rodata.str1.1      easyflash.o
    0x0800fc88   0x0800fc88   0x000001ba   Data   RO         1524    .rodata.str1.1      ef_env.o
    0x0800fe42   0x0800fe42   0x0000006d   Data   RO         1555    .rodata.str1.1      ef_port.o
    0x0800feaf   0x0800feaf   0x00000010   Data   RO         1668    .rodata.str1.1      cjson.o
    0x0800febf   0x0800febf   0x00000007   Data   RO         1680    .rodata.str1.1      jsonutil.o
    0x0800fec6   0x0800fec6   0x00000096   Data   RO         1705    .rodata.str1.1      cmd.o
    0x0800ff5c   0x0800ff5c   0x0000002e   Data   RO         1734    .rodata.str1.1      msh.o
    0x0800ff8a   0x0800ff8a   0x00000005   Data   RO         1768    .rodata.str1.1      shell.o
    0x0800ff8f   0x0800ff8f   0x00000001   PAD
    0x0800ff90   0x0800ff90   0x00000004   Data   RO         1053    .rti_fn.0           components.o
    0x0800ff94   0x0800ff94   0x00000004   Data   RO         1054    .rti_fn.0.end       components.o
    0x0800ff98   0x0800ff98   0x00000004   Data   RO         1386    .rti_fn.1           board.o
    0x0800ff9c   0x0800ff9c   0x00000004   Data   RO         1055    .rti_fn.1.end       components.o
    0x0800ffa0   0x0800ffa0   0x00000004   Data   RO         1769    .rti_fn.6           shell.o
    0x0800ffa4   0x0800ffa4   0x00000004   Data   RO         1056    .rti_fn.6.end       components.o
    0x0800ffa8   0x0800ffa8   0x0000000c   Data   RO         1205    FSymTab             mem.o
    0x0800ffb4   0x0800ffb4   0x0000000c   Data   RO         1702    FSymTab             cmd.o
    0x0800ffc0   0x0800ffc0   0x0000000c   Data   RO         1703    FSymTab             cmd.o
    0x0800ffcc   0x0800ffcc   0x0000000c   Data   RO         1704    FSymTab             cmd.o
    0x0800ffd8   0x0800ffd8   0x0000000c   Data   RO         1706    FSymTab             cmd.o
    0x0800ffe4   0x0800ffe4   0x0000000c   Data   RO         1707    FSymTab             cmd.o
    0x0800fff0   0x0800fff0   0x0000000c   Data   RO         1708    FSymTab             cmd.o
    0x0800fffc   0x0800fffc   0x0000000c   Data   RO         1709    FSymTab             cmd.o
    0x08010008   0x08010008   0x0000000c   Data   RO         1710    FSymTab             cmd.o
    0x08010014   0x08010014   0x0000000c   Data   RO         1711    FSymTab             cmd.o
    0x08010020   0x08010020   0x0000000c   Data   RO         1712    FSymTab             cmd.o
    0x0801002c   0x0801002c   0x0000000c   Data   RO         1736    FSymTab             msh.o
    0x08010038   0x08010038   0x0000000c   Data   RO         1737    FSymTab             msh.o
    0x08010044   0x08010044   0x0000000c   Data   RO         1738    FSymTab             msh.o
    0x08010050   0x08010050   0x00000020   Data   RO         2331    Region$$Table       anon$$obj.o
    0x08010070   0x08010070   0x00000110   Data   RO         2204    locale$$data        c_w.l(lc_ctype_c.o)
    0x08010180   0x08010180   0x0000001c   Data   RO         2207    locale$$data        c_w.l(lc_numeric_c.o)


    Execution Region RW_IRAM1 (Exec base: 0x20000000, Load base: 0x080101a0, Size: 0x000073b8, Max: 0x00010000, ABSOLUTE)

    Exec Addr    Load Addr    Size         Type   Attr      Idx    E Section Name        Object

    0x20000000   0x080101a0   0x00000008   Data   RW          519    .data..L_MergedGlobals  stm32f4xx_hal.o
    0x20000008   0x080101a8   0x00000008   Data   RW         1669    .data..L_MergedGlobals  cjson.o
    0x20000010   0x080101b0   0x00000004   Data   RW          999    .data.SystemCoreClock  system_stm32f4xx.o
    0x20000014   0x080101b4   0x00000004   Data   RW           31    .data.mode_id       main.o
    0x20000018   0x080101b8   0x0000001c   Data   RW         1411    .data.rainbow_colors  gn_controller.o
    0x20000034   0x080101d4   0x00000030   Data   RW         1239    .data.rt_object_container  object.o
    0x20000064   0x08010204   0x00000004   PAD
    0x20000068        -       0x00000060   Zero   RW         2133    .bss                c_w.l(libspace.o)
    0x200000c8        -       0x0000002c   Zero   RW           39    .bss..L_MergedGlobals  main.o
    0x200000f4        -       0x00000038   Zero   RW         1206    .bss..L_MergedGlobals  mem.o
    0x2000012c        -       0x00000014   Zero   RW         1265    .bss..L_MergedGlobals  scheduler.o
    0x20000140        -       0x0000000c   Zero   RW         1339    .bss..L_MergedGlobals  timer.o
    0x2000014c        -       0x00000008   Zero   RW         1443    .bss..L_MergedGlobals  rgb.o
    0x20000154        -       0x00000048   Zero   RW         1527    .bss..L_MergedGlobals  ef_env.o
    0x2000019c        -       0x00000018   Zero   RW         1770    .bss..L_MergedGlobals  shell.o
    0x200001b4        -       0x00000048   Zero   RW         1387    .bss.UartHandle     board.o
    0x200001fc        -       0x00000004   Zero   RW           33    .bss.command_able   main.o
    0x20000200        -       0x00000001   Zero   RW         1454    .bss.easyflash_init.init_ok  easyflash.o
    0x20000201   0x08010204   0x00000003   PAD
    0x20000204        -       0x00000080   Zero   RW         1523    .bss.env_cache_table  ef_env.o
    0x20000284        -       0x00000004   Zero   RW         1667    .bss.ep             cjson.o
    0x20000288        -       0x00000081   Zero   RW         1767    .bss.finsh_get_prompt.finsh_prompt  shell.o
    0x20000309   0x08010204   0x00000003   PAD
    0x2000030c        -       0x00000060   Zero   RW           74    .bss.hdma_tim1_ch1  tim.o
    0x2000036c        -       0x00000060   Zero   RW           75    .bss.hdma_tim1_ch2  tim.o
    0x200003cc        -       0x00000060   Zero   RW           76    .bss.hdma_tim1_ch3  tim.o
    0x2000042c        -       0x00000048   Zero   RW           73    .bss.htim1          tim.o
    0x20000474        -       0x00000048   Zero   RW          144    .bss.htim3          stm32f4xx_hal_timebase_tim.o
    0x200004bc        -       0x00000048   Zero   RW           93    .bss.huart2         usart.o
    0x20000504        -       0x00000048   Zero   RW           94    .bss.huart6         usart.o
    0x2000054c        -       0x00000078   Zero   RW         1075    .bss.idle           idle.o
    0x200005c4        -       0x00000020   Zero   RW          233    .bss.pFlash         stm32f4xx_hal_flash.o
    0x200005e4        -       0x00000004   Zero   RW         1358    .bss.rt_exception_hook  cpuport.o
    0x200005e8        -       0x00003c00   Zero   RW         1385    .bss.rt_heap        board.o
    0x200041e8        -       0x00000004   Zero   RW         1360    .bss.rt_interrupt_from_thread  cpuport.o
    0x200041ec        -       0x00000001   Zero   RW         1115    .bss.rt_interrupt_nest  irq.o
    0x200041ed   0x08010204   0x00000003   PAD
    0x200041f0        -       0x00000004   Zero   RW         1361    .bss.rt_interrupt_to_thread  cpuport.o
    0x200041f4        -       0x00000080   Zero   RW         1180    .bss.rt_kprintf.rt_log_buf  kservice.o
    0x20004274        -       0x00000100   Zero   RW         1264    .bss.rt_thread_priority_table  scheduler.o
    0x20004374        -       0x00000100   Zero   RW         1076    .bss.rt_thread_stack  idle.o
    0x20004474        -       0x00000004   Zero   RW         1362    .bss.rt_thread_switch_interrupt_flag  cpuport.o
    0x20004478        -       0x00000004   Zero   RW         1024    .bss.rt_tick        clock.o
    0x2000447c        -       0x00000038   Zero   RW         1526    .bss.set_env.env    ef_env.o
    0x200044b4        -       0x00002800   Zero   RW         1442    .bss.static_RGB_buffer  rgb.o
    0x20006cb4        -       0x000000fa   Zero   RW           35    .bss.usart3_rx_buffer  main.o
    0x20006dae   0x08010204   0x00000002   PAD
    0x20006db0        -       0x00000004   Zero   RW          518    .bss.uwTick         stm32f4xx_hal.o
    0x20006db4   0x08010204   0x00000004   PAD
    0x20006db8        -       0x00000200   Zero   RW            2    HEAP                startup_stm32f401xc.o
    0x20006fb8        -       0x00000400   Zero   RW            1    STACK               startup_stm32f401xc.o


==============================================================================

Image component sizes


      Code (inc. data)   RO Data    RW Data    ZI Data      Debug   Object Name

       294          0          4          0      15432       5027   board.o
      3826         70         16          8          4      53603   cjson.o
       116          0          0          0          4       2731   clock.o
      2750        420        613          0          0      13380   cmd.o
       194          0         21          0          0       3681   components.o
       308         28          0          0          0        900   context_rvds.o
      1162        168        443          0         16       3661   cpuport.o
        88          0          0          0          0       3027   dma.o
       136         48        108          0          1       1318   easyflash.o
      9390        684        442          0        256      46988   ef_env.o
       362          0        255          0          0       4432   ef_port.o
       194          0       1024          0          0       1408   ef_utils.o
      1150         56         20         28          0       7374   gn_controller.o
       102          0          0          0          0       2043   gpio.o
       142          8          0          0        376       3416   idle.o
       366          0          0          0          0       7072   ipc.o
        56          0          0          0          1       1206   irq.o
       356         28          7          0          0       2170   jsonutil.o
      4338        424        263          0        128      26877   kservice.o
      1322        286         96          4        298      11153   main.o
      1066        216         51          0         56       5991   mem.o
      1600         64        200          0          0       7185   msh.o
       368          0          0         48          0       7689   object.o
      1894        136        101          0      10248      12728   rgb.o
       806          0          0          0        276       6158   scheduler.o
      1364        218          9          0        153       6505   shell.o
        64         26        404          0       1536        852   startup_stm32f401xc.o
        92          0          0          8          4       6869   stm32f4xx_hal.o
       194          0          0          0          0      10290   stm32f4xx_hal_cortex.o
      1142          6          8          0          0      10551   stm32f4xx_hal_dma.o
       632          0          0          0         32       5629   stm32f4xx_hal_flash.o
       394          0          0          0          0       7126   stm32f4xx_hal_flash_ex.o
       442          0          0          0          0       5350   stm32f4xx_hal_gpio.o
        56          0          0          0          0       1527   stm32f4xx_hal_msp.o
      1498          0          0          0          0       7479   stm32f4xx_hal_rcc.o
      2524         18          0          0          0      54440   stm32f4xx_hal_tim.o
       224          0          0          0          0      21032   stm32f4xx_hal_tim_ex.o
       188          0          0          0         72       6814   stm32f4xx_hal_timebase_tim.o
      2416          0          0          0          0      32129   stm32f4xx_hal_uart.o
        70          0          0          0          0       5704   stm32f4xx_it.o
       142          0         24          4          0       2703   system_stm32f4xx.o
       954          0          0          0          0      10410   thread.o
       586          0          0          0        360       6959   tim.o
       822          8          0          0         12       9024   timer.o
       350          0          0          0        144       6824   usart.o

    ----------------------------------------------------------------------
     46740       2912       4144        100      29428     459435   Object Totals
         0          0         32          0          0          0   (incl. Generated)
       200          0          3          0         19          0   (incl. Padding)

    ----------------------------------------------------------------------

      Code (inc. data)   RO Data    RW Data    ZI Data      Debug   Library Member Name

        60          8          0          0          0         84   __0sscanf.o
         8          0          0          0          0         68   __main.o
         0          0          0          0          0          0   __rtentry.o
        12          0          0          0          0          0   __rtentry2.o
         6          0          0          0          0          0   __rtentry4.o
        52          8          0          0          0          0   __scatter.o
        26          0          0          0          0          0   __scatter_copy.o
        28          0          0          0          0          0   __scatter_zi.o
        28          0          0          0          0         68   _chval.o
         6          0          0          0          0          0   _printf_d.o
       120         16          0          0          0         92   _printf_dec.o
         6          0          0          0          0          0   _printf_e.o
         6          0          0          0          0          0   _printf_f.o
      1052          0          0          0          0        148   _printf_fp_dec.o
       128         16          0          0          0         84   _printf_fp_infnan.o
        88          4         40          0          0         88   _printf_hex_int.o
       178          0          0          0          0         88   _printf_intcommon.o
        78          0          0          0          0        108   _printf_pad.o
         0          0          0          0          0          0   _printf_percent.o
         4          0          0          0          0          0   _printf_percent_end.o
         6          0          0          0          0          0   _printf_x.o
        22          0          0          0          0        100   _rserrno.o
       884          6          0          0          0        100   _scanf.o
       224          0          0          0          0         96   _scanf_str.o
        64          0          0          0          0         84   _sgetc.o
       158          0          0          0          0         92   _strtoul.o
        16          0          0          0          0         68   aeabi_memset.o
       228          4        148          0          0         96   bigflt0.o
      1936        128          0          0          0        668   btod.o
        10          0          0          0          0         68   defsig_exit.o
        50          0          0          0          0         88   defsig_general.o
        80         58          0          0          0         76   defsig_rtmem_inner.o
        14          0          0          0          0         80   defsig_rtmem_outer.o
        18          0          0          0          0         80   exit.o
        94          0          0          0          0         80   h1_alloc.o
        52          0          0          0          0         68   h1_extend.o
        78          0          0          0          0         80   h1_free.o
        14          0          0          0          0         84   h1_init.o
         6          0          0          0          0        152   heapauxi.o
         4          0          0          0          0        136   hguard.o
         0          0          0          0          0          0   indicate_semi.o
       138          0          0          0          0        168   init_alloc.o
        18          0          0          0          0         76   isspace.o
        44         10        272          0          0         76   lc_ctype_c.o
        44         10         28          0          0         76   lc_numeric_c.o
         2          0          0          0          0          0   libinit.o
        42          0          0          0          0          0   libinit2.o
         2          0          0          0          0          0   libshutdown.o
         2          0          0          0          0          0   libshutdown2.o
         8          4          0          0         96         68   libspace.o
       138          0          0          0          0         80   lludiv10.o
       240          0          0          0          0        100   lludivv7m.o
         0          0          0          0          0          0   maybetermalloc1.o
        16          4          0          0          0         76   rt_ctype_table.o
         8          4          0          0          0         68   rt_errno_addr_intlibspace.o
         8          4          0          0          0         68   rt_heap_descriptor_intlibspace.o
         8          4          0          0          0         68   rt_locale_intlibspace.o
        68          0          0          0          0         68   rt_memclr.o
        78          0          0          0          0         80   rt_memclr_w.o
         2          0          0          0          0          0   rtexit.o
        10          0          0          0          0          0   rtexit2.o
        44          8          0          0          0         84   scanf_char.o
       124          0          0          0          0         88   strcmpv7em.o
        72          0          0          0          0         80   strcpy.o
        62          0          0          0          0         76   strlen.o
       150          0          0          0          0         80   strncmp.o
        86          0          0          0          0         76   strncpy.o
       112          0          0          0          0         88   strtol.o
        12          4          0          0          0         68   sys_exit.o
        74          0          0          0          0         80   sys_stackheap_outer.o
        14          0          0          0          0         76   sys_wrch.o
        26          0          0          0          0         76   tolower.o
         2          0          0          0          0         68   use_no_semi.o
        24          0          0          0          0        164   basic.o
       834         16          0          0          0        516   daddsub_clz.o
        16          4          0          0          0        116   dcheck1.o
        24          0          0          0          0        116   dcmpi.o
       692        140          0          0          0        264   ddiv.o
        94          4          0          0          0        140   dfix.o
        46          0          0          0          0        116   dflt_clz.o
       120          4          0          0          0        140   dleqf.o
       340         12          0          0          0        152   dmul.o
       156          4          0          0          0        140   dnaninf.o
        12          0          0          0          0        116   dretinf.o
       108          0          0          0          0        128   drleqf.o
       408         56          0          0          0        168   dsqrt_umaal.o
        26          0          0          0          0        116   fpinit.o
         4          0          0          0          0        116   printf1.o
       100          0          0          0          0        116   retnan.o
        92          0          0          0          0        116   scalbn.o
        48          0          0          0          0        116   trapv.o
         0          0          0          0          0          0   usenofp.o
       164         44          0          0          0        620   dunder.o
        24          0          0          0          0        124   fabs.o
        48          0          0          0          0        124   fpclassify.o
       248          0          0          0          0        152   poly.o
      3168        296        136          0          0        352   pow.o
         0          0          8          0          0          0   qnan.o
       110          0          0          0          0        148   sqrt.o

    ----------------------------------------------------------------------
     14426        884        638          0         96       9512   Library Totals
        22          4          6          0          0          0   (incl. Padding)

    ----------------------------------------------------------------------

      Code (inc. data)   RO Data    RW Data    ZI Data      Debug   Library Name

      7498        300        488          0         96       5136   c_w.l
      3144        240          0          0          0       2856   fz_wm.l
      3762        340        144          0          0       1520   m_wm.l

    ----------------------------------------------------------------------
     14426        884        638          0         96       9512   Library Totals

    ----------------------------------------------------------------------

==============================================================================


      Code (inc. data)   RO Data    RW Data    ZI Data      Debug   

     61166       3796       4782        100      29524     462243   Grand Totals
     61166       3796       4782        100      29524     462243   ELF Image Totals
     61166       3796       4782        100          0          0   ROM Totals

==============================================================================

    Total RO  Size (Code + RO Data)                65948 (  64.40kB)
    Total RW  Size (RW Data + ZI Data)             29624 (  28.93kB)
    Total ROM Size (Code + RO Data + RW Data)      66048 (  64.50kB)

==============================================================================

