<html>
<body>
<pre>
<h1>µVision Build Log</h1>
<h2>Tool Versions:</h2>
IDE-Version: ¦ÌVision V5.37.0.0
Copyright (C) 2022 ARM Ltd and ARM Germany GmbH. All rights reserved.
License Information: 123123 1436582605@qq.com, 23, LIC=X96CK-Z7IUK-KPZZY-IRSDW-66JJA-MEQDX
 
Tool Versions:
Toolchain:       MDK-ARM Plus  Version: 5.37.0.0
Toolchain Path:  D:\software\Keil_v5\ARM\ARMCLANG\Bin
C Compiler:      ArmClang.exe V6.18
Assembler:       Armasm.exe V6.18
Linker/Locator:  ArmLink.exe V6.18
Library Manager: ArmAr.exe V6.18
Hex Converter:   FromElf.exe V6.18
CPU DLL:         SARMCM3.DLL V5.37.0.0
Dialog DLL:      DCM.DLL V1.17.5.0
Target DLL:      STLink\ST-LINKIII-KEIL_SWO.dll V3.0.9.0
Dialog DLL:      TCM.DLL V1.56.1.0
 
<h2>Project:</h2>
d:\selfcode\AMZ_EXIA\KEIL CODE\F401\GN_TERMINAL_PLUS\MDK-ARM\GN_TERMINAL_PLUS.uvprojx
Project File Date:  09/12/2024

<h2>Output:</h2>
*** Using Compiler 'V6.18', folder: 'D:\software\Keil_v5\ARM\ARMCLANG\Bin'
Rebuild target 'GN_TERMINAL_PLUS'
compiling gpio.c...
assembling startup_stm32f401xc.s...
compiling stm32f4xx_hal_msp.c...
compiling dma.c...
compiling usart.c...
compiling stm32f4xx_hal_flash_ramfunc.c...
compiling main.c...
compiling stm32f4xx_it.c...
compiling stm32f4xx_hal_gpio.c...
compiling stm32f4xx_hal_flash_ex.c...
compiling tim.c...
compiling stm32f4xx_hal_timebase_tim.c...
compiling stm32f4xx_hal_rcc.c...
compiling stm32f4xx_hal_rcc_ex.c...
compiling stm32f4xx_hal_flash.c...
compiling stm32f4xx_hal_pwr.c...
compiling stm32f4xx_hal_dma_ex.c...
compiling stm32f4xx_hal_pwr_ex.c...
compiling cpu.c...
compiling stm32f4xx_hal_dma.c...
compiling clock.c...
compiling system_stm32f4xx.c...
compiling stm32f4xx_hal.c...
compiling components.c...
compiling stm32f4xx_hal_exti.c...
compiling stm32f4xx_hal_cortex.c...
assembling context_rvds.S...
compiling stm32f4xx_hal_tim_ex.c...
compiling irq.c...
compiling idle.c...
compiling ipc.c...
compiling memheap.c...
compiling mempool.c...
compiling slab.c...
compiling mem.c...
compiling object.c...
compiling thread.c...
compiling timer.c...
compiling stm32f4xx_hal_uart.c...
compiling scheduler.c...
compiling cpuport.c...
compiling board.c...
compiling easyflash.c...
compiling gn_controller.c...
compiling kservice.c...
compiling ef_utils.c...
compiling stm32f4xx_hal_tim.c...
compiling jsonUtil.c...
compiling ef_port.c...
compiling finsh_port.c...
compiling RGB.c...
compiling cmd.c...
compiling msh.c...
compiling shell.c...
compiling ef_env.c...
compiling cJSON.c...
linking...
Program Size: Code=45120 RO-data=4808 RW-data=92 ZI-data=29260  
FromELF: creating hex file...
"GN_TERMINAL_PLUS\GN_TERMINAL_PLUS.axf" - 0 Error(s), 0 Warning(s).

<h2>Software Packages used:</h2>

Package Vendor: ARM
                http://www.keil.com/pack/ARM.CMSIS.5.9.0.pack
                ARM.CMSIS.5.9.0
                CMSIS (Common Microcontroller Software Interface Standard)
   * Component: CORE Version: 5.6.0

Package Vendor: Keil
                https://www.keil.com/pack/Keil.STM32F4xx_DFP.2.17.1.pack
                Keil.STM32F4xx_DFP.2.17.1
                STMicroelectronics STM32F4 Series Device Support, Drivers and Examples

<h2>Collection of Component include folders:</h2>
  ./RTE/_GN_TERMINAL_PLUS
  D:/software/Keil_v5/Packs/ARM/CMSIS/5.9.0/CMSIS/Core/Include
  D:/software/Keil_v5/Packs/Keil/STM32F4xx_DFP/2.17.1/Drivers/CMSIS/Device/ST/STM32F4xx/Include

<h2>Collection of Component Files used:</h2>

   * Component: ARM::CMSIS:CORE:5.6.0
      Include file:  CMSIS/Core/Include/tz_context.h
Build Time Elapsed:  00:00:04
</pre>
</body>
</html>
